vless://2a269c03-fd20-46e2-8464-60b10a244801@104.20.2.1:80?path=%2Fdl%2Findex.php&security=none&encryption=none&host=RFDJCK.%D8%B3%DB%8C%D8%B3%DB%8C.wOrLd&type=ws#üåê Updated on Mar-17-18:00 | update every 12 hours
vless://--DIGiV2RAY---@154.197.75.92:80?path=%2FDigiv2ray-&security=none&encryption=none&host=digi--v2raycncfs.RadioTeHran.oRG.&type=ws#üåêelectron-v2ray Mar-17-18:00-1
vless://b9ad895b-12ac-40fc-a5ac-a5b2a1285001@172.64.89.170:443?path=%2F%3Fed%3D2048&security=tls&encryption=none&host=3k.pureboy.eu.org&type=ws&sni=3k.pureboy.eu.org#üåêelectron-v2ray Mar-17-18:00-2
eyJhZGQiOiIxMDQuMjYuMTAuNTYiLCJhaWQiOiIwIiwiYWxwbiI6IiIsImZwIjoiIiwiaG9zdCI6Imtsb3Au56iL5byP6Kit6KiI6Kqe6KiALndlYnNpdGUuIiwiaWQiOiIzZmFiM2ZlMi03YmMzLTRiMjktYmU5Ni0yZGNjNzlkNTQ4YWQiLCJuZXQiOiJ3cyIsInBhdGgiOiIvP0B2MnJheV9ldmVyeV8xMl9ob3Vyc2VkXHUwMDNkMjA0OCIsInBvcnQiOiIyMDk1IiwicHMiOiLinIXYs9ix2YjYsdmH2KfbjNio24zYtNiq2LHYr9ix2qnYp9mG2KfZhDpwcnJvZmlsZV9wdXJwbGVA4pyFIiwic2N5IjoiYXV0byIsInNuaSI6IiIsInRscyI6IiIsInR5cGUiOiIiLCJ2IjoiMiJ9ü§™vless://29f8ad12-ea84-431b-bf32-9d3fb5cf2aa2@188.114.99.243:443?path=Path%2FTelegram%40V2ray_alpha%2F%3Fed%3D2048&security=tls&encryption=none&host=w1.sylar8.eu.org&type=ws&sni=w1.sylar8.eu.org#üåêelectron-v2ray Mar-17-18:00-3
b9ad895b-12ac-40fc-a5ac-a5b2a1285001@172.64.89.170:443?path=%2F%3Fed%3D2048&security=tls&encryption=none&host=3k.pureboy.eu.org&type=ws&sni=3k.pureboy.eu.org#üåêelectron-v2ray Mar-17-18:00-4
ss://Y2hhY2hhMjAtaWV0Zi1wb2x5MTMwNTpCb2cwRUxtTU05RFN4RGRR@series-a2-me.samanehha.co:443#üåêelectron-v2ray Mar-17-18:00-5
eyJhZGQiOiIxMDQuMjEuNC42IiwiYWlkIjoiMCIsImFscG4iOiIiLCJmcCI6IiIsImhvc3QiOiJnbHdlaWRmLmNmZCIsImlkIjoiMTA1MmYyNGUtN2IwOS00NWViLWIwYzUtZDg1OGViMTI0MTkyIiwibmV0Ijoid3MiLCJwYXRoIjoiL2xpbmt3cyIsInBvcnQiOiI0NDMiLCJwcyI6IuKchdiz2LHZiNix2YfYp9uM2KjbjNi02KrYsdiv2LHaqdin2YbYp9mEOnBycm9maWxlX3B1cnBsZUDinIUiLCJzY3kiOiJhdXRvIiwic25pIjoiZ2x3ZWlkZi5jZmQiLCJ0bHMiOiJ0bHMiLCJ0eXBlIjoiIiwidiI6IjIifQ==‚ú®vless://23c3c429-3cc4-480b-a444-35010f06e72e@104.18.13.130:443?mode=gun&security=tls&encryption=none&fp=chrome&type=grpc&serviceName=&sni=fan.snapfooding.com#üåêelectron-v2ray Mar-17-18:00-6
Parsashonam-28@www.speedtest.net:8080?path=%2F&security=none&encryption=none&host=Parsashonam.%E6%88%91%E4%BB%AC%E7%B4%AF%E4%BA%86.tech.&type=ws#üåêelectron-v2ray Mar-17-18:00-7
5d8569a9-a8cb-4c5e-9ea9-cc40de873a35@injaro.outline-vpn.cloud:443?path=%2F%3Fed&security=tls&encryption=none&host=FIltEr-1tg.pagEs.DeV&type=ws&sni=filTer-1tg.pAges.DeV#üåêelectron-v2ray Mar-17-18:00-8
vless://e4cb2d9f-61ef-4738-a3f2-a8889cdf91e6@discord.gg:80?path=%2F&security=none&encryption=none&host=shhproxy-free.xn--85-pv2cl2k5x3fipr.org.&type=ws#üåêelectron-v2ray Mar-17-18:00-9
Join-üëâüëâ-VPNCUSTOMIZE@www.speedtest.net:80?path=%2F&security=none&encryption=none&host=TMCUSTOMIZE.xn--79-pv2cvta065cac9302fea377a148g.tech.&type=ws#üåêelectron-v2ray Mar-17-18:00-10
ar-vless://SQYF0qYSbeYmV9CPXn9iyPxjNCitaIBoR5kyJyFrbaWAmKlsb+L2rtrIEN84XteVbVxuT5Qe/fbnlYBWKzJxPFZTMoGW8G082VfdTK/Zz0nVQqoSnS5jMhwumZYaqCoqFMKqcLR7BND0m6RzZ7uf6nj+kolgKoIigVrpnH9DT4zWjWDRoJkek96ZibxNqrflCx1SM4hw9QBJAwrAdwBdgnjPCAh+FuTTHoFuNfdnuqLTdhCk/oR3jS1K1ZXxXywenjyWBhe/YhgBkLOQF/8i/uJXAjT4LyR/WFMMy9+Yi4g8vUxES/SMXuWFmgnU1YDvog/tKG+alOWdCQcIo6f0+fT7dKKfQtFKdrBbVhiZ9gDyL3owvI5WT1aRE0YY701TLlslt/m0bePLNkAYcaWWbA==#üåêelectron-v2ray Mar-17-18:00-11
vmess://eyJhZGQiOiAiNjQuMjI2Ljg4LjAiLCAiYWlkIjogIjAiLCAiYWxwbiI6ICIiLCAiZnAiOiAiIiwgImhvc3QiOiAic3BlZWR0ZXN0Lm5ldCIsICJpZCI6ICJmYTI0YjI4Mi02Y2YwLTRmZjUtYmQ1OS00MmIzZDI2MzMyYzkiLCAibmV0IjogInRjcCIsICJwYXRoIjogIi8iLCAicG9ydCI6ICIyNzMyMiIsICJzY3kiOiAiYXV0byIsICJzbmkiOiAiIiwgInRscyI6ICIiLCAidHlwZSI6ICJodHRwIiwgInYiOiAiMiIsICJwcyI6ICJcdWQ4M2RcdWRjNDlcdWQ4M2NcdWRkOTQgQEZPUldBUkRWMlJBWSJ9#üåêelectron-v2ray Mar-17-18:00-12
vless://9c73d5c4-c555-4926-b2d0-96f1ba69b3cb@tb.vpn24.info:25677?encryption=none&security=none&type=tcp&headerType=http&host=telewebion.com#üåêelectron-v2ray Mar-17-18:00-13
vless://---DIGiV2RAY----@www.speedtest.net:80?path=%2FDigiv2ray-&security=none&encryption=none&host=%C3%A6d%C3%ADg%C3%AD.RadioTeHran.oRG.&type=ws#üåêelectron-v2ray Mar-17-18:00-14
vless://--MsV2ray--MsV2ray--@All.MsV2ray.online:2095?path=%2F%40MsV2ray%2C%40MsV2ray%2C%40MsV2ray%2C%40MsV2ray%3Fed%3D2048&security=none&encryption=none&host=q.q.%E7%A7%91%E6%96%AF%E6%B6%85%E9%81%8E%E6%BF%BE%E5%99%A8.website&type=ws#üåêelectron-v2ray Mar-17-18:00-15
trojan://telegram-id-privatevpns@34.252.21.244:22222?security=tls&alpn=http/1.1&headerType=none&type=tcp&sni=trojan.burgerip.co.uk#üåêelectron-v2ray Mar-17-18:00-16
vless://d342d11e-d424-4583-b36e-524ab1f0afa4@104.21.43.16:443?path=path%2FTELEGRAM...+FreakConfig%3Fed%3D2048&security=tls&encryption=none&host=baipiao406.stunning-bassoon.pages.dev&type=ws&sni=baipiao406.stunning-bassoon.pages.dev#üåêelectron-v2ray Mar-17-18:00-17
ar-vless://vTokPAxavaFCEw/rJHG0kEbXZSobeIDeCewUkwmP81TiQYhGTKRkvHwuAMS7wsg10hvyhaLG99sykBXbL1D7EgBM/ycIXANefM78Fykz1CYAwLwXiNrcAAUIJ313/wKCnC6fTv71tfk7mjZVmmsKYQN9AyO48wDK0ulxUGP75O4hCe5/2mHyuiqqvC7KJy8OpHGcFufNe/PaZxgUANTr3eaTlHTX3no/bwoT7oDkhNwlxqgwZcIidbX9TjAWeikWVlr41f6ztHRVR90BmudtYI8yqrhaAZFeld6PV7/bG44=#üåêelectron-v2ray Mar-17-18:00-18
vmess://eyJhZGQiOiIyMy4yMjcuMzguMTM1IiwiYWlkIjoiMCIsImhvc3QiOiJoYW1yYWguZnVuIiwiaWQiOiI0OWRkM2RmYi1lZGEwLTRkZGUtZDYzNi0zNWI4NDZhNzFhNWMiLCJuZXQiOiJ3cyIsInBhdGgiOiIvIiwicG9ydCI6IjIwODYiLCJwcyI6InZpcCIsInNjeSI6ImF1dG8iLCJzbmkiOiIiLCJ0bHMiOiIiLCJ0eXBlIjoiIiwidiI6IjIifQ==#üåêelectron-v2ray Mar-17-18:00-19
vless://0dd1347e-e342-456c-b802-779b859cca42@104.31.16.32:443?path=%2Fmhdshws&security=tls&encryption=none&host=loolu.tech&type=ws&sni=loolu.tech#üåêelectron-v2ray Mar-17-18:00-20
vless://02791b14-ad89-4c83-a421-1031d184730c@zula.ir:2096?mode=gun&security=tls&encryption=none&alpn=h2,http/1.1&type=grpc&serviceName=&sni=arxx.amshvip.ir#üåêelectron-v2ray Mar-17-18:00-21
vless://--MsV2ray---MsV2ray--@All.MsV2ray.online:2095?path=%2F%40MsV2ray%2C%40MsV2ray%2C%40MsV2ray%2C%40MsV2ray%3Fed%3D2048&security=none&encryption=none&host=q.q.%E7%A7%91%E6%96%AF%E6%B6%85%E9%81%8E%E6%BF%BE%E5%99%A8.website&type=ws#üåêelectron-v2ray Mar-17-18:00-22
vless://5d0245cd-8412-4a32-b52c-ef810651e657@190.93.247.155:443?mode=gun&security=tls&encryption=none&alpn=h2,http/1.1&fp=chrome&type=grpc&serviceName=@Digiv2ray,@Digiv2ray,@Digiv2ray,@Digiv2ray,&sni=digi--v2raycncfs.RadioTeHran.oRG#üåêelectron-v2ray Mar-17-18:00-23
vless://887fd83d-0d99-41da-ab9f-773dd69e7c2d@185.146.173.59:8880?path=/@LIGHTNING6, @LIGHTNING6&security=none&encryption=none&host=xn---qhantayawi--c-9wl9bqtr75a955a5b97asba44yjwac23607hkhja.lightning6.xyz.&type=ws#üåêelectron-v2ray Mar-17-18:00-24
vless://Parsashonam-28@www.speedtest.net:8080?path=%2F&security=none&encryption=none&host=Parsashonam.%E6%88%91%E4%BB%AC%E7%B4%AF%E4%BA%86.tech.&type=ws#üåêelectron-v2ray Mar-17-18:00-25
vless://7646b393-88e0-4441-b832-a527ef8d927b@own.vpn24.info:3389?encryption=none&security=none&type=tcp&headerType=http&host=telewebion.com#üåêelectron-v2ray Mar-17-18:00-26
vless://DIGiV2RAY@www.speedtest.net:80?path=%2FDigiv2ray-&security=none&encryption=none&host=%C3%A6d%C3%ADg%C3%AD.RadioTeHran.oRG.&type=ws#üåêelectron-v2ray Mar-17-18:00-27
vless://6e34f2c5-6c71-4010-c292-10d05ef4a9a2@188.114.97.143:443?path=%2F%3Fed%3D2048&security=tls&encryption=none&host=current.ircp.online&type=ws&sni=current.ircp.online#üåêelectron-v2ray Mar-17-18:00-28
vless://5d0245cd-8412-4a32-b52c-ef810651e652@190.93.247.155:443?mode=gun&security=tls&encryption=none&alpn=h2,http/1.1&fp=chrome&type=grpc&serviceName=@Digiv2ray,@Digiv2ray,@Digiv2ray,@Digiv2ray,&sni=digi--v2raycncfs.RadioTeHran.oRG#üåêelectron-v2ray Mar-17-18:00-29
vless://788c24fa-af91-4b0d-a589-48381b07101a@168.119.107.162:35448/?type=tcp&security=none#üåêelectron-v2ray Mar-17-18:00-30
vmess://eyJhZGQiOiAiMTA0LjIwLjIzMS4yMSIsICJhaWQiOiAiMCIsICJhbHBuIjogIiIsICJmcCI6ICJjaHJvbWUiLCAiaG9zdCI6ICJ2cG5zdXBwb3J0ZmFzdC52cG5zdW9ydGZhc3Qud29ya2Vycy5kZXYiLCAiaWQiOiAiMDNmY2M2MTgtYjkzZC02Nzk2LTZhZWQtOGEzOGM5NzVkNTgxIiwgIm5ldCI6ICJ3cyIsICJwYXRoIjogIi9rZWxsaWUubWFrZXVwL2xpbmt2d3MiLCAicG9ydCI6ICI0NDMiLCAic2N5IjogImF1dG8iLCAic25pIjogInZwbnN1cHBvcnRmYXN0LnZwbnN1b3J0ZmFzdC53b3JrZXJzLmRldiIsICJ0bHMiOiAidGxzIiwgInR5cGUiOiAiIiwgInYiOiAiMiIsICJwcyI6ICJcdWQ4M2RcdWRjNDlcdWQ4M2NcdWRkOTQgQEZPUldBUkRWMlJBWSJ9#üåêelectron-v2ray Mar-17-18:00-31
vless://5d0245cd-8412-4a32-b52c-ef810651e659@190.93.247.155:443?mode=gun&security=tls&encryption=none&alpn=h2,http/1.1&fp=chrome&type=grpc&serviceName=@Digiv2ray,@Digiv2ray,@Digiv2ray,@Digiv2ray,&sni=digi--v2raycncfs.RadioTeHran.oRG#üåêelectron-v2ray Mar-17-18:00-32
vless://37e40fbe-1696-4f8f-a2f5-be3772b7352c@zula.ir:2096?mode=gun&security=tls&encryption=none&alpn=h2,http/1.1&type=grpc&serviceName=&sni=arxx.amshvip.ir#üåêelectron-v2ray Mar-17-18:00-33
trojan://telegram-id-privatevpns@52.30.23.192:22222?security=tls&alpn=http/1.1&headerType=none&type=tcp&sni=trojan.miwan.co.uk#üåêelectron-v2ray Mar-17-18:00-34
eyJhZGQiOiIxNzIuNjcuMTcwLjEzIiwiYWlkIjoiMCIsImFscG4iOiIiLCJmcCI6IiIsImhvc3QiOiJnbHdlaWRmLnNicyIsImlkIjoiNzYyMjFiZmItZTkyZi00ZTgwLTgxYzUtNmZlNDhmNTBhYzBiIiwibmV0Ijoid3MiLCJwYXRoIjoiL2xpbmt3cyIsInBvcnQiOiI0NDMiLCJwcyI6IkBWMnJheV9jYXJ0ZWwxIiwic2N5IjoiYXV0byIsInNuaSI6Imdsd2VpZGYuc2JzIiwidGxzIjoidGxzIiwidHlwZSI6IiIsInYiOiIyIn0=ss://YWVzLTI1Ni1nY206cEtFVzhKUEJ5VFZUTHRN@145.239.6.202:4444#üåêelectron-v2ray Mar-17-18:00-35
vmess://eyJhZGQiOiIxNzIuNjcuMTcwLjEzIiwiYWlkIjoiMCIsImFscG4iOiIiLCJmcCI6IiIsImhvc3QiOiJnbHdlaWRmLnNicyIsImlkIjoiNzYyMjFiZmItZTkyZi00ZTgwLTgxYzUtNmZlNDhmNTBhYzBiIiwibmV0Ijoid3MiLCJwYXRoIjoiL2xpbmt3cyIsInBvcnQiOiI0NDMiLCJwcyI6IkBWMnJheV9jYXJ0ZWwxIiwic2N5IjoiYXV0byIsInNuaSI6Imdsd2VpZGYuc2JzIiwidGxzIjoidGxzIiwidHlwZSI6IiIsInYiOiIyIn0=ss://YWVzLTI1Ni1nY206cEtFVzhKUEJ5VFZUTHRN@145.239.6.202:4444#üåêelectron-v2ray Mar-17-18:00-36
vless://02514d80-8007-47f7-8aaf-28c1da64f915@185.211.59.210:443?security=none&encryption=none&headerType=http&type=tcp#üåêelectron-v2ray Mar-17-18:00-37
trojan://telegram-id-privatevpns@3.75.72.232:22222?security=tls&alpn=http/1.1&headerType=none&type=tcp&sni=trojan.burgerip.co.uk#üåêelectron-v2ray Mar-17-18:00-38
vless://47cb67c7-00ec-49b5-cd2b-a3edbcfcae2c@172.233.57.233:54538?security=none&encryption=none&host=fast.com&headerType=http&type=tcp#üåêelectron-v2ray Mar-17-18:00-39
trojan://telegram-id-privatevpns@52.16.156.12:22222?security=tls&alpn=http/1.1&headerType=none&type=tcp&sni=trojan.burgerip.co.uk#üåêelectron-v2ray Mar-17-18:00-40
vless://eb3fdd8f-bcc9-42cd-82e4-49bfd87bd0f9@turkycf.configforvpn.fun:2053?mode=gun&security=reality&encryption=none&pbk=z1tAnqd5RA4I99LrK5FCJgjCd2qWJ2f1ID5xlNUD21M&fp=chrome&spx=%2F&type=grpc&serviceName=@configforVPN&sni=discordapp.com&sid=b1803d25#üåêelectron-v2ray Mar-17-18:00-41
vless://19f143e1-95dc-42f6-f4b4-0554988e876d@37.32.10.174:33269/?type=ws&path=%2F%40VPNlime&security=none#üåêelectron-v2ray Mar-17-18:00-42
vless://telegram-id-ArV2ray@check-host.net:443?mode=gun&security=tls&encryption=none&alpn=h2,http/1.1&fp=chrome&type=grpc&serviceName=@ArV2ray,@ArV2ray,@ArV2ray,@ArV2ray,@ArV2ray,@ArV2ray,@ArV2ray,@ArV2ray,@ArV2ray,@ArV2ray,@ArV2ray,@ArV2ray,@ArV2ray,@ArV2ray&sni=si.agh9731.ir#üåêelectron-v2ray Mar-17-18:00-43
vless://DIGiV2RAY@154.197.75.80:80?path=%2FDigiv2ray-&security=none&encryption=none&host=digi--v2raycncfs.RadioTeHran.oRG.&type=ws#üåêelectron-v2ray Mar-17-18:00-44
vless://1fdf9d5d-a014-46bb-8e78-9f7964181dff@104.24.172.7:8080?path=@Maznet--@Maznet--@Maznet--@Maznet--@Maznet--@Maznet--@Maznet--@Maznet--@Maznet--@Maznet&security=none&encryption=none&host=maz.%E5%83%8F%E9%B8%9F%E4%B8%80%E6%A0%B7%E8%87%AA%E7%94%B1.online.&type=ws#üåêelectron-v2ray Mar-17-18:00-45
vless://77daa194-4af5-4300-af9b-f40bcc781b90@31.47.45.101:50480?security=none&encryption=none&host=telewebion.com&headerType=http&type=tcp#üåêelectron-v2ray Mar-17-18:00-46
eyJhZGQiOiIxODguMTE0Ljk3LjMiLCJhaWQiOiIwIiwiYWxwbiI6IiIsImZwIjoiIiwiaG9zdCI6ImFmcmhtczE2di5iZXN0eHJheS5idXp6IiwiaWQiOiJmNTg0ZGUxNS0yMDM0LTQxNzAtYTcyMy1mNDhjMmJhZTVlMGYiLCJuZXQiOiJ3cyIsInBhdGgiOiIvbGlua3dzIiwicG9ydCI6IjQ0MyIsInBzIjoi4pyF2LPYsdmI2LHZh9in24zYqNuM2LTYqtix2K/Ysdqp2KfZhtin2YQ6cHJyb2ZpbGVfcHVycGxlQOKchSIsInNjeSI6ImF1dG8iLCJzbmkiOiJhZnJobXMxNnYuYmVzdHhyYXkuYnV6eiIsInRscyI6InRscyIsInR5cGUiOiIiLCJ2IjoiMiJ9üßøvless://98d2bd01-333c-4d75-b954-e52c12fa03d7@Telegram.icv2ray.top:443?mode=gun&security=tls&encryption=none&alpn=h2,http/1.1&fp=chrome&type=grpc&serviceName=@ArV2ray,@ArV2ray,@ArV2ray,@ArV2ray,@ArV2ray,@ArV2ray,@ArV2ray,@ArV2ray,@ArV2ray,@ArV2ray,@ArV2ray,@ArV2ray,@ArV2ray,@ArV2ray&sni=s1.agh9731.ir#üåêelectron-v2ray Mar-17-18:00-47
48ecf98f-cb2a-4ddf-8a4d-28d9ef44e83b@www.speedtest.net:8080?path=%2F%40V_2rayngVpn&security=none&encryption=none&host=xn--047h.iman-v2ray.sbs.&type=ws#üåêelectron-v2ray Mar-17-18:00-48
vless://239d9d77-d8a9-4f81-9b7a-6f154d462c36@185.146.173.59:8880?path=/@LIGHTNING6, @LIGHTNING6&security=none&encryption=none&host=xn---qhantayawi--c-9wl9bqtr75a955a5b97asba44yjwac23607hkhja.lightning6.xyz.&type=ws#üåêelectron-v2ray Mar-17-18:00-49
vless://7cd6adff-8849-4fad-b3b3-857721c81477@49.13.74.174:8080?type=ws&path=%2F%40VPNLime&host=fast.com&security=none#üåêelectron-v2ray Mar-17-18:00-50
vless://5d0245cd-8412-4a32-b52c-ef810651e656@190.93.247.155:443?mode=gun&security=tls&encryption=none&alpn=h2,http/1.1&fp=chrome&type=grpc&serviceName=@Digiv2ray,@Digiv2ray,@Digiv2ray,@Digiv2ray,&sni=digi--v2raycncfs.RadioTeHran.oRG#üåêelectron-v2ray Mar-17-18:00-51
vless://23c3c429-3cc4-480b-a444-35010f06e72e@www.visa.com:443?mode=gun&security=tls&encryption=none&alpn=h3,h2,http/1.1&fp=chrome&type=grpc&serviceName=&sni=fan.snapfooding.com#üåêelectron-v2ray Mar-17-18:00-52
vless://7cd6adff-8849-4fad-b3b3-857721c81477@168.119.48.210:8080?type=ws&path=%2F%40VPNLime&host=fast.com&security=none#üåêelectron-v2ray Mar-17-18:00-53
vless://5d8569a9-a8cb-4c5e-9ea9-cc40de873a35@104.31.16.65:443?path=Path%2FTelegram%40V2ray_alpha%2F%3Fed%3D2048&security=tls&encryption=none&host=FIltEr-1tg.pagEs.DeV&type=ws&sni=filTer-1tg.pAges.DeV#üåêelectron-v2ray Mar-17-18:00-54
vless://6e34f2c5-6c71-4010-c292-10d05ef4a9a2@104.20.156.248:443?path=%2F%3Fed&security=tls&encryption=none&host=current.ircp.online&type=ws&sni=current.ircp.online#üåêelectron-v2ray Mar-17-18:00-55
vless://21f024e8-7bc7-4c99-a967-2473219f048a@185.146.173.59:8880?path=/@LIGHTNING6, @LIGHTNING6&security=none&encryption=none&host=xn---qhantayawi--f-9wl9bqtr75a955a5b97asba44yjwac23607hkhja.lightning6.xyz.&type=ws#üåêelectron-v2ray Mar-17-18:00-56
vless://b1efb135-9772-41da-96ca-541423d8c83f@87.107.105.129:43056?security=none&encryption=none&host=www.soft98.ir&headerType=http&type=tcp#üåêelectron-v2ray Mar-17-18:00-57
trojan://telegram-id-privatevpns@54.73.62.169:22222?security=tls&alpn=http/1.1&headerType=none&type=tcp&sni=trojan.miwan.co.uk#üåêelectron-v2ray Mar-17-18:00-58
vmess://eyJhZGQiOiJpcHMuY29uZmlnZm9ydnBuLmZ1biIsImFpZCI6IjAiLCJhbHBuIjoiIiwiZnAiOiIiLCJob3N0Ijoicm9vdC5jb25maWdmb3J2cG4uZnVuIiwiaWQiOiJkYTI4Yzg1ZS1lNzFiLTQ1NTQtYTlmYy0xNjJiYzk0YzdjYjAiLCJuZXQiOiJ3cyIsInBhdGgiOiIvIiwicG9ydCI6Ijg4ODAiLCJwcyI6IkBDb25maWdmb3JWUE4iLCJzY3kiOiJhdXRvIiwic25pIjoiIiwidGxzIjoiIiwidHlwZSI6IiIsInYiOiIyIn0=#üåêelectron-v2ray Mar-17-18:00-59
vless://92669584-6357-4c04-88da-60c1b1ea953d@ips.configforvpn.fun:8080?path=%2Fh&security=none&encryption=none&host=best.configforvpn.fun&type=ws#üåêelectron-v2ray Mar-17-18:00-60
vless://00a77d98-a067-4fd3-9031-52526a32becc@cloud.configforvpn.fun:2096?path=%2Fmm&security=tls&encryption=none&fp=chrome&type=ws&sni=root.configforvpn.fun#üåêelectron-v2ray Mar-17-18:00-61
vless://telegram-id-ArV2ray@www.speedtest.net:80?path=%2Ftelegram-ArV2ray%2Ctelegram-ArV2ray%2Ctelegram-ArV2ray%2Ctelegram-ArV2ray%2Ctelegram-ArV2ray%2Ctelegram-ArV2ray%2Ctelegram-ArV2ray%2Ctelegram-ArV2ray%2Ctelegram-ArV2ray%2Ctelegram-ArV2ray%2Ctelegram-ArV2ray%2Ctelegram-ArV2ray%3Fed%3D2048&security=none&encryption=none&host=ArV2ray22.xn--48jyb6eya.Store.&type=ws#üåêelectron-v2ray Mar-17-18:00-62
vless://----DIGiV2RAY----@154.197.75.92:80?path=%2FDigiv2ray-&security=none&encryption=none&host=digi--v2raycncfs.RadioTeHran.oRG.&type=ws#üåêelectron-v2ray Mar-17-18:00-63
vless://TMCUSTOMIZE-VPNCUSTOMIZE@54.37.76.9:443?security=tls&encryption=none&alpn=h2,http/1.1&headerType=none&type=tcp&flow=xtls-rprx-vision&sni=cdn.kellekcollection.com#üåêelectron-v2ray Mar-17-18:00-64
vless://ffffffff-17ad-45e7-aaa1-f2baaa08e930@141.101.113.89:443?path=%2F%3Fed%3D2048&security=tls&encryption=none&host=watashi.free.hkpublic.moh539.link&type=ws&sni=watashi.free.hkpublic.moh539.link#üåêelectron-v2ray Mar-17-18:00-65
vless://5d0245cd-8412-4a32-b52c-ef810651e655@190.93.247.155:443?mode=gun&security=tls&encryption=none&alpn=h2,http/1.1&fp=chrome&type=grpc&serviceName=@Digiv2ray,@Digiv2ray,@Digiv2ray,@Digiv2ray,&sni=digi--v2raycncfs.RadioTeHran.oRG#üåêelectron-v2ray Mar-17-18:00-66
vless://Join--VPNCUSTOMIZE@www.speedtest.net:80?path=%2F&security=none&encryption=none&host=TMCUSTOMIZE.xn--79-pv2cvta065cac9302fea377a148g.tech.&type=ws#üåêelectron-v2ray Mar-17-18:00-67
vless://c457ee33-006c-48e5-8d1e-90d59410c3b7@kalafmobile.varzon-pc3.GAMErme.IR:443?mode=gun&security=tls&encryption=none&alpn=h2,http/1.1&type=grpc&serviceName=@frev2ray,@frev2ray,@frev2ray,@frev2ray,@frev2ray,@frev2ray,@frev2ray,@frev2ray,@frev2ray,@frev2ray,@frev2ray,@frev2ray,@frev2ray,@frev2ray,@frev2ray,@frev2ray,&sni=joinFREV2RAY.Houselife.IR#üåêelectron-v2ray Mar-17-18:00-68
vless://0a429bf1-c9f0-4d42-b9e2-3bf923e51c3c@maz.maznet.cfd:2083?path=@Maznet--@Maznet--@Maznet--@Maznet--@Maznet--@Maznet--@Maznet--@Maznet--@Maznet--@Maznet&security=tls&encryption=none&alpn=h3,h2,http/1.1&host=join20.maznet.cfd&fp=chrome&type=ws&sni=join20.maznet.cfd#üåêelectron-v2ray Mar-17-18:00-69
vmess://eyJhZGQiOiJiZXN0LmNvbmZpZ2ZvcnZwbi5mdW4iLCJhaWQiOiIwIiwiYWxwbiI6IiIsImZwIjoiIiwiaG9zdCI6ImJlc3QuY29uZmlnZm9ydnBuLmZ1biIsImlkIjoiYWEzMmVmZGQtZGZiOS00N2ZlLWFjMTMtNWIyY2JjMGRjMjE1IiwibmV0Ijoid3MiLCJwYXRoIjoiLyIsInBvcnQiOiI4ODgwIiwicHMiOiJAQ29uZmlnZm9yVlBOIiwic2N5IjoiYXV0byIsInNuaSI6IiIsInRscyI6IiIsInR5cGUiOiIiLCJ2IjoiMiJ9#üåêelectron-v2ray Mar-17-18:00-70
vless://telegram-id-ArV2ray@190.93.247.247:443?mode=gun&security=tls&encryption=none&alpn=h2,http/1.1&fp=chrome&type=grpc&serviceName=@ArV2ray,@ArV2ray,@ArV2ray,@ArV2ray,@ArV2ray,@ArV2ray,@ArV2ray,@ArV2ray,@ArV2ray,@ArV2ray,@ArV2ray,@ArV2ray,@ArV2ray,@ArV2ray&sni=gs.agh9731.ir#üåêelectron-v2ray Mar-17-18:00-71
vless://717284f5-c674-4ffd-a197-ea9786ee3f61@turkws.configforvpn.fun:2087?path=%2F&security=tls&encryption=none&fp=chrome&type=ws&sni=turkws.configforvpn.fun#üåêelectron-v2ray Mar-17-18:00-72
vless://---DIGiV2RAY---@www.speedtest.net:80?path=%2FDigiv2ray-&security=none&encryption=none&host=%C3%A6d%C3%ADg%C3%AD.RadioTeHran.oRG.&type=ws#üåêelectron-v2ray Mar-17-18:00-73
vmess://eyJhZGQiOiIxMDQuMTguMTIuMTkyIiwiYWlkIjoiMCIsImFscG4iOiIiLCJmcCI6IiIsImhvc3QiOiJyb2RpY2FuMDh2bS5tci1yYWR3YW4tZGFvdWQuZGUiLCJpZCI6IjkyMDkyZjMwLTdlMDgtNDhiMi1hNmIwLWNmZTNiOTExMjk4MiIsIm5ldCI6IndzIiwicGF0aCI6Ii92bWVzcyIsInBvcnQiOiI4MCIsInBzIjoiQENsb3VkQ2l0eXkiLCJzY3kiOiJhdXRvIiwic25pIjoiIiwidGxzIjoiIiwidHlwZSI6IiIsInYiOiIyIn0=#üåêelectron-v2ray Mar-17-18:00-74
vless://DIGiV2RAY-@www.speedtest.net:80?path=%2FDigiv2ray-&security=none&encryption=none&host=%C3%A6d%C3%ADg%C3%AD.RadioTeHran.oRG.&type=ws#üåêelectron-v2ray Mar-17-18:00-75
vmess://ewogICJ2IjogIjIiLAogICJwcyI6ICItQ2hhbm5lbDo6IEBWUE5MaW1lIiwKICAiYWRkIjogIjE2OC4xMTkuMTA3LjE2MiIsCiAgInBvcnQiOiAzMTQ4NCwKICAiaWQiOiAiOTQzOTYxYjgtNGUyNy00YmRmLWEwNDgtYzJmNzI0ZjU0MmZiIiwKICAibmV0IjogInRjcCIsCiAgInR5cGUiOiAibm9uZSIsCiAgInRscyI6ICJub25lIgp9#üåêelectron-v2ray Mar-17-18:00-76
vless://8721355e-96d5-4bb9-a99b-b6119d6b1cd4@162.159.8.55:2083?path=%2FPath%2FTelegram%40V2ray_alpha%2F%3Fed%3D2048&security=tls&encryption=none&alpn=h2,http/1.1&host=u6Zghn5ZytArEt4S838Q76kqGd9mN61uflu53560xV8NmU68Gd7Q25Y3PX.pAges.DEv&fp=chrome&type=ws&sni=u6Zghn5ZytArEt4S838Q76kqGd9mN61uflu53560xV8NmU68Gd7Q25Y3PX.pAges.DEv#üåêelectron-v2ray Mar-17-18:00-77
vless://446cf1db-74f9-4f26-91ad-3acb9fc2beb0@best.configforvpn.fun:2053?mode=gun&security=reality&encryption=none&pbk=d7ai1rsnr28Xv2F2TktDrZ_YCbUK55w0QHPHcUYWLR8&fp=chrome&spx=%2F&type=grpc&serviceName=@configforVPN&sni=greenpepper.ir&sid=614214c8#üåêelectron-v2ray Mar-17-18:00-78
vless://c0a22e95-fd5b-44b4-887e-0b2822aef044@195.137.167.76:80?path=%2Fvless&security=none&encryption=none&host=de-max.xn--0mq55f02fh9a40hbiq62cd7osi7ap79a.website.&type=ws#üåêelectron-v2ray Mar-17-18:00-79
ss://Y2hhY2hhMjAtaWV0Zi1wb2x5MTMwNTo2NExiS0huQjNJTzc1OXVlRW5oZ01HQDUyLjE0Mi4xNjEuOTozNDQyNA==#üåêelectron-v2ray Mar-17-18:00-80
vless://ca89921a-c01d-4a96-961e-fdeb52ed6513@root.configforvpn.fun:443?path=%2Fcdn&security=tls&encryption=none&alpn=h2,http/1.1&host=root.configforvpn.fun&fp=chrome&type=ws&sni=root.configforvpn.fun#üåêelectron-v2ray Mar-17-18:00-81
vless://Venom-Servers@discord.com:443/?type=grpc&serviceName=Telegram-Channel%40Venom_ServersTelegram-Channel%40Venom_ServersTelegram-Channel%40Venom_ServersTelegram-Channel%40Venom_ServersTelegram-Channel%40Venom_ServersTelegram-Channel%40Venom_ServersTelegram-Channel%40Venom_ServersTelegram-Channel%40Venom_ServersTelegram-Channel%40Venom_ServersTelegram-Channel%40Venom_ServersTelegram-Channel%40Venom_ServersTelegram-Channel%40Venom_ServersTelegram-Channel%40Venom_ServersTelegram-Channel%40Venom_ServersTelegram-Channel%40Venom_ServersTelegram-Channel%40Venom_Servers&security=tls&fp=chrome&alpn=h2%2Chttp%2F1.1&sni=fs2.snowborn.ir#üåêelectron-v2ray Mar-17-18:00-82
vless://5f34383b-03a7-4089-ba5e-70e67cfb8718@www.speedtest.net:80?path=%40frev2ray&security=none&encryption=none&host=joinüëâüëâFREV2RAY.Houselife.IR.&type=ws#üåêelectron-v2ray Mar-17-18:00-83
vless://5714e49e-f89a-4369-bb36-0557152a7188@uk.unoix.co:43746?security=reality&encryption=none&pbk=WY0tRux846oyHBKJBbHTqFFDai8hQo-0zkre-pX9iRA&headerType=none&fp=firefox&spx=%2F&type=tcp&sni=microsoft.com&sid=5d#üåêelectron-v2ray Mar-17-18:00-84
vless://64cbc98b-ac68-429b-8469-6ebca52428d1@tk.ownvpn.buzz:3600?type=ws&security=none&path=%2F&host=telewebion.com#üåêelectron-v2ray Mar-17-18:00-85
vless://29f8ad12-ea84-431b-bf32-9d3fb5cf2aa2@104.31.16.127:443?path=%2F%3Fed%3D2048&security=tls&encryption=none&host=w1.sylar8.eu.org&type=ws&sni=w1.sylar8.eu.org#üåêelectron-v2ray Mar-17-18:00-86
29f8ad12-ea84-431b-bf32-9d3fb5cf2aa2@104.31.16.127:443?path=%2F%3Fed%3D2048&security=tls&encryption=none&host=w1.sylar8.eu.org&type=ws&sni=w1.sylar8.eu.org#üåêelectron-v2ray Mar-17-18:00-87
vmess://eyJhZGQiOiIxODguMTE0Ljk3LjMiLCJhaWQiOiIwIiwiYWxwbiI6IiIsImZwIjoiIiwiaG9zdCI6ImFmcmhtczE2di5iZXN0eHJheS5idXp6IiwiaWQiOiJmNTg0ZGUxNS0yMDM0LTQxNzAtYTcyMy1mNDhjMmJhZTVlMGYiLCJuZXQiOiJ3cyIsInBhdGgiOiIvbGlua3dzIiwicG9ydCI6IjQ0MyIsInBzIjoi8J+Hs/Cfh7FAVlBOX09DRUFOIiwic2N5IjoiYXV0byIsInNuaSI6ImFmcmhtczE2di5iZXN0eHJheS5idXp6IiwidGxzIjoidGxzIiwidHlwZSI6IiIsInYiOiIyIn0=#üåêelectron-v2ray Mar-17-18:00-88
ss://Y2hhY2hhMjAtaWV0Zi1wb2x5MTMwNTpCb2cwRUxtTU05RFN4RGRR@series-a2-me.varzesh360.co:443#üåêelectron-v2ray Mar-17-18:00-89
eyJhZGQiOiJtdG4tLS0tLWpvaW4ub3V0bGluZS12cG4uY2xvdWQiLCJhaWQiOiIwIiwiYWxwbiI6IiIsImZwIjoiIiwiaG9zdCI6InZpcDIzMjMuY2ZkIiwiaWQiOiIwM2ZjYzYxOC1iOTNkLTY3OTYtNmFlZC04YTM4Yzk3NWQ1ODEiLCJuZXQiOiJ3cyIsInBhdGgiOiIvbGlua3Z3cyIsInBvcnQiOiI0NDMiLCJwcyI6IuKchdiz2LHZiNix2YfYp9uM2KjbjNi02KrYsdiv2LHaqdin2YbYp9mEOnBycm9maWxlX3B1cnBsZUDinIUiLCJzY3kiOiJhdXRvIiwic25pIjoidmlwMjMyMy5jZmQiLCJ0bHMiOiJ0bHMiLCJ0eXBlIjoiIiwidiI6IjIifQ==üå≤ss://Y2hhY2hhMjAtaWV0Zi1wb2x5MTMwNTpCb2cwRUxtTU05RFN4RGRR@fast_2ray_telchannelll2.fast2rayy.eu.org:443#üåêelectron-v2ray Mar-17-18:00-90
51905fd3-29de-4b4e-b351-83542f1d5390@zula.ir:443?path=%2F%3Fed%3D2048&security=tls&encryption=none&host=biA.ALlhub.LTD&type=ws&sni=Bia.alLhub.Ltd#üåêelectron-v2ray Mar-17-18:00-91
vless://---DIGiV2RAY----@154.197.75.92:80?path=%2FDigiv2ray-&security=none&encryption=none&host=digi--v2raycncfs.RadioTeHran.oRG.&type=ws#üåêelectron-v2ray Mar-17-18:00-92
trojan://telegram-id-privatevpns@13.39.57.76:22222?security=tls&alpn=http/1.1&headerType=none&type=tcp&sni=trojan.miwan.co.uk#üåêelectron-v2ray Mar-17-18:00-93
trojan://telegram-id-privatevpns@16.16.42.61:22222?security=tls&alpn=http/1.1&headerType=none&type=tcp&sni=trojan.burgerip.co.uk#üåêelectron-v2ray Mar-17-18:00-94
vless://----DIGiV2RAY----@www.speedtest.net:80?path=%2FDigiv2ray-&security=none&encryption=none&host=%C3%A6d%C3%ADg%C3%AD.RadioTeHran.oRG.&type=ws#üåêelectron-v2ray Mar-17-18:00-95
vless://29601429-8020-4ee6-9222-fd78ca74a188@zula.ir:2096?mode=gun&security=tls&encryption=none&alpn=h2,http/1.1&type=grpc&serviceName=&sni=arxx.amshvip.ir#üåêelectron-v2ray Mar-17-18:00-96
trojan://telegram-id-privatevpns@16.171.186.153:22222?security=tls&alpn=http/1.1&headerType=none&type=tcp&sni=trojan.burgerip.co.uk#üåêelectron-v2ray Mar-17-18:00-97
vless://40b7d140-2ae6-4ef5-a1bd-46c430bf89ab@cdn.melodyshopone2.ir:8080?path=%2F&security=none&encryption=none&host=cdn.melodyshopone2.ir&type=ws#üåêelectron-v2ray Mar-17-18:00-98
vless://42f84d7c-f225-425b-b2cd-56043d76c6be@best.configforvpn.fun:2053?mode=gun&security=reality&encryption=none&pbk=d7ai1rsnr28Xv2F2TktDrZ_YCbUK55w0QHPHcUYWLR8&fp=chrome&spx=%2F&type=grpc&serviceName=@configforVPN&sni=greenpepper.ir&sid=614214c8#üåêelectron-v2ray Mar-17-18:00-99
vless://1cef98bc-489f-4c4e-befe-4758fd533bcf@185.146.173.59:8880?path=/@LIGHTNING6, @LIGHTNING6&security=none&encryption=none&host=xn---qhantayawi--e-9wl9bqtr75a955a5b97asba44yjwac23607hkhja.lightning6.xyz.&type=ws#üåêelectron-v2ray Mar-17-18:00-100
vless://--DIGiV2RAY---@www.speedtest.net:80?path=%2FDigiv2ray-&security=none&encryption=none&host=%C3%A6d%C3%ADg%C3%AD.RadioTeHran.oRG.&type=ws#üåêelectron-v2ray Mar-17-18:00-101
ss://Y2hhY2hhMjAtaWV0Zi1wb2x5MTMwNTpzMlM5ZHlhR0FQUlkwTjNMWXo4MzhH@138.124.184.209:32955#üåêelectron-v2ray Mar-17-18:00-102
DIGiV2RAY-@www.speedtest.net:80?path=%2FDigiv2ray-&security=none&encryption=none&host=%C3%A6d%C3%ADg%C3%AD.RadioTeHran.oRG.&type=ws#üåêelectron-v2ray Mar-17-18:00-103
400c3d0c-9441-45ae-9567-839952c65fac@78.135.80.199:59357?mode=gun&security=none&encryption=none&type=grpc&serviceName=@game_file2020,@game_file2020,@game_file2020#üåêelectron-v2ray Mar-17-18:00-104
vless://cc7a59ce-eee7-4503-afc1-d73703c40993@[2a01:4f8:1c0c:7523::1]:2096?mode=multi&security=reality&encryption=none&pbk=fkSxbZt-AETccsW2WfmHBP5RhiLy6Nk1vdEgYdnYQUc&fp=chrome&spx=%2F&type=grpc&serviceName=ZEDMODEON-ZEDMODEON&sni=sourceforge.net&sid=c8129c93#üåêelectron-v2ray Mar-17-18:00-105
vless://Venom-Servers@discord.com:443/?type=grpc&serviceName=Telegram-Channel%40Venom_ServersTelegram-Channel%40Venom_ServersTelegram-Channel%40Venom_ServersTelegram-Channel%40Venom_ServersTelegram-Channel%40Venom_ServersTelegram-Channel%40Venom_ServersTelegram-Channel%40Venom_ServersTelegram-Channel%40Venom_ServersTelegram-Channel%40Venom_ServersTelegram-Channel%40Venom_ServersTelegram-Channel%40Venom_ServersTelegram-Channel%40Venom_ServersTelegram-Channel%40Venom_ServersTelegram-Channel%40Venom_ServersTelegram-Channel%40Venom_ServersTelegram-Channel%40Venom_Servers&security=tls&fp=chrome&alpn=h2%2Chttp%2F1.1&sni=fs3.snowborn.ir#üåêelectron-v2ray Mar-17-18:00-106
vless://afe189a7-6ba3-4f09-b475-bdaabbb5738c@ir.mypingvip.lol:2053?security=none&encryption=none&headerType=none&type=tcp#üåêelectron-v2ray Mar-17-18:00-107
afe189a7-6ba3-4f09-b475-bdaabbb5738c@ir.mypingvip.lol:2053?security=none&encryption=none&headerType=none&type=tcp#üåêelectron-v2ray Mar-17-18:00-108
trojan://telegram-id-privatevpns@35.156.38.82:22222?security=tls&alpn=http/1.1&headerType=none&type=tcp&sni=trojan.miwan.co.uk#üåêelectron-v2ray Mar-17-18:00-109
vless://---DIGiV2RAY---@154.197.75.92:80?path=%2FDigiv2ray-&security=none&encryption=none&host=digi--v2raycncfs.RadioTeHran.oRG.&type=ws#üåêelectron-v2ray Mar-17-18:00-110
vless://5d0245cd-8412-4a32-b52c-ef810651e653@190.93.247.155:443?mode=gun&security=tls&encryption=none&alpn=h2,http/1.1&fp=chrome&type=grpc&serviceName=@Digiv2ray,@Digiv2ray,@Digiv2ray,@Digiv2ray,&sni=digi--v2raycncfs.RadioTeHran.oRG#üåêelectron-v2ray Mar-17-18:00-111
vless://CONFIG-WANCLOUDFA@49.12.64.220:443?security=none&encryption=none&headerType=none&type=tcp#üåêelectron-v2ray Mar-17-18:00-112
trojan://telegram-id-privatevpns@18.135.177.21:22222?security=tls&alpn=http/1.1&headerType=none&type=tcp&sni=trojan.miwan.co.uk#üåêelectron-v2ray Mar-17-18:00-113
vless://-----DIGiV2RAY-----@154.197.75.80:80?path=%2FDigiv2ray-&security=none&encryption=none&host=digi--v2raycncfs.RadioTeHran.oRG.&type=ws#üåêelectron-v2ray Mar-17-18:00-114
ss://Y2hhY2hhMjAtaWV0Zi1wb2x5MTMwNToyTFZWRnh4SEpTQk1kR2Rs@series-a2-me.samanehha.co:443#üåêelectron-v2ray Mar-17-18:00-115
vless://aeaf9097-f685-422b-8d6e-9cff42b404f2@check-host.net:443?mode=gun&security=tls&encryption=none&alpn=h2,http/1.1&fp=chrome&type=grpc&serviceName=@ArV2ray,@ArV2ray,@ArV2ray,@ArV2ray,@ArV2ray,@ArV2ray,@ArV2ray,@ArV2ray,@ArV2ray,@ArV2ray,@ArV2ray,@ArV2ray,@ArV2ray,@ArV2ray&sni=sg.agh9731.ir#üåêelectron-v2ray Mar-17-18:00-116
vless://----DIGiV2RAY-----@www.speedtest.net:80?path=%2FDigiv2ray-&security=none&encryption=none&host=%C3%A6d%C3%ADg%C3%AD.RadioTeHran.oRG.&type=ws#üåêelectron-v2ray Mar-17-18:00-117
vless://Id-telegram-CloudCityy@Shop1.IpCloud.shop:2053?mode=gun&security=reality&encryption=none&pbk=bDGPf3VN_9X6UEP0KEOBG9YKcbi6PeM_jhaiMGjJPjY&fp=firefox&type=grpc&serviceName=Id-telegram-@CloudCityy-Id-telegram-@CloudCityy-Id-telegram-@CloudCityy-Id-telegram-@CloudCityy-Id-telegram-@CloudCityy-&sni=www.discord.com&sid=b02517b9#üåêelectron-v2ray Mar-17-18:00-118
ss://Y2hhY2hhMjAtaWV0Zi1wb2x5MTMwNTp1MTdUM0J2cFlhYWl1VzJj@series-a2-mec.samanehha.co:443#üåêelectron-v2ray Mar-17-18:00-119
eyJhZGQiOiIxODguMTE0Ljk3LjMiLCJhaWQiOiIwIiwiYWxwbiI6IiIsImZwIjoiIiwiaG9zdCI6ImFmcmhtczE2di5iZXN0eHJheS5idXp6IiwiaWQiOiJmNTg0ZGUxNS0yMDM0LTQxNzAtYTcyMy1mNDhjMmJhZTVlMGYiLCJuZXQiOiJ3cyIsInBhdGgiOiIvbGlua3dzIiwicG9ydCI6IjQ0MyIsInBzIjoi4pyF2LPYsdmI2LHZh9in24zYqNuM2LTYqtix2K/Ysdqp2KfZhtin2YQ6cHJyb2ZpbGVfcHVycGxlQOKchSIsInNjeSI6ImF1dG8iLCJzbmkiOiJhZnJobXMxNnYuYmVzdHhyYXkuYnV6eiIsInRscyI6InRscyIsInR5cGUiOiIiLCJ2IjoiMiJ9üßù‚Äç‚ôÄvless://d672ec4f-afba-4f61-af09-eec872f97e99@discord.gg:8443?path=%2F%3Fed&security=tls&encryption=none&host=test006.pages.dev&fp=chrome&type=ws&sni=test006.pages.dev#üåêelectron-v2ray Mar-17-18:00-120
6db88764-32e5-4fa0-88bc-25cd2c24fcdb@65.108.222.46:443?security=reality&encryption=none&pbk=kYemWjdtyhxj2js_NJR-ndFe_XwojRkGKbYvNgg7tnY&headerType=none&fp=firefox&spx=%2F&type=tcp&sni=greenpepper.ir&sid=13c923d7#üåêelectron-v2ray Mar-17-18:00-121
c3be46d7-1f2f-4a66-bdc3-07362ebfec80@cdn.appsflyer.com:443?path=%2Fvless&security=tls&encryption=none&host=de1.v2vless.xyz&type=ws&sni=de1.v2vless.xyz#üåêelectron-v2ray Mar-17-18:00-122
vless://376b9861-2fc6-4647-959c-18185cd9c95a@104.31.16.36:443?path=%2Ffflsws&security=tls&encryption=none&host=lmn39.sbs&type=ws&sni=lmn39.sbs#üåêelectron-v2ray Mar-17-18:00-123
ss://Y2hhY2hhMjAtaWV0Zi1wb2x5MTMwNTpjcTBGaWV6SVdvY2xCckVzKy85TnBNT243ZzR6SGtEa0FONzFheExQYUlnPQ==@[::ffff:34e:d80f]:2082#üåêelectron-v2ray Mar-17-18:00-124
vless://7deda987-6e9a-4264-a473-9d16c0e2a0fe@www.MsV2ray.sbs:2083?mode=gun&security=tls&encryption=none&alpn=h2,http/1.1&type=grpc&serviceName=@MsV2ray,@MsV2ray,@MsV2ray,@MsV2ray,@MsV2ray,@MsV2ray,@MsV2ray,@MsV2ray,@MsV2ray&sni=www.MsV2ray.sbs#üåêelectron-v2ray Mar-17-18:00-125
vless://c26a65de-82bc-4997-aca7-6f1fb157f74d@104.20.224.95:443?path=%2F&security=tls&encryption=none&alpn=http/1.1&host=fan.kostala.org&fp=chrome&type=ws&sni=fan.kostala.org#üåêelectron-v2ray Mar-17-18:00-126
trojan://telegram-id-privatevpns@15.188.94.128:22222?security=tls&alpn=http/1.1&headerType=none&type=tcp&sni=trojan.miwan.co.uk#üåêelectron-v2ray Mar-17-18:00-127
trojan://telegram-id-privatevpns@35.181.206.146:22222?security=tls&alpn=http/1.1&headerType=none&type=tcp&sni=trojan.burgerip.co.uk#üåêelectron-v2ray Mar-17-18:00-128
vless://-----DIGiV2RAY-----@www.speedtest.net:80?path=%2FDigiv2ray-&security=none&encryption=none&host=%C3%A6d%C3%ADg%C3%AD.RadioTeHran.oRG.&type=ws#üåêelectron-v2ray Mar-17-18:00-129
trojan://telegram-id-privatevpns@13.36.212.234:22222?security=tls&alpn=http/1.1&headerType=none&type=tcp&sni=trojan.burgerip.co.uk#üåêelectron-v2ray Mar-17-18:00-130
vless://telegram-id-ArV2ray@www.speedtest.net:80?path=%2Ftelegram-ArV2ray%2Ctelegram-ArV2ray%2Ctelegram-ArV2ray%2Ctelegram-ArV2ray%2Ctelegram-ArV2ray%2Ctelegram-ArV2ray%2Ctelegram-ArV2ray%2Ctelegram-ArV2ray%2Ctelegram-ArV2ray%2Ctelegram-ArV2ray%2Ctelegram-ArV2ray%2Ctelegram-ArV2ray%3Fed%3D2048&security=none&encryption=none&host=ArV2ray.ArV2ray.xn--48jyb6eya.Store.&type=ws#üåêelectron-v2ray Mar-17-18:00-131
vmess://eyJhZGQiOiIxMDQuMTguMTIuMTkyIiwiYWlkIjoiMCIsImFscG4iOiIiLCJmcCI6IiIsImhvc3QiOiJyb2RpY2FuMDh2bS5tci1yYWR3YW4tZGFvdWQuZGUiLCJpZCI6IjkyMDkyZjMwLTdlMDgtNDhiMi1hNmIwLWNmZTNiOTExMjk4MiIsIm5ldCI6IndzIiwicGF0aCI6Ii92bWVzcyIsInBvcnQiOiI0NDMiLCJwcyI6IkBDbG91ZENpdHl5Iiwic2N5IjoiYXV0byIsInNuaSI6InJvZGljYW4wOHZtLm1yLXJhZHdhbi1kYW91ZC5kZSIsInRscyI6InRscyIsInR5cGUiOiIiLCJ2IjoiMiJ9#üåêelectron-v2ray Mar-17-18:00-132
vless://----DIGiV2RAY-----@154.197.75.80:80?path=%2FDigiv2ray-&security=none&encryption=none&host=digi--v2raycncfs.RadioTeHran.oRG.&type=ws#üåêelectron-v2ray Mar-17-18:00-133
trojan://telegram-id-privatevpns@18.175.36.2:22222?security=tls&alpn=http/1.1&headerType=none&type=tcp&sni=trojan.burgerip.co.uk#üåêelectron-v2ray Mar-17-18:00-134
vless://c5baa583-b86e-4cff-9ae7-2e69bd99811e@all.v-2rayngvpn.cfd:2083?security=tls&encryption=none&headerType=none&type=tcp&sni=Loop.v2rayvpn2.sbs#üåêelectron-v2ray Mar-17-18:00-135
vless://DIGiV2RAY-@154.197.75.80:80?path=%2FDigiv2ray-&security=none&encryption=none&host=digi--v2raycncfs.RadioTeHran.oRG.&type=ws#üåêelectron-v2ray Mar-17-18:00-136
vless://ea2c6257-bb4d-4362-89c3-a2d798de40ff@104.20.224.95:2083?path=%2F&security=tls&encryption=none&alpn=http/1.1&host=fan.kostala.org&fp=chrome&type=ws&sni=fan.kostala.org#üåêelectron-v2ray Mar-17-18:00-137
trojan://telegram-id-privatevpns@13.43.186.222:22222?security=tls&alpn=http/1.1&headerType=none&type=tcp&sni=trojan.burgerip.co.uk#üåêelectron-v2ray Mar-17-18:00-138
vmess://eyJhZGQiOiJpbm5hLmNmZCIsImFpZCI6IjAiLCJhbHBuIjoiIiwiZnAiOiIiLCJob3N0IjoiaW5uYS5jZmQiLCJpZCI6IjAzZmNjNjE4LWI5M2QtNjc5Ni02YWVkLThhMzhjOTc1ZDU4MSIsIm5ldCI6IndzIiwicGF0aCI6Ii9saW5rdndzIiwicG9ydCI6IjQ0MyIsInBzIjoi2LPYsdmI2LEg2YjbjNqY2Ycg2obZhtmEIHYycmF5Tkc4OTlAIiwic2N5IjoiYXV0byIsInNuaSI6ImlubmEuY2ZkIiwidGxzIjoidGxzIiwidHlwZSI6IiIsInYiOiIyIn0=#üåêelectron-v2ray Mar-17-18:00-139
trojan://telegram-id-privatevpns@51.20.219.225:22222?security=tls&alpn=http/1.1&headerType=none&type=tcp&sni=trojan.burgerip.co.uk#üåêelectron-v2ray Mar-17-18:00-140
eyJhZGQiOiIxNzIuNjcuMTcwLjEzIiwiYWlkIjoiMCIsImFscG4iOiIiLCJmcCI6IiIsImhvc3QiOiJnbHdlaWRmLnNicyIsImlkIjoiNzYyMjFiZmItZTkyZi00ZTgwLTgxYzUtNmZlNDhmNTBhYzBiIiwibmV0Ijoid3MiLCJwYXRoIjoiL2xpbmt3cyIsInBvcnQiOiI0NDMiLCJwcyI6IkBWMnJheV9jYXJ0ZWwxIiwic2N5IjoiYXV0byIsInNuaSI6Imdsd2VpZGYuc2JzIiwidGxzIjoidGxzIiwidHlwZSI6IiIsInYiOiIyIn0=ss://Y2hhY2hhMjAtaWV0Zi1wb2x5MTMwNTpGZ2x0YnBtNmNEOWVIU0ZoS0k2bWFD@45.89.52.197:32058#üåêelectron-v2ray Mar-17-18:00-141
vmess://eyJhZGQiOiIxNzIuNjcuMTcwLjEzIiwiYWlkIjoiMCIsImFscG4iOiIiLCJmcCI6IiIsImhvc3QiOiJnbHdlaWRmLnNicyIsImlkIjoiNzYyMjFiZmItZTkyZi00ZTgwLTgxYzUtNmZlNDhmNTBhYzBiIiwibmV0Ijoid3MiLCJwYXRoIjoiL2xpbmt3cyIsInBvcnQiOiI0NDMiLCJwcyI6IkBWMnJheV9jYXJ0ZWwxIiwic2N5IjoiYXV0byIsInNuaSI6Imdsd2VpZGYuc2JzIiwidGxzIjoidGxzIiwidHlwZSI6IiIsInYiOiIyIn0=ss://Y2hhY2hhMjAtaWV0Zi1wb2x5MTMwNTpGZ2x0YnBtNmNEOWVIU0ZoS0k2bWFD@45.89.52.197:32058#üåêelectron-v2ray Mar-17-18:00-142
ss://Y2hhY2hhMjAtaWV0Zi1wb2x5MTMwNTp4dmh6VE1vbDlDS1NwUnFqRHlURnE4@[2a12:5940:4269::2]:62070#üåêelectron-v2ray Mar-17-18:00-143
vless://7646b393-88e0-4441-b832-a527ef8d927b@[2600:3c09::f03c:94ff:fe7f:57c7]:3389?encryption=none&security=none&type=tcp&headerType=http&host=telewebion.com#üåêelectron-v2ray Mar-17-18:00-144
vless://telegram-id-ArV2ray@www.speedtest.net:80?path=%2Ftelegram-ArV2ray%2Ctelegram-ArV2ray%2Ctelegram-ArV2ray%2Ctelegram-ArV2ray%2Ctelegram-ArV2ray%2Ctelegram-ArV2ray%2Ctelegram-ArV2ray%2Ctelegram-ArV2ray%2Ctelegram-ArV2ray%2Ctelegram-ArV2ray%2Ctelegram-ArV2ray%2Ctelegram-ArV2ray%3Fed%3D2048&security=none&encryption=none&host=ArV2ray.ArV2ray2.xn--48jyb6eya.Store.&type=ws#üåêelectron-v2ray Mar-17-18:00-145
vless://f38ef965-f6ae-402c-ab2c-1d42ae49bc9b@104.18.203.232:2095?path=%2F&security=none&encryption=none&host=woudyoulike_none.error.sss20202020202020.iran-check-host-server-sitesssssssssssssssssssssss--sssssssssss.com&type=ws#üåêelectron-v2ray Mar-17-18:00-146
DIGiV2RAY@www.speedtest.net:80?path=%2FDigiv2ray-&security=none&encryption=none&host=%C3%A6d%C3%ADg%C3%AD.RadioTeHran.oRG.&type=ws#üåêelectron-v2ray Mar-17-18:00-147
vless://09ffb106-0e84-482e-a893-ff65255c6e3f@78.157.57.27:2834?type=ws&security=none&path=%2F#üåêelectron-v2ray Mar-17-18:00-148
vless://d672ec4f-afba-4f61-af09-eec872f97e99@162.159.135.79:443?path=Path%2FTelegram%40V2ray_alpha%2F%3Fed%3D2048&security=tls&encryption=none&alpn=h2,http/1.1&host=test38.pages.dev&fp=chrome&type=ws&sni=test38.pages.dev#üåêelectron-v2ray Mar-17-18:00-149
vless://TMCUSTOMIZE---VPNCUSTOMIZE@www.speedtest.net:80?path=%2F&security=none&encryption=none&host=TMCUSTOMIZE.xn--79-pv2cvta065cac9302fea377a148g.tech.&type=ws#üåêelectron-v2ray Mar-17-18:00-150
vless://cbe7aa50-5755-4971-f1ac-a5d3bfc0f363@95.38.153.33:33269/?type=ws&path=%2F%40VPNlime&security=none#üåêelectron-v2ray Mar-17-18:00-151
ss://Y2hhY2hhMjAtcG9seTEzMDU6dTE3VDNCdnBZYWFpdVcyY0BzZXJpZXMtYTItbWVjLnNhbWFuZWhoYS5jbzo0NDM=#üåêelectron-v2ray Mar-17-18:00-152
vless://3687c4be-fa3e-498f-b27a-220833e5aa7c@9.iranls.com:8080?encryption=none&security=none&type=tcp&headerType=http&host=telewebion.com#üåêelectron-v2ray Mar-17-18:00-153
trojan://telegram-id-privatevpns@18.197.187.142:22222?security=tls&alpn=http/1.1&headerType=none&type=tcp&sni=trojan.burgerip.co.uk#üåêelectron-v2ray Mar-17-18:00-154
vless://7e29f2e2-e0ec-47c5-94ec-38ef90f7a106@104.24.0.28:2053?path=vless-ws%2F%3Fed%3D2048%2FTelegram%40V2ray_alpha%2Fvless-ws%2F%3Fed%3D2048&security=tls&encryption=none&alpn=http/1.1&host=guq22.oxnetwORKs.LiNK&type=ws&sni=guq22.oxnetwORKs.LiNK#üåêelectron-v2ray Mar-17-18:00-155
vless://a63caad0-3d94-4fa7-956d-439524c6cdf5@cloud.configforvpn.fun:2096?path=%2Fmm&security=tls&encryption=none&fp=chrome&type=ws&sni=root.configforvpn.fun#üåêelectron-v2ray Mar-17-18:00-156
trojan://zJqAWaWs9F@upload.sudorad.online:2096?mode=gun&security=tls&alpn=h2,http/1.1&type=grpc&serviceName=&sni=upload.sudorad.online#üåêelectron-v2ray Mar-17-18:00-157
vless://telegram-id-ArV2ray@190.93.247.247:443?mode=gun&security=tls&encryption=none&alpn=h2,http/1.1&fp=chrome&type=grpc&serviceName=@ArV2ray,@ArV2ray,@ArV2ray,@ArV2ray,@ArV2ray,@ArV2ray,@ArV2ray,@ArV2ray,@ArV2ray,@ArV2ray,@ArV2ray,@ArV2ray,@ArV2ray,@ArV2ray&sni=sy.agh9731.ir#üåêelectron-v2ray Mar-17-18:00-158
vless://d5c419b1-06af-4beb-9bab-08507d68e111@Vpn-MikeyMci.myftp.org:80?path=%2F%40Vpn_Mikey%D8%8C%40Vpn_Mikey&security=none&encryption=none&host=Vpn-Mikey.%E6%AC%A2%E8%BF%8E%E8%AE%BF%E6%AC%A2%E8%BF%8E%E8%AE%BF%E9%97%AE%E4%B8%AD.website.&type=ws#üåêelectron-v2ray Mar-17-18:00-159
vless://d2359ad8-c61f-473a-8abd-5d827214d5b9@62.60.172.231:2083?security=none&encryption=none&host=speedtest.net&headerType=http&type=tcp#üåêelectron-v2ray Mar-17-18:00-160
eyJhZGQiOiJnY29yZS5jb20iLCJhaWQiOiIwIiwiYWxwbiI6IiIsImZwIjoiIiwiaG9zdCI6Im5hbWF2YS1tb3ZpZS5pciIsImlkIjoiNTVkOTE2ZGYtZjZhMS00YzEwLTgzNzQtMWRiODQ4NWRjNjkxIiwibmV0Ijoid3MiLCJwYXRoIjoiLyIsInBvcnQiOiI4MCIsInBzIjoi4pyF2LPYsdmI2LHZh9in24zYqNuM2LTYqtix2K/Ysdqp2KfZhtin2YQ6cHJyb2ZpbGVfcHVycGxlQOKchSIsInNjeSI6ImF1dG8iLCJzbmkiOiIiLCJ0bHMiOiIiLCJ0eXBlIjoiIiwidiI6IjIifQ==üêàvless://3c2bcaff-50eb-474a-9056-1add10714bae@ipgr.AbrArvan.org:2096?mode=gun&security=tls&encryption=none&fp=chrome&type=grpc&serviceName=abc&sni=grmetV2ray.NoBaRaNe.OrG.#üåêelectron-v2ray Mar-17-18:00-161
d2359ad8-c61f-473a-8abd-5d827214d5b9@62.60.172.231:2083?security=none&encryption=none&host=speedtest.net&headerType=http&type=tcp#üåêelectron-v2ray Mar-17-18:00-162
7e29f2e2-e0ec-47c5-94ec-38ef90f7a106@before1--join.outline-vpn.cloud:2053?path=vless-ws%2F%3Fed%3D2048&security=tls&encryption=none&alpn=http/1.1&host=guq22.oxnetwORKs.LiNK&fp=chrome&type=ws&sni=guq22.oxnetwORKs.LiNK#üåêelectron-v2ray Mar-17-18:00-163
vless://552c0b14-2af1-4914-b799-ece797e1978b@a.iranls.com:8080/?type=tcp&path=%2F&host=telewebion.com&headerType=http&security=none#üåêelectron-v2ray Mar-17-18:00-164
vless://3e11a02a-a7c2-4d85-bcea-a4958e6a6d57@don.dayvip.ir:8443?mode=gun&security=tls&encryption=none&alpn=h2,http/1.1&type=grpc&serviceName=&sni=elv1.amshvip.ir#üåêelectron-v2ray Mar-17-18:00-165
trojan://telegram-id-privatevpns@51.21.77.215:22222?security=tls&alpn=http/1.1&headerType=none&type=tcp&sni=trojan.burgerip.co.uk#üåêelectron-v2ray Mar-17-18:00-166
vless://21f6269b-c3ab-43d4-aed5-757a3a398392@185.146.173.59:8880?path=/@LIGHTNING6, @LIGHTNING6&security=none&encryption=none&host=xn---qhantayawi--f-9wl9bqtr75a955a5b97asba44yjwac23607hkhja.lightning6.xyz.&type=ws#üåêelectron-v2ray Mar-17-18:00-167
b0138d55-a493-4dc3-9932-c6f0391707c1@fragment-----join.outline-vpn.cloud:443?path=%2Fvless%2Fb0138d55-a493-4dc3-9932-c6f0391707c1%3Fed&security=tls&encryption=none&host=edge.020770.xyz&type=ws&sni=edge.020770.xyz#üåêelectron-v2ray Mar-17-18:00-168
vmess://eyJhZGQiOiIxNDYuNTkuMTQ3LjI1MCIsImFpZCI6IjAiLCJob3N0IjoiIiwiaWQiOiI4MjQ0N2FiZi1kY2I5LTQwOGEtOWNhNi03OWUwYTc2OThkMDgiLCJuZXQiOiJ0Y3AiLCJwYXRoIjoiIiwicG9ydCI6IjI5Nzc2IiwicHMiOiLaqdin2YbYp9mEIDogQFYycmF5Tkd2cG5pIiwic25pIjoiIiwidGxzIjoiIiwidHlwZSI6Im5vbmUiLCJ2IjoiMiJ9#üåêelectron-v2ray Mar-17-18:00-169
vless://00f4ebcf-6bae-4eb2-9064-2a272e4d4875@cdn.melodyshopone2.ir:8080?path=%2F&security=none&encryption=none&host=cdn.melodyshopone2.ir&type=ws#üåêelectron-v2ray Mar-17-18:00-170
vless://5d0245cd-8412-4a32-b52c-ef810651e654@190.93.247.155:443?mode=gun&security=tls&encryption=none&alpn=h2,http/1.1&fp=chrome&type=grpc&serviceName=@Digiv2ray,@Digiv2ray,@Digiv2ray,@Digiv2ray,&sni=digi--v2raycncfs.RadioTeHran.oRG#üåêelectron-v2ray Mar-17-18:00-171
ar-vless://c+BWxBsDNA/8ImklNpajnxvmDi31rhCpSxSWGkMtyGM62/314EOEMTW7UuEsB5eV0hvyhaLG99sykBXbL1D7EgBM/ycIXANefM78Fykz1CYAwLwXiNrcAAUIJ313/wKCnC6fTv71tfk7mjZVmmsKYQN9AyO48wDK0ulxUGP75O4hCe5/2mHyuiqqvC7KJy8OpHGcFufNe/PaZxgUANTr3eaTlHTX3no/bwoT7oDkhNwlxqgwZcIidbX9TjAWeikWVlr41f6ztHRVR90BmudtYI8yqrhaAZFeld6PV7/bG44=#üåêelectron-v2ray Mar-17-18:00-172
vless://Id-telegram-CloudCityy@78.46.141.97:2053?mode=gun&security=reality&encryption=none&pbk=9vN5FCzwZ3awRRKH7qq9tcFb9vIyblfJcCC2ZCW1cjg&fp=firefox&type=grpc&serviceName=Id-telegram-@CloudCityy-Id-telegram-@CloudCityy-Id-telegram-@CloudCityy-Id-telegram-@CloudCityy-Id-telegram-@CloudCityy-&sni=www.discord.com&sid=b02517b9#üåêelectron-v2ray Mar-17-18:00-173
vless://c0a22e95-fd5b-44b4-887e-0b2822aef044@zula.ir:80?path=%2Fvless&security=none&encryption=none&host=de-max.xn--0mq55f02fh9a40hbiq62cd7osi7ap79a.website.&type=ws#üåêelectron-v2ray Mar-17-18:00-174
vless://telegram-id-ArV2ray@www.speedtest.net:80?path=%2Ftelegram-ArV2ray%2Ctelegram-ArV2ray%2Ctelegram-ArV2ray%2Ctelegram-ArV2ray%2Ctelegram-ArV2ray%2Ctelegram-ArV2ray%2Ctelegram-ArV2ray%2Ctelegram-ArV2ray%2Ctelegram-ArV2ray%2Ctelegram-ArV2ray%2Ctelegram-ArV2ray%2Ctelegram-ArV2ray%3Fed%3D2048&security=none&encryption=none&host=t.l.ArV2ray.xn--48jyb6eya.Store.&type=ws#üåêelectron-v2ray Mar-17-18:00-175
vless://da0c4b49-5565-4ff0-9848-1bb602fad0dd@168.119.184.138:57149?security=none&encryption=none&headerType=none&type=tcp#üåêelectron-v2ray Mar-17-18:00-176
vless://29f8ad12-ea84-431b-bf32-9d3fb5cf2aa2@188.114.99.243:443?path=Path%2FTelegram%40V2ray_alpha%2F%3Fed%3D2048&security=tls&encryption=none&host=w1.sylar8.eu.org&type=ws&sni=w1.sylar8.eu.org#üåêelectron-v2ray Mar-17-18:00-177
vless://52e194ba-cdf5-4a7d-d146-d8b06f8a698b@51.75.91.144:23300?security=none&encryption=none&headerType=none&type=tcp#üåêelectron-v2ray Mar-17-18:00-178
ss://Y2hhY2hhMjAtaWV0Zi1wb2x5MTMwNTpQaVlhK0NZMnd5eFV6N2pQTHlMYjZFcXV2WitjOXRtakNLRVJmeUNJSTBZPQ==@[::ffff:347:21b1]:2082#üåêelectron-v2ray Mar-17-18:00-179
eyJhZGQiOiI5MS4xMDcuMTM5LjEzOCIsImFpZCI6IjAiLCJhbHBuIjoiIiwiZnAiOiIiLCJob3N0IjoiZ29vZ2xlLmNvbSIsImlkIjoiMzY5MmQ2MTctYzBiYi00NDJhLWEyNTktZWU0YmFlYTMwNDFmIiwibmV0IjoidGNwIiwicGF0aCI6Ii8iLCJwb3J0IjoiODA4MSIsInBzIjoi4pyF2LPYsdmI2LHZh9in24zYqNuM2LTYqtix2K/Ysdqp2KfZhtin2YQ6cHJyb2ZpbGVfcHVycGxlQOKchSIsInNjeSI6ImF1dG8iLCJzbmkiOiIiLCJ0bHMiOiIiLCJ0eXBlIjoiaHR0cCIsInYiOiIyIn0=üê¶ss://Y2hhY2hhMjAtaWV0Zi1wb2x5MTMwNTpBMlZmUHRFL3RyWkc0MkUrNFVOalZZYVAvblhGOWRKbThBN3A0OVQrNTdjPQ==@3.70.8.195:2082#üåêelectron-v2ray Mar-17-18:00-180
b9ad895b-12ac-40fc-a5ac-a5b2a1285001@172.64.174.30:443?path=%2F%3Fed%3D2048&security=tls&encryption=none&host=3k.pureboy.eu.org&type=ws&sni=3k.pureboy.eu.org#üåêelectron-v2ray Mar-17-18:00-181
785a53b2-f8ed-4351-a662-a587bf2623a3@www.speedtest.net:8080?path=%2F%40V_2rayngVpn&security=none&encryption=none&host=xn--047h.iman-v2ray.sbs.&type=ws#üåêelectron-v2ray Mar-17-18:00-182
vless://08b58907-305c-4413-86bd-c8855f5bac0b@best.configforvpn.fun:443?path=%2Fcdn&security=tls&encryption=none&alpn=h2,http/1.1&fp=chrome&type=ws&sni=best.configforvpn.fun#üåêelectron-v2ray Mar-17-18:00-183
vless://35843f2b-2ff3-438f-8a2c-d75337f7aad5@185.146.173.59:8880?path=/@LIGHTNING6, @LIGHTNING6&security=none&encryption=none&host=xn---qhantayawi--e-9wl9bqtr75a955a5b97asba44yjwac23607hkhja.lightning6.xyz.&type=ws#üåêelectron-v2ray Mar-17-18:00-184
vless://bb596d8a-cc84-4499-8487-a66c9e9aac96@all.msv2ray.online:2053?mode=gun&security=tls&encryption=none&alpn=http/1.1&fp=chrome&type=grpc&serviceName=&sni=re1.v2logy.xyz#üåêelectron-v2ray Mar-17-18:00-185
vless://083bff70-bd64-45c2-8980-e4853225eda9@185.146.173.59:8880?path=/@LIGHTNING6, @LIGHTNING6&security=none&encryption=none&host=xn---qhantayawi--a-9wl9bqtr75a955a5b97asba44yjwac23607hkhja.lightning6.xyz.&type=ws#üåêelectron-v2ray Mar-17-18:00-186
ar-vless://i0M0+6WKc7BMVvptFHPPlTiIf2CwWwR+knjueonG0ur/Gt+gfSBgv/p08lOsJ8VrbVxuT5Qe/fbnlYBWKzJxPFZTMoGW8G082VfdTK/Zz0nVQqoSnS5jMhwumZYaqCoqFMKqcLR7BND0m6RzZ7uf6nj+kolgKoIigVrpnH9DT4zWjWDRoJkek96ZibxNqrflCx1SM4hw9QBJAwrAdwBdgnjPCAh+FuTTHoFuNfdnuqLTdhCk/oR3jS1K1ZXxXywenjyWBhe/YhgBkLOQF/8i/uJXAjT4LyR/WFMMy9+Yi4g8vUxES/SMXuWFmgnU1YDvog/tKG+alOWdCQcIo6f0+fT7dKKfQtFKdrBbVhiZ9gDyL3owvI5WT1aRE0YY701TLlslt/m0bePLNkAYcaWWbA==#üåêelectron-v2ray Mar-17-18:00-187
vless://telegram-id-ArV2ray@www.speedtest.net:80?path=%2Ftelegram-ArV2ray%2Ctelegram-ArV2ray%2Ctelegram-ArV2ray%2Ctelegram-ArV2ray%2Ctelegram-ArV2ray%2Ctelegram-ArV2ray%2Ctelegram-ArV2ray%2Ctelegram-ArV2ray%2Ctelegram-ArV2ray%2Ctelegram-ArV2ray%2Ctelegram-ArV2ray%2Ctelegram-ArV2ray%3Fed%3D2048&security=none&encryption=none&host=t1.l.ArV2ray.xn--48jyb6eya.Store.&type=ws#üåêelectron-v2ray Mar-17-18:00-188
trojan://telegram-id-privatevpns@3.9.138.221:22222?security=tls&alpn=http/1.1&headerType=none&type=tcp&sni=trojan.miwan.co.uk#üåêelectron-v2ray Mar-17-18:00-189
vless://8d41aa81-caaf-40dc-ab6a-5a5f298a6a4a@213.233.179.15:2398?type=ws&security=none&path=%2F&host=telewebion.com#üåêelectron-v2ray Mar-17-18:00-190
vless://telegram-id-ArV2ray@190.93.247.247:443?mode=gun&security=tls&encryption=none&alpn=h2,http/1.1&fp=chrome&type=grpc&serviceName=@ArV2ray,@ArV2ray,@ArV2ray,@ArV2ray,@ArV2ray,@ArV2ray,@ArV2ray,@ArV2ray,@ArV2ray,@ArV2ray,@ArV2ray,@ArV2ray,@ArV2ray,@ArV2ray&sni=sp.agh9731.ir#üåêelectron-v2ray Mar-17-18:00-191
vless://SvnTeam@mtn.vpnprosec.com:443?security=tls&encryption=none&headerType=none&type=tcp&sni=Grm.Join-SvnTeam.Online#üåêelectron-v2ray Mar-17-18:00-192
vless://ea62a705-6a6d-4d0d-a18a-8981457d50f3@don.dayvip.ir:2096?mode=gun&security=tls&encryption=none&alpn=h2,http/1.1&type=grpc&serviceName=&sni=elv1.amshvip.ir#üåêelectron-v2ray Mar-17-18:00-193
vless://--MsV2ray--MsV2ray--@www.MsV2ray.sbs:2083?mode=gun&security=tls&encryption=none&alpn=h2,http/1.1&type=grpc&serviceName=@MsV2ray,@MsV2ray,@MsV2ray,@MsV2ray,@MsV2ray,@MsV2ray,@MsV2ray,@MsV2ray,@MsV2ray&sni=www.MsV2ray.sbs#üåêelectron-v2ray Mar-17-18:00-194
vless://5d0245cd-8412-4a32-b52c-ef810651e658@190.93.247.155:443?mode=gun&security=tls&encryption=none&alpn=h2,http/1.1&fp=chrome&type=grpc&serviceName=@Digiv2ray,@Digiv2ray,@Digiv2ray,@Digiv2ray,&sni=digi--v2raycncfs.RadioTeHran.oRG#üåêelectron-v2ray Mar-17-18:00-195
eyJhZGQiOiI1MDUub3V0bGluZS12cG4uY2xvdWQiLCJhaWQiOiIwIiwiYWxwbiI6IiIsImZwIjoiIiwiaG9zdCI6ImtlbGxpZS5tYWtldXAiLCJpZCI6IjAzZmNjNjE4LWI5M2QtNjc5Ni02YWVkLThhMzhjOTc1ZDU4MSIsIm5ldCI6IndzIiwicGF0aCI6Ii9saW5rdndzIiwicG9ydCI6IjQ0MyIsInBzIjoiQFYycmF5X2NhcnRlbCBNQ0kiLCJzY3kiOiJhdXRvIiwic25pIjoia2VsbGllLm1ha2V1cCIsInRscyI6InRscyIsInR5cGUiOiIiLCJ2IjoiMiJ9ss://Y2hhY2hhMjAtcG9seTEzMDU6dTE3VDNCdnBZYWFpdVcyYw==@series-a2-mec.samanehha.co:443#üåêelectron-v2ray Mar-17-18:00-196
vmess://eyJhZGQiOiI1MDUub3V0bGluZS12cG4uY2xvdWQiLCJhaWQiOiIwIiwiYWxwbiI6IiIsImZwIjoiIiwiaG9zdCI6ImtlbGxpZS5tYWtldXAiLCJpZCI6IjAzZmNjNjE4LWI5M2QtNjc5Ni02YWVkLThhMzhjOTc1ZDU4MSIsIm5ldCI6IndzIiwicGF0aCI6Ii9saW5rdndzIiwicG9ydCI6IjQ0MyIsInBzIjoiQFYycmF5X2NhcnRlbCBNQ0kiLCJzY3kiOiJhdXRvIiwic25pIjoia2VsbGllLm1ha2V1cCIsInRscyI6InRscyIsInR5cGUiOiIiLCJ2IjoiMiJ9ss://Y2hhY2hhMjAtcG9seTEzMDU6dTE3VDNCdnBZYWFpdVcyYw==@series-a2-mec.samanehha.co:443#üåêelectron-v2ray Mar-17-18:00-197
