vless://Parsashonam-22@190.93.247.247:443?path=%2F&security=tls&encryption=none&alpn=h2,http/1.1&host=mail.offch.blog&fp=chrome&type=ws&sni=mail.offch.blog#üåê Updated on Mar-13-06:00 | update every 12 hours
vless://---DIGiV2RAY----@www.speedtest.net:80?path=%2FDigiv2ray-&security=none&encryption=none&host=%C3%A6d%C3%ADg%C3%AD.RadioTeHran.oRG.&type=ws#üåêelectron-v2ray Mar-13-06:00-1
vless://0dd1347e-e342-456c-b802-779b859cca42@104.31.16.32:443?path=%2Fmhdshws&security=tls&encryption=none&host=loolu.tech&type=ws&sni=loolu.tech#üåêelectron-v2ray Mar-13-06:00-2
vless://d672ec4f-afba-4f61-af09-eec872f97e99@104.25.4.3:443?path=%2Ffreecodes&security=tls&encryption=none&host=test57.pages.dev&type=ws&sni=test57.pages.dev#üåêelectron-v2ray Mar-13-06:00-3
eyJhZGQiOiJhdXRoLnNwZWVkdGVzdC5uZXQiLCJhaWQiOiIwIiwiYWxwbiI6IiIsImZwIjoiIiwiaG9zdCI6Im5lbGx5LmhvbWVzIiwiaWQiOiIwM2ZjYzYxOC1iOTNkLTY3OTYtNmFlZC04YTM4Yzk3NWQ1ODEiLCJuZXQiOiJ3cyIsInBhdGgiOiIvbGlua3Z3cyIsInBvcnQiOiI0NDMiLCJwcyI6IkBWbWVzc1Byb3RvY29sIOKtle+4jyDYsdmB2Lkg2YHbjNmE2KrYsSIsInNjeSI6ImF1dG8iLCJzbmkiOiJuZWxseS5ob21lcyIsInRscyI6InRscyIsInR5cGUiOiIiLCJ2IjoiMiJ9vless://d672ec4f-afba-4f61-af09-eec872f97e99@173.245.58.4:443?path=%2Ffreecodes&security=tls&encryption=none&host=test57.pages.dev&type=ws&sni=test57.pages.dev#üåêelectron-v2ray Mar-13-06:00-4
d672ec4f-afba-4f61-af09-eec872f97e99@104.25.4.3:443?path=%2Ffreecodes&security=tls&encryption=none&host=test57.pages.dev&type=ws&sni=test57.pages.dev#üåêelectron-v2ray Mar-13-06:00-5
dfb18c6f-731a-4898-a1c4-cc36c6055a90@162.159.8.55:443?path=Path%2FTelegram%40V2ray_alpha%2F%3Fed%3D2048&security=tls&encryption=none&host=w2.sylarsun.eu.org&type=ws&sni=w2.sylarsun.eu.org#üåêelectron-v2ray Mar-13-06:00-6
vless://376b9861-2fc6-4647-959c-18185cd9c95a@104.31.16.36:443?path=%2Ffflsws&security=tls&encryption=none&host=lmn39.sbs&type=ws&sni=lmn39.sbs#üåêelectron-v2ray Mar-13-06:00-7
vless://-----DIGiV2RAY-----@www.speedtest.net:80?path=%2FDigiv2ray-&security=none&encryption=none&host=%C3%A6d%C3%ADg%C3%AD.RadioTeHran.oRG.&type=ws#üåêelectron-v2ray Mar-13-06:00-8
trojan://telegram-id-privatevpns@18.168.51.92:22222?security=tls&alpn=http/1.1&headerType=none&type=tcp&sni=trojan.miwan.co.uk#üåêelectron-v2ray Mar-13-06:00-9
ss://Y2hhY2hhMjAtaWV0Zi1wb2x5MTMwNTo2NExiS0huQjNJTzc1OXVlRW5oZ01HQDUyLjE0Mi4xNjEuOTozNDQyNA==#üåêelectron-v2ray Mar-13-06:00-10
vless://3e190dcc-f077-41e1-9e75-e17cdf6c7ae9@www.speedtest.net:443?mode=gun&security=tls&encryption=none&alpn=h2,http/1.1&fp=chrome&type=grpc&serviceName=@ArV2ray,@ArV2ray,@ArV2ray,@ArV2ray,@ArV2ray,@ArV2ray,@ArV2ray,@ArV2ray,@ArV2ray,@ArV2ray,@ArV2ray,@ArV2ray,@ArV2ray,@ArV2ray&sni=s1.agh9731.ir#üåêelectron-v2ray Mar-13-06:00-11
ss://Y2hhY2hhMjAtaWV0Zi1wb2x5MTMwNTpGZ2x0YnBtNmNEOWVIU0ZoS0k2bWFD@45.89.52.197:32058#üåêelectron-v2ray Mar-13-06:00-12
f5840671-5fce-420d-a382-81eeb7f9be34@all.abrarvan.org:2087?path=%2F%40v2rray1_ng&security=tls&encryption=none&alpn=h2,http/1.1&host=xx.1lagvpn13.cfd&fp=chrome&type=ws&sni=xx.1lagvpn13.cfd#üåêelectron-v2ray Mar-13-06:00-13
vless://SvnTeam@mtn.vpnprosec.com:443?security=tls&encryption=none&headerType=none&type=tcp&sni=Grm.Join-SvnTeam.Online#üåêelectron-v2ray Mar-13-06:00-14
vless://telegram-id-ArV2ray@www.speedtest.net:80?path=/telegram-ArV2ray,telegram-ArV2ray,telegram-ArV2ray,telegram-ArV2ray,telegram-ArV2ray,telegram-ArV2ray,telegram-ArV2ray,telegram-ArV2ray,telegram-ArV2ray,telegram-ArV2ray,telegram-ArV2ray,telegram-ArV2ray?ed=2048&security=none&encryption=none&host=1.ArV2ray.xn--48jyb6eya.Store.&type=ws#üåêelectron-v2ray Mar-13-06:00-15
vless://446cf1db-74f9-4f26-91ad-3acb9fc2beb0@best.configforvpn.fun:2053?mode=gun&security=reality&encryption=none&pbk=d7ai1rsnr28Xv2F2TktDrZ_YCbUK55w0QHPHcUYWLR8&fp=chrome&spx=%2F&type=grpc&serviceName=@configforVPN&sni=greenpepper.ir&sid=614214c8#üåêelectron-v2ray Mar-13-06:00-16
vless://telegram-id-ArV2ray@www.speedtest.net:80?path=/telegram-ArV2ray,telegram-ArV2ray,telegram-ArV2ray,telegram-ArV2ray,telegram-ArV2ray,telegram-ArV2ray,telegram-ArV2ray,telegram-ArV2ray,telegram-ArV2ray,telegram-ArV2ray,telegram-ArV2ray,telegram-ArV2ray?ed=2048&security=none&encryption=none&host=1ArV2ray.xn--48jyb6eya.Store.&type=ws#üåêelectron-v2ray Mar-13-06:00-17
vless://5d0245cd-8412-4a32-b52c-ef810651e655@190.93.247.155:443?mode=gun&security=tls&encryption=none&alpn=h2,http/1.1&fp=chrome&type=grpc&serviceName=@Digiv2ray,@Digiv2ray,@Digiv2ray,@Digiv2ray,&sni=digi--v2raycncfs.RadioTeHran.oRG#üåêelectron-v2ray Mar-13-06:00-18
trojan://telegram-id-privatevpns@108.129.33.123:22222?security=tls&alpn=http/1.1&headerType=none&type=tcp&sni=trojan.miwan.co.uk#üåêelectron-v2ray Mar-13-06:00-19
vmess://eyJhZGQiOiAidzMub3JnIiwgImFpZCI6ICIwIiwgImFscG4iOiAiaDIiLCAiZnAiOiAiY2hyb21lIiwgImhvc3QiOiAiIiwgImlkIjogImRmYmJjOGRlLThhNGYtNDA3ZC04MDY5LTZkZTM4ZDgzYzRlMSIsICJuZXQiOiAiZ3JwYyIsICJwYXRoIjogIldnQ21wOHA4MEtEem82NHVIRSIsICJwb3J0IjogIjQ0MyIsICJzY3kiOiAiY2hhY2hhMjAtcG9seTEzMDUiLCAic25pIjogImhkZnk0YzIuZnJlZWFpcmxhaW5lcy5jb20iLCAidGxzIjogInRscyIsICJ0eXBlIjogIiIsICJ2IjogIjIiLCAicHMiOiAiXHVkODNkXHVkYzQ5XHVkODNjXHVkZDk0IEBGT1JXQVJEVjJSQVkifQ==#üåêelectron-v2ray Mar-13-06:00-20
vmess://eyJhZGQiOiIxMDQuMTguMTIuMTkyIiwiYWlkIjoiMCIsImFscG4iOiIiLCJmcCI6IiIsImhvc3QiOiJyb2RpY2FuMDh2bS5tci1yYWR3YW4tZGFvdWQuZGUiLCJpZCI6IjkyMDkyZjMwLTdlMDgtNDhiMi1hNmIwLWNmZTNiOTExMjk4MiIsIm5ldCI6IndzIiwicGF0aCI6Ii92bWVzcyIsInBvcnQiOiI0NDMiLCJwcyI6IkBDbG91ZENpdHl5Iiwic2N5IjoiYXV0byIsInNuaSI6InJvZGljYW4wOHZtLm1yLXJhZHdhbi1kYW91ZC5kZSIsInRscyI6InRscyIsInR5cGUiOiIiLCJ2IjoiMiJ9#üåêelectron-v2ray Mar-13-06:00-21
vless://Venom-Servers@discord.com:443/?type=grpc&serviceName=Telegram-Channel%40Venom_ServersTelegram-Channel%40Venom_ServersTelegram-Channel%40Venom_ServersTelegram-Channel%40Venom_ServersTelegram-Channel%40Venom_ServersTelegram-Channel%40Venom_ServersTelegram-Channel%40Venom_ServersTelegram-Channel%40Venom_ServersTelegram-Channel%40Venom_ServersTelegram-Channel%40Venom_ServersTelegram-Channel%40Venom_ServersTelegram-Channel%40Venom_ServersTelegram-Channel%40Venom_ServersTelegram-Channel%40Venom_ServersTelegram-Channel%40Venom_ServersTelegram-Channel%40Venom_Servers&security=tls&fp=chrome&alpn=h2%2Chttp%2F1.1&sni=fs3.snowborn.ir#üåêelectron-v2ray Mar-13-06:00-22
vless://02514d80-8007-47f7-8aaf-28c1da64f915@185.211.59.210:443?security=none&encryption=none&headerType=http&type=tcp#üåêelectron-v2ray Mar-13-06:00-23
vless://TMCUSTOMIZE-VPNCUSTOMIZE@54.37.76.9:443?security=tls&encryption=none&alpn=h2,http/1.1&headerType=none&type=tcp&flow=xtls-rprx-vision&sni=cdn.kellekcollection.com#üåêelectron-v2ray Mar-13-06:00-24
vless://--DIGiV2RAY---@154.197.75.92:80?path=%2FDigiv2ray-&security=none&encryption=none&host=digi--v2raycncfs.RadioTeHran.oRG.&type=ws#üåêelectron-v2ray Mar-13-06:00-25
vless://telegram-id-ArV2ray@www.speedtest.net:80?path=%2Ftelegram-ArV2ray%2Ctelegram-ArV2ray%2Ctelegram-ArV2ray%2Ctelegram-ArV2ray%2Ctelegram-ArV2ray%2Ctelegram-ArV2ray%2Ctelegram-ArV2ray%2Ctelegram-ArV2ray%2Ctelegram-ArV2ray%2Ctelegram-ArV2ray%2Ctelegram-ArV2ray%2Ctelegram-ArV2ray%3Fed%3D2048&security=none&encryption=none&host=telArV2ray.%E3%82%89%E3%82%8F%E3%81%AA%E3%81%95.Store.&type=ws#üåêelectron-v2ray Mar-13-06:00-26
vless://telegram-id-ArV2ray@91.107.186.175:443?mode=gun&security=reality&encryption=none&pbk=jsI4GV7A_BAjLydaw-XESSwCwCvE1ki7xIFWOZgwjSw&fp=firefox&type=grpc&serviceName=@ArV2ray,@ArV2ray,@ArV2ray,@ArV2ray,@ArV2ray,@ArV2ray,@ArV2ray,@ArV2ray,@ArV2ray,@ArV2ray,@ArV2ray,@ArV2ray,@ArV2ray,@ArV2ray&sni=greenpepper.ir&sid=290c3561#üåêelectron-v2ray Mar-13-06:00-27
vless://ca89921a-c01d-4a96-961e-fdeb52ed6513@root.configforvpn.fun:443?path=%2Fcdn&security=tls&encryption=none&alpn=h2,http/1.1&host=root.configforvpn.fun&fp=chrome&type=ws&sni=root.configforvpn.fun#üåêelectron-v2ray Mar-13-06:00-28
trojan://telegram-id-privatevpns@35.181.216.185:22222?security=tls&alpn=http/1.1&headerType=none&type=tcp&sni=trojan.miwan.co.uk#üåêelectron-v2ray Mar-13-06:00-29
vless://66528e20-d02f-449e-b642-6f8ab541125c@62.60.135.100:2086?path=%2F&security=none&encryption=none&host=speedtest.net&type=ws#üåêelectron-v2ray Mar-13-06:00-30
80df9a7c-29f9-4a5f-830d-b695a78eb1e3@95.179.246.47:10272?security=none&encryption=none&host=speedtest.net&headerType=http&type=tcp#üåêelectron-v2ray Mar-13-06:00-31
04a93bb8-0a5b-4aa8-ab7f-31fc7adab1c1@104.21.28.62:443?path=%2F%3Fed%3D2048&security=tls&encryption=none&host=edgu.pureboy.eu.org&fp=chrome&type=ws&sni=edgu.pureboy.eu.org#üåêelectron-v2ray Mar-13-06:00-32
f4cec6cc-6177-423c-90f8-2ad9f0dd996b@iranserver.com:2096?path=Telegram%40SINABIGO%2F%3Fed%3D2048&security=tls&encryption=none&host=vpnct.arvancode.eu.org&fp=chrome&type=ws&sni=vpnct.arvancode.eu.org#üåêelectron-v2ray Mar-13-06:00-33
ar-vless://4O0btxXUgi4Vm5tWIAswQl1yC+zY0Zi5iKmlGFftXATqqNv2DRgexh974Zy/91lE0hvyhaLG99sykBXbL1D7EgBM/ycIXANefM78Fykz1CYAwLwXiNrcAAUIJ313/wKCnC6fTv71tfk7mjZVmmsKYQN9AyO48wDK0ulxUGP75O4hCe5/2mHyuiqqvC7KJy8OpHGcFufNe/PaZxgUANTr3eaTlHTX3no/bwoT7oDkhNwlxqgwZcIidbX9TjAWeikWVlr41f6ztHRVR90BmudtYI8yqrhaAZFeld6PV7/bG44=#üåêelectron-v2ray Mar-13-06:00-34
ar-vless://c+BWxBsDNA/8ImklNpajnxvmDi31rhCpSxSWGkMtyGM62/314EOEMTW7UuEsB5eV0hvyhaLG99sykBXbL1D7EgBM/ycIXANefM78Fykz1CYAwLwXiNrcAAUIJ313/wKCnC6fTv71tfk7mjZVmmsKYQN9AyO48wDK0ulxUGP75O4hCe5/2mHyuiqqvC7KJy8OpHGcFufNe/PaZxgUANTr3eaTlHTX3no/bwoT7oDkhNwlxqgwZcIidbX9TjAWeikWVlr41f6ztHRVR90BmudtYI8yqrhaAZFeld6PV7/bG44=#üåêelectron-v2ray Mar-13-06:00-35
vless://--MsV2ray--MsV2ray--@All.MsV2ray.online:2095?path=%2F%40MsV2ray%2C%40MsV2ray%2C%40MsV2ray%2C%40MsV2ray%3Fed%3D2048&security=none&encryption=none&host=q.q.%E7%A7%91%E6%96%AF%E6%B6%85%E9%81%8E%E6%BF%BE%E5%99%A8.website&type=ws#üåêelectron-v2ray Mar-13-06:00-36
trojan://telegram-id-privatevpns@13.43.191.66:22222?security=tls&alpn=http/1.1&headerType=none&type=tcp&sni=trojan.miwan.co.uk#üåêelectron-v2ray Mar-13-06:00-37
trojan://telegram-id-privatevpns@3.11.105.224:22222?security=tls&alpn=http/1.1&headerType=none&type=tcp&sni=trojan.miwan.co.uk#üåêelectron-v2ray Mar-13-06:00-38
trojan://telegram-id-privatevpns@34.255.219.5:22222?security=tls&alpn=http/1.1&headerType=none&type=tcp&sni=trojan.miwan.co.uk#üåêelectron-v2ray Mar-13-06:00-39
vless://dfb18c6f-731a-4898-a1c4-cc36c6055a90@w2.sylarsun.eu.org:443?path=%2F%3Fed&security=tls&encryption=none&host=w2.sylarsun.eu.org&type=ws&sni=w2.sylarsun.eu.org#üåêelectron-v2ray Mar-13-06:00-40
dfb18c6f-731a-4898-a1c4-cc36c6055a90@w2.sylarsun.eu.org:443?path=%2F%3Fed&security=tls&encryption=none&host=w2.sylarsun.eu.org&type=ws&sni=w2.sylarsun.eu.org#üåêelectron-v2ray Mar-13-06:00-41
vless://9c73d5c4-c555-4926-b2d0-96f1ba69b3cb@tb.vpn24.info:25677?encryption=none&security=none&type=tcp&headerType=http&host=telewebion.com#üåêelectron-v2ray Mar-13-06:00-42
vless://vpn-xw@195.137.167.76:2086?path=%2F%3Fed%3D2048&security=none&encryption=none&host=xw.xn--4gq0a0fu2d74d5z7ajgm893a7c3d4tf.website.&type=ws#üåêelectron-v2ray Mar-13-06:00-43
vless://19f143e1-95dc-42f6-f4b4-0554988e876d@37.32.10.174:33269/?type=ws&path=%2F%40VPNlime&security=none#üåêelectron-v2ray Mar-13-06:00-44
vless://5d0245cd-8412-4a32-b52c-ef810651e657@190.93.247.155:443?mode=gun&security=tls&encryption=none&alpn=h2,http/1.1&fp=chrome&type=grpc&serviceName=@Digiv2ray,@Digiv2ray,@Digiv2ray,@Digiv2ray,&sni=digi--v2raycncfs.RadioTeHran.oRG#üåêelectron-v2ray Mar-13-06:00-45
vmess://eyJhZGQiOiIxNDYuNTkuMTQ3LjI1MCIsImFpZCI6IjAiLCJob3N0IjoiIiwiaWQiOiI4MjQ0N2FiZi1kY2I5LTQwOGEtOWNhNi03OWUwYTc2OThkMDgiLCJuZXQiOiJ0Y3AiLCJwYXRoIjoiIiwicG9ydCI6IjI5Nzc2IiwicHMiOiLaqdin2YbYp9mEIDogQFYycmF5Tkd2cG5pIiwic25pIjoiIiwidGxzIjoiIiwidHlwZSI6Im5vbmUiLCJ2IjoiMiJ9#üåêelectron-v2ray Mar-13-06:00-46
vless://00f4ebcf-6bae-4eb2-9064-2a272e4d4875@cdn.melodyshopone2.ir:8080?path=%2F&security=none&encryption=none&host=cdn.melodyshopone2.ir&type=ws#üåêelectron-v2ray Mar-13-06:00-47
vless://8b61791d-7420-4df5-8c2e-5c6416c26dce@185.110.246.202:2267?type=ws&security=none&path=%2F&host=telewebion.com#üåêelectron-v2ray Mar-13-06:00-48
vless://--MsV2ray---MsV2ray--@All.MsV2ray.online:2095?path=%2F%40MsV2ray%2C%40MsV2ray%2C%40MsV2ray%2C%40MsV2ray%3Fed%3D2048&security=none&encryption=none&host=q.q.%E7%A7%91%E6%96%AF%E6%B6%85%E9%81%8E%E6%BF%BE%E5%99%A8.website&type=ws#üåêelectron-v2ray Mar-13-06:00-49
vless://f38ef965-f6ae-402c-ab2c-1d42ae49bc9b@104.18.203.232:2095?path=%2F&security=none&encryption=none&host=woudyoulike_none.error.sss20202020202020.iran-check-host-server-sitesssssssssssssssssssssss--sssssssssss.com&type=ws#üåêelectron-v2ray Mar-13-06:00-50
DIGiV2RAY@www.speedtest.net:80?path=%2FDigiv2ray-&security=none&encryption=none&host=%C3%A6d%C3%ADg%C3%AD.RadioTeHran.oRG.&type=ws#üåêelectron-v2ray Mar-13-06:00-51
eyJhZGQiOiIxNzIuNjcuMTcwLjEzIiwiYWlkIjoiMCIsImFscG4iOiIiLCJmcCI6IiIsImhvc3QiOiJnbHdlaWRmLnNicyIsImlkIjoiNzYyMjFiZmItZTkyZi00ZTgwLTgxYzUtNmZlNDhmNTBhYzBiIiwibmV0Ijoid3MiLCJwYXRoIjoiL2xpbmt3cyIsInBvcnQiOiI0NDMiLCJwcyI6IkBWMnJheV9jYXJ0ZWwxIiwic2N5IjoiYXV0byIsInNuaSI6Imdsd2VpZGYuc2JzIiwidGxzIjoidGxzIiwidHlwZSI6IiIsInYiOiIyIn0=vless://f5840671-5fce-420d-a382-81eeb7f9be34@all.abrarvan.org:2087?path=%2F%40v2rray1_ng&security=tls&encryption=none&alpn=h2,http/1.1&host=xx.1lagvpn13.cfd&fp=chrome&type=ws&sni=xx.1lagvpn13.cfd#üåêelectron-v2ray Mar-13-06:00-52
vmess://eyJhZGQiOiIxNzIuNjcuMTcwLjEzIiwiYWlkIjoiMCIsImFscG4iOiIiLCJmcCI6IiIsImhvc3QiOiJnbHdlaWRmLnNicyIsImlkIjoiNzYyMjFiZmItZTkyZi00ZTgwLTgxYzUtNmZlNDhmNTBhYzBiIiwibmV0Ijoid3MiLCJwYXRoIjoiL2xpbmt3cyIsInBvcnQiOiI0NDMiLCJwcyI6IkBWMnJheV9jYXJ0ZWwxIiwic2N5IjoiYXV0byIsInNuaSI6Imdsd2VpZGYuc2JzIiwidGxzIjoidGxzIiwidHlwZSI6IiIsInYiOiIyIn0=#üåêelectron-v2ray Mar-13-06:00-53
trojan://telegram-id-privatevpns@15.236.108.169:22222?security=tls&alpn=http/1.1&headerType=none&type=tcp&sni=trojan.miwan.co.uk#üåêelectron-v2ray Mar-13-06:00-54
vmess://eyJhZGQiOiAiMi5uYW1lc2lsbzEyMy50b3AiLCAiYWlkIjogIjAiLCAiYWxwbiI6ICIiLCAiZnAiOiAiIiwgImhvc3QiOiAiZGUuc2FuZmVuMDAyLnRvcCIsICJpZCI6ICI0ZDY4ZGE4Mi1lOGQwLTRlYWEtYWVjOS0wZGY0YTIzZTFhMDQiLCAibmV0IjogIndzIiwgInBhdGgiOiAiLz9lZD0yMDQ4IiwgInBvcnQiOiAiODAiLCAic2N5IjogImF1dG8iLCAic25pIjogIiIsICJ0bHMiOiAiIiwgInR5cGUiOiAiIiwgInYiOiAiMiIsICJwcyI6ICJcdWQ4M2RcdWRjNDlcdWQ4M2NcdWRkOTQgQEZPUldBUkRWMlJBWSJ9#üåêelectron-v2ray Mar-13-06:00-55
vless://a63caad0-3d94-4fa7-956d-439524c6cdf5@cloud.configforvpn.fun:2096?path=%2Fmm&security=tls&encryption=none&fp=chrome&type=ws&sni=root.configforvpn.fun#üåêelectron-v2ray Mar-13-06:00-56
vmess://eyJhZGQiOiJiZXN0LmNvbmZpZ2ZvcnZwbi5mdW4iLCJhaWQiOiIwIiwiYWxwbiI6IiIsImZwIjoiIiwiaG9zdCI6ImJlc3QuY29uZmlnZm9ydnBuLmZ1biIsImlkIjoiYWEzMmVmZGQtZGZiOS00N2ZlLWFjMTMtNWIyY2JjMGRjMjE1IiwibmV0Ijoid3MiLCJwYXRoIjoiLyIsInBvcnQiOiI4ODgwIiwicHMiOiJAQ29uZmlnZm9yVlBOIiwic2N5IjoiYXV0byIsInNuaSI6IiIsInRscyI6IiIsInR5cGUiOiIiLCJ2IjoiMiJ9#üåêelectron-v2ray Mar-13-06:00-57
ar-vless://i0M0+6WKc7BMVvptFHPPlTiIf2CwWwR+knjueonG0ur/Gt+gfSBgv/p08lOsJ8VrbVxuT5Qe/fbnlYBWKzJxPFZTMoGW8G082VfdTK/Zz0nVQqoSnS5jMhwumZYaqCoqFMKqcLR7BND0m6RzZ7uf6nj+kolgKoIigVrpnH9DT4zWjWDRoJkek96ZibxNqrflCx1SM4hw9QBJAwrAdwBdgnjPCAh+FuTTHoFuNfdnuqLTdhCk/oR3jS1K1ZXxXywenjyWBhe/YhgBkLOQF/8i/uJXAjT4LyR/WFMMy9+Yi4g8vUxES/SMXuWFmgnU1YDvog/tKG+alOWdCQcIo6f0+fT7dKKfQtFKdrBbVhiZ9gDyL3owvI5WT1aRE0YY701TLlslt/m0bePLNkAYcaWWbA==#üåêelectron-v2ray Mar-13-06:00-58
vless://2577ad96-0ea5-478e-db8e-f89928bf1e74@don.dayvip.ir:2096?mode=gun&security=tls&encryption=none&alpn=h2,http/1.1&type=grpc&serviceName=&sni=elv1.amshvip.ir#üåêelectron-v2ray Mar-13-06:00-59
vmess://eyJhZGQiOiAiNC5uYW1lc2lsbzEyMy50b3AiLCAiYWlkIjogIjAiLCAiYWxwbiI6ICIiLCAiZnAiOiAiIiwgImhvc3QiOiAiZGUuc2FuZmVuMDAyLnRvcCIsICJpZCI6ICI0ZDY4ZGE4Mi1lOGQwLTRlYWEtYWVjOS0wZGY0YTIzZTFhMDQiLCAibmV0IjogIndzIiwgInBhdGgiOiAiLz9lZD0yMDQ4IiwgInBvcnQiOiAiODAiLCAic2N5IjogImF1dG8iLCAic25pIjogIiIsICJ0bHMiOiAiIiwgInR5cGUiOiAiIiwgInYiOiAiMiIsICJwcyI6ICJcdWQ4M2RcdWRjNDlcdWQ4M2NcdWRkOTQgQEZPUldBUkRWMlJBWSJ9#üåêelectron-v2ray Mar-13-06:00-60
vless://09ffb106-0e84-482e-a893-ff65255c6e3f@78.157.57.27:2834?type=ws&security=none&path=%2F#üåêelectron-v2ray Mar-13-06:00-61
trojan://telegram-id-privatevpns@13.49.50.173:22222?security=tls&alpn=http/1.1&headerType=none&type=tcp&sni=trojan.miwan.co.uk#üåêelectron-v2ray Mar-13-06:00-62
vless://b9ad895b-12ac-40fc-a5ac-a5b2a1285001@172.64.89.170:443?path=%2F%3Fed&security=tls&encryption=none&host=3k.pureboy.eu.org&type=ws&sni=3k.pureboy.eu.org#üåêelectron-v2ray Mar-13-06:00-63
vmess://eyJhZGQiOiAiMTg4LjExNC45Ny4zIiwgImFpZCI6ICIwIiwgImFscG4iOiAiIiwgImZwIjogIiIsICJob3N0IjogImFmcmhtczE2di5iZXN0eHJheS5idXp6IiwgImlkIjogImY1ODRkZTE1LTIwMzQtNDE3MC1hNzIzLWY0OGMyYmFlNWUwZiIsICJuZXQiOiAid3MiLCAicGF0aCI6ICIvbGlua3dzIiwgInBvcnQiOiAiNDQzIiwgInNjeSI6ICJhdXRvIiwgInNuaSI6ICJhZnJobXMxNnYuYmVzdHhyYXkuYnV6eiIsICJ0bHMiOiAidGxzIiwgInR5cGUiOiAiIiwgInYiOiAiMiIsICJwcyI6ICJcdWQ4M2RcdWRjNDlcdWQ4M2NcdWRkOTQgQEZPUldBUkRWMlJBWSJ9#üåêelectron-v2ray Mar-13-06:00-64
vless://----DIGiV2RAY-----@www.speedtest.net:80?path=%2FDigiv2ray-&security=none&encryption=none&host=%C3%A6d%C3%ADg%C3%AD.RadioTeHran.oRG.&type=ws#üåêelectron-v2ray Mar-13-06:00-65
ar-vless://Y91IVUp0JbowNWQouOowkQ5TBlkVBe6QBPwzdtwpGT7sTBu6v/Y0sC9/zUWwB8WkbVxuT5Qe/fbnlYBWKzJxPFZTMoGW8G082VfdTK/Zz0nVQqoSnS5jMhwumZYaqCoqFMKqcLR7BND0m6RzZ7uf6nj+kolgKoIigVrpnH9DT4zWjWDRoJkek96ZibxNqrflCx1SM4hw9QBJAwrAdwBdgj0z6lFRpX08e1ZkF/s7cEjteoOosHKHzKSDi5FxmQkqd4bxU8HzWiMH32PoQxrziZQXa5uwbgTcvlZNJMioyXYxlPb/W4NTzm1ei5hBlVkgpJBxgo30UwKeTWN/9FMJto0LFoEd6uiYoh3pYeOjtYUWo76aPzLEYVdjBhEbqRJMjxEbQewhC0OKrTOmZgQEvA==#üåêelectron-v2ray Mar-13-06:00-66
vless://---DIGiV2RAY----@154.197.75.92:80?path=%2FDigiv2ray-&security=none&encryption=none&host=digi--v2raycncfs.RadioTeHran.oRG.&type=ws#üåêelectron-v2ray Mar-13-06:00-67
vless://DIGiV2RAY@www.speedtest.net:80?path=%2FDigiv2ray-&security=none&encryption=none&host=%C3%A6d%C3%ADg%C3%AD.RadioTeHran.oRG.&type=ws#üåêelectron-v2ray Mar-13-06:00-68
vless://CONFIG-WANCLOUDFA@49.12.64.220:443?security=none&encryption=none&headerType=none&type=tcp#üåêelectron-v2ray Mar-13-06:00-69
vless://Parsashonam-24@www.speedtest.net:8080?path=%2F&security=none&encryption=none&host=Parsashonam.%E6%88%91%E4%BB%AC%E7%B4%AF%E4%BA%86.tech.&type=ws#üåêelectron-v2ray Mar-13-06:00-70
vless://c688395a-b36b-4071-974b-bc91ac2ad2c4@104.21.84.180:443?path=%2F&security=tls&encryption=none&host=edtunnel-b6t.pages.dev&type=ws&sni=edtunnel-b6t.pages.dev#üåêelectron-v2ray Mar-13-06:00-71
vless://8d41aa81-caaf-40dc-ab6a-5a5f298a6a4a@213.233.179.15:2398?type=ws&security=none&path=%2F&host=telewebion.com#üåêelectron-v2ray Mar-13-06:00-72
vless://7e29f2e2-e0ec-47c5-94ec-38ef90f7a106@104.24.0.28:2053?path=vless-ws%3Fed&security=tls&encryption=none&alpn=http/1.1&host=guq22.oxnetwORKs.LiNK&fp=chrome&type=ws&sni=guq22.oxnetwORKs.LiNK#üåêelectron-v2ray Mar-13-06:00-73
vless://TMCUSTOMIZE---VPNCUSTOMIZE@www.speedtest.net:80?path=%2F&security=none&encryption=none&host=TMCUSTOMIZE.xn--79-pv2cvta065cac9302fea377a148g.tech.&type=ws#üåêelectron-v2ray Mar-13-06:00-74
vless://d5c419b1-06af-4beb-9bab-08507d68e111@Vpn-MikeyMci.myftp.org:80?path=%2F%40Vpn_Mikey%D8%8C%40Vpn_Mikey&security=none&encryption=none&host=Vpn-Mikey.%E6%AC%A2%E8%BF%8E%E8%AE%BF%E6%AC%A2%E8%BF%8E%E8%AE%BF%E9%97%AE%E4%B8%AD.website.&type=ws#üåêelectron-v2ray Mar-13-06:00-75
trojan://telegram-id-privatevpns@18.202.15.226:22222?security=tls&alpn=http/1.1&headerType=none&type=tcp&sni=trojan.miwan.co.uk#üåêelectron-v2ray Mar-13-06:00-76
ar-vless://SQYF0qYSbeYmV9CPXn9iyPxjNCitaIBoR5kyJyFrbaWAmKlsb+L2rtrIEN84XteVbVxuT5Qe/fbnlYBWKzJxPFZTMoGW8G082VfdTK/Zz0nVQqoSnS5jMhwumZYaqCoqFMKqcLR7BND0m6RzZ7uf6nj+kolgKoIigVrpnH9DT4zWjWDRoJkek96ZibxNqrflCx1SM4hw9QBJAwrAdwBdgnjPCAh+FuTTHoFuNfdnuqLTdhCk/oR3jS1K1ZXxXywenjyWBhe/YhgBkLOQF/8i/uJXAjT4LyR/WFMMy9+Yi4g8vUxES/SMXuWFmgnU1YDvog/tKG+alOWdCQcIo6f0+fT7dKKfQtFKdrBbVhiZ9gDyL3owvI5WT1aRE0YY701TLlslt/m0bePLNkAYcaWWbA==#üåêelectron-v2ray Mar-13-06:00-77
vless://64cbc98b-ac68-429b-8469-6ebca52428d1@tk.ownvpn.buzz:3600?type=ws&security=none&path=%2F&host=telewebion.com#üåêelectron-v2ray Mar-13-06:00-78
vless://b9ad895b-12ac-40fc-a5ac-a5b2a1285001@172.64.89.170:443?path=%2F%3Fed%3D2048&security=tls&encryption=none&host=3k.pureboy.eu.org&type=ws&sni=3k.pureboy.eu.org#üåêelectron-v2ray Mar-13-06:00-79
vless://2a269c03-fd20-46e2-8464-60b10a244801@104.20.2.1:80?path=%2Fdl%2Findex.php&security=none&encryption=none&host=RFDJCK.%D8%B3%DB%8C%D8%B3%DB%8C.wOrLd&type=ws#üåêelectron-v2ray Mar-13-06:00-80
vless://7646b393-88e0-4441-b832-a527ef8d927b@own.vpn24.info:3389?encryption=none&security=none&type=tcp&headerType=http&host=telewebion.com#üåêelectron-v2ray Mar-13-06:00-81
vless://vpn-xw@www.visa.com:2086?path=%2F%3Fed%3D2048&security=none&encryption=none&host=xw.xn--4gq0a0fu2d74d5z7ajgm893a7c3d4tf.website.&type=ws#üåêelectron-v2ray Mar-13-06:00-82
ss://Y2hhY2hhMjAtaWV0Zi1wb2x5MTMwNTpKM3cvOG0wNnJDS0dPdWk2aWRFNlBxVFV6bU9Ca1hLMkdaclZZN0VFVldrPQ==@18.184.253.42:2096#üåêelectron-v2ray Mar-13-06:00-83
fad6d0fb-103a-473f-bbfd-ab1b0ca487bc@104.31.16.9:80?path=%2F&security=none&encryption=none&host=lashashin.garayane.heydas.heydasgermany.name.ng&type=ws#üåêelectron-v2ray Mar-13-06:00-84
eyJhZGQiOiIxMDQuMjYuMTAuNTYiLCJhaWQiOiIwIiwiYWxwbiI6IiIsImZwIjoiIiwiaG9zdCI6Imtsb3Au56iL5byP6Kit6KiI6Kqe6KiALndlYnNpdGUuIiwiaWQiOiIzZmFiM2ZlMi03YmMzLTRiMjktYmU5Ni0yZGNjNzlkNTQ4YWQiLCJuZXQiOiJ3cyIsInBhdGgiOiIvP0B2MnJheV9ldmVyeV8xMl9ob3Vyc2VkXHUwMDNkMjA0OCIsInBvcnQiOiIyMDk1IiwicHMiOiLinIXYs9ix2YjYsdmH2KfbjNio24zYtNiq2LHYr9ix2qnYp9mG2KfZhDpwcnJvZmlsZV9wdXJwbGVA4pyFIiwic2N5IjoiYXV0byIsInNuaSI6IiIsInRscyI6IiIsInR5cGUiOiIiLCJ2IjoiMiJ9ü§™vless://29f8ad12-ea84-431b-bf32-9d3fb5cf2aa2@188.114.99.243:443?path=Path%2FTelegram%40V2ray_alpha%2F%3Fed%3D2048&security=tls&encryption=none&host=w1.sylar8.eu.org&type=ws&sni=w1.sylar8.eu.org#üåêelectron-v2ray Mar-13-06:00-85
b9ad895b-12ac-40fc-a5ac-a5b2a1285001@172.64.89.170:443?path=%2F%3Fed%3D2048&security=tls&encryption=none&host=3k.pureboy.eu.org&type=ws&sni=3k.pureboy.eu.org#üåêelectron-v2ray Mar-13-06:00-86
vless://788c24fa-af91-4b0d-a589-48381b07101a@168.119.107.162:35448/?type=tcp&security=none#üåêelectron-v2ray Mar-13-06:00-87
vless://40b7d140-2ae6-4ef5-a1bd-46c430bf89ab@cdn.melodyshopone2.ir:8080?path=%2F&security=none&encryption=none&host=cdn.melodyshopone2.ir&type=ws#üåêelectron-v2ray Mar-13-06:00-88
vless://c5baa583-b86e-4cff-9ae7-2e69bd99811e@all.v-2rayngvpn.cfd:2083?security=tls&encryption=none&headerType=none&type=tcp&sni=Loop.v2rayvpn2.sbs#üåêelectron-v2ray Mar-13-06:00-89
vless://08b58907-305c-4413-86bd-c8855f5bac0b@best.configforvpn.fun:443?path=%2Fcdn&security=tls&encryption=none&alpn=h2,http/1.1&fp=chrome&type=ws&sni=best.configforvpn.fun#üåêelectron-v2ray Mar-13-06:00-90
vless://DIGiV2RAY@154.197.75.80:80?path=%2FDigiv2ray-&security=none&encryption=none&host=digi--v2raycncfs.RadioTeHran.oRG.&type=ws#üåêelectron-v2ray Mar-13-06:00-91
vless://Id-telegram-CloudCityy@Shop1.IpCloud.shop:2053?mode=gun&security=reality&encryption=none&pbk=bDGPf3VN_9X6UEP0KEOBG9YKcbi6PeM_jhaiMGjJPjY&fp=firefox&type=grpc&serviceName=Id-telegram-@CloudCityy-Id-telegram-@CloudCityy-Id-telegram-@CloudCityy-Id-telegram-@CloudCityy-Id-telegram-@CloudCityy-&sni=www.discord.com&sid=b02517b9#üåêelectron-v2ray Mar-13-06:00-92
vless://7cd6adff-8849-4fad-b3b3-857721c81477@49.13.74.174:8080?type=ws&path=%2F%40VPNLime&host=fast.com&security=none#üåêelectron-v2ray Mar-13-06:00-93
trojan://telegram-id-privatevpns@18.171.22.104:22222?security=tls&alpn=http/1.1&headerType=none&type=tcp&sni=trojan.miwan.co.uk#üåêelectron-v2ray Mar-13-06:00-94
vless://62c2eff4-0bdb-484d-b2bb-4330493053f4@zula.ir:443?mode=multi&security=tls&encryption=none&alpn=h2,http/1.1&type=grpc&serviceName=&sni=sooli1.scottscustomwear.com#üåêelectron-v2ray Mar-13-06:00-95
ss://Y2hhY2hhMjAtaWV0Zi1wb2x5MTMwNTp4dmh6VE1vbDlDS1NwUnFqRHlURnE4@[2a12:5940:4269::2]:62070#üåêelectron-v2ray Mar-13-06:00-96
vless://d342d11e-d424-4583-b36e-524ab1f0afa4@104.21.43.16:443?path=path%2FTELEGRAM...+FreakConfig%3Fed%3D2048&security=tls&encryption=none&host=baipiao406.stunning-bassoon.pages.dev&type=ws&sni=baipiao406.stunning-bassoon.pages.dev#üåêelectron-v2ray Mar-13-06:00-97
vless://5d0245cd-8412-4a32-b52c-ef810651e653@190.93.247.155:443?mode=gun&security=tls&encryption=none&alpn=h2,http/1.1&fp=chrome&type=grpc&serviceName=@Digiv2ray,@Digiv2ray,@Digiv2ray,@Digiv2ray,&sni=digi--v2raycncfs.RadioTeHran.oRG#üåêelectron-v2ray Mar-13-06:00-98
vless://cbe7aa50-5755-4971-f1ac-a5d3bfc0f363@95.38.153.33:33269/?type=ws&path=%2F%40VPNlime&security=none#üåêelectron-v2ray Mar-13-06:00-99
vless://CUSTOMIZEV2ray@154.197.75.80:8080?path=/@VPNCUSTOMIZE&security=none&encryption=none&host=V2rayCUSTOMIZE.xn--4oq36ed28d.ORG.&type=ws#üåêelectron-v2ray Mar-13-06:00-100
vless://00a77d98-a067-4fd3-9031-52526a32becc@cloud.configforvpn.fun:2096?path=%2Fmm&security=tls&encryption=none&fp=chrome&type=ws&sni=root.configforvpn.fun#üåêelectron-v2ray Mar-13-06:00-101
vless://--DIGiV2RAY---@www.speedtest.net:80?path=%2FDigiv2ray-&security=none&encryption=none&host=%C3%A6d%C3%ADg%C3%AD.RadioTeHran.oRG.&type=ws#üåêelectron-v2ray Mar-13-06:00-102
trojan://telegram-id-privatevpns@13.50.25.91:22222?security=tls&alpn=http/1.1&headerType=none&type=tcp&sni=trojan.miwan.co.uk#üåêelectron-v2ray Mar-13-06:00-103
vless://----DIGiV2RAY----@154.197.75.92:80?path=%2FDigiv2ray-&security=none&encryption=none&host=digi--v2raycncfs.RadioTeHran.oRG.&type=ws#üåêelectron-v2ray Mar-13-06:00-104
vless://f7204e0a-0bb3-4b6e-be7c-e22c8ccd357f@104.18.202.232:2052?path=%2F%3Fed%3D2048&security=none&encryption=none&host=Xmrdark.%F0%9F%91%BD%F0%9F%91%BD%F0%9F%91%BD.V2ray.%F0%9F%91%A8%F0%9F%8F%BC%E2%80%8D%F0%9F%92%BB.radiotehran.tech.&type=ws#üåêelectron-v2ray Mar-13-06:00-105
vless://6e34f2c5-6c71-4010-c292-10d05ef4a9a2@188.114.97.143:443?path=%2F%3Fed%3D2048&security=tls&encryption=none&host=current.ircp.online&type=ws&sni=current.ircp.online#üåêelectron-v2ray Mar-13-06:00-106
vless://--DIGiV2RAY--@154.197.75.84:80?path=%2FDigiv2ray-&security=none&encryption=none&host=digi--v2raycncfs.RadioTeHran.oRG.&type=ws#üåêelectron-v2ray Mar-13-06:00-107
vless://cc7a59ce-eee7-4503-afc1-d73703c40993@[2a01:4f8:1c0c:7523::1]:2096?mode=multi&security=reality&encryption=none&pbk=fkSxbZt-AETccsW2WfmHBP5RhiLy6Nk1vdEgYdnYQUc&fp=chrome&spx=%2F&type=grpc&serviceName=ZEDMODEON-ZEDMODEON&sni=sourceforge.net&sid=c8129c93#üåêelectron-v2ray Mar-13-06:00-108
vmess://eyJhZGQiOiIxMDQuMTguMTIuMTkyIiwiYWlkIjoiMCIsImFscG4iOiIiLCJmcCI6IiIsImhvc3QiOiJyb2RpY2FuMDh2bS5tci1yYWR3YW4tZGFvdWQuZGUiLCJpZCI6IjkyMDkyZjMwLTdlMDgtNDhiMi1hNmIwLWNmZTNiOTExMjk4MiIsIm5ldCI6IndzIiwicGF0aCI6Ii92bWVzcyIsInBvcnQiOiI4MCIsInBzIjoiQENsb3VkQ2l0eXkiLCJzY3kiOiJhdXRvIiwic25pIjoiIiwidGxzIjoiIiwidHlwZSI6IiIsInYiOiIyIn0=#üåêelectron-v2ray Mar-13-06:00-109
vless://47cb67c7-00ec-49b5-cd2b-a3edbcfcae2c@172.233.57.233:54538?security=none&encryption=none&host=fast.com&headerType=http&type=tcp#üåêelectron-v2ray Mar-13-06:00-110
vmess://ewogICJ2IjogIjIiLAogICJwcyI6ICItQ2hhbm5lbDo6IEBWUE5MaW1lIiwKICAiYWRkIjogIjE2OC4xMTkuMTA3LjE2MiIsCiAgInBvcnQiOiAzMTQ4NCwKICAiaWQiOiAiOTQzOTYxYjgtNGUyNy00YmRmLWEwNDgtYzJmNzI0ZjU0MmZiIiwKICAibmV0IjogInRjcCIsCiAgInR5cGUiOiAibm9uZSIsCiAgInRscyI6ICJub25lIgp9#üåêelectron-v2ray Mar-13-06:00-111
vless://079ec9db-ecce-4ed8-a646-a6e267720593@65.109.236.128:14327?security=none&encryption=none&host=alginall.com&headerType=http&type=tcp#üåêelectron-v2ray Mar-13-06:00-112
079ec9db-ecce-4ed8-a646-a6e267720593@65.109.236.128:14327?security=none&encryption=none&host=alginall.com&headerType=http&type=tcp#üåêelectron-v2ray Mar-13-06:00-113
vless://ea62a705-6a6d-4d0d-a18a-8981457d50f3@don.dayvip.ir:2096?mode=gun&security=tls&encryption=none&alpn=h2,http/1.1&type=grpc&serviceName=&sni=elv1.amshvip.ir#üåêelectron-v2ray Mar-13-06:00-114
vless://5d0245cd-8412-4a32-b52c-ef810651e658@190.93.247.155:443?mode=gun&security=tls&encryption=none&alpn=h2,http/1.1&fp=chrome&type=grpc&serviceName=@Digiv2ray,@Digiv2ray,@Digiv2ray,@Digiv2ray,&sni=digi--v2raycncfs.RadioTeHran.oRG#üåêelectron-v2ray Mar-13-06:00-115
vless://cb211e44-7725-4ddc-b52e-6a0059162fde@discord.gg:443?path=%2F%3Fed%3D2048&security=tls&encryption=none&host=MoZ.SOFt98.dEdyn.Io&fp=chrome&type=ws&sni=moZ.soft98.deDYn.io#üåêelectron-v2ray Mar-13-06:00-116
vless://6e34f2c5-6c71-4010-c292-10d05ef4a9a2@104.20.156.248:443?path=%2F%3Fed&security=tls&encryption=none&host=current.ircp.online&type=ws&sni=current.ircp.online#üåêelectron-v2ray Mar-13-06:00-117
vless://1434e619-715c-4203-bf3d-044f62374219@45.80.111.9:443?mode=gun&security=tls&encryption=none&alpn=h2,http/1.1&fp=chrome&type=grpc&serviceName=@vpn_xw-Telegram:@vpn_xw-Telegram:@vpn_xw-Telegram:@vpn_xw-Telegram:@vpn_xw-Telegram&sni=webmail.snapfooding.com#üåêelectron-v2ray Mar-13-06:00-118
vless://-DIGiV2RAY-@185.146.173.51:80?path=%2FDigiv2ray-&security=none&encryption=none&host=%C3%A6d%C3%ADg%C3%AD.RadioTeHran.oRG.&type=ws#üåêelectron-v2ray Mar-13-06:00-119
vless://da0c4b49-5565-4ff0-9848-1bb602fad0dd@168.119.184.138:57149?security=none&encryption=none&headerType=none&type=tcp#üåêelectron-v2ray Mar-13-06:00-120
vless://----DIGiV2RAY-----@154.197.75.80:80?path=%2FDigiv2ray-&security=none&encryption=none&host=digi--v2raycncfs.RadioTeHran.oRG.&type=ws#üåêelectron-v2ray Mar-13-06:00-121
vless://5d0245cd-8412-4a32-b52c-ef810651e652@190.93.247.155:443?mode=gun&security=tls&encryption=none&alpn=h2,http/1.1&fp=chrome&type=grpc&serviceName=@Digiv2ray,@Digiv2ray,@Digiv2ray,@Digiv2ray,&sni=digi--v2raycncfs.RadioTeHran.oRG#üåêelectron-v2ray Mar-13-06:00-122
trojan://telegram-id-privatevpns@3.68.179.125:22222?security=tls&alpn=http/1.1&headerType=none&type=tcp&sni=trojan.miwan.co.uk#üåêelectron-v2ray Mar-13-06:00-123
trojan://telegram-id-privatevpns@35.181.189.251:22222?security=tls&alpn=http/1.1&headerType=none&type=tcp&sni=trojan.miwan.co.uk#üåêelectron-v2ray Mar-13-06:00-124
vmess://eyJhZGQiOiIyMy4yMjcuMzguMTM1IiwiYWlkIjoiMCIsImhvc3QiOiJoYW1yYWguZnVuIiwiaWQiOiI0OWRkM2RmYi1lZGEwLTRkZGUtZDYzNi0zNWI4NDZhNzFhNWMiLCJuZXQiOiJ3cyIsInBhdGgiOiIvIiwicG9ydCI6IjIwODYiLCJwcyI6InZpcCIsInNjeSI6ImF1dG8iLCJzbmkiOiIiLCJ0bHMiOiIiLCJ0eXBlIjoiIiwidiI6IjIifQ==#üåêelectron-v2ray Mar-13-06:00-125
vless://c688395a-b36b-4071-974b-bc91ac2ad2c4@104.21.84.180:443?path=Path%2FTelegram%40V2ray_alpha%2F%3Fed%3D2048&security=tls&encryption=none&host=edtunnel-b6t.pages.dev&type=ws&sni=edtunnel-b6t.pages.dev#üåêelectron-v2ray Mar-13-06:00-126
trojan://telegram-id-privatevpns@3.123.204.145:22222?security=tls&alpn=http/1.1&headerType=none&type=tcp&sni=trojan.miwan.co.uk#üåêelectron-v2ray Mar-13-06:00-127
trojan://telegram-id-privatevpns@3.77.70.24:22222?security=tls&alpn=http/1.1&headerType=none&type=tcp&sni=trojan.miwan.co.uk#üåêelectron-v2ray Mar-13-06:00-128
eyJhZGQiOiI5NS4zOC4yNDIuMTgiLCJhaWQiOiIwIiwiYWxwbiI6IiIsImZwIjoiIiwiaG9zdCI6InRlbGV3ZWJpb24uY29tIiwiaWQiOiI5YjEwZmFmNC1kMzMxLTQ2MWEtYTY1My0wNzI3MTQ1NDI0M2UiLCJuZXQiOiJ0Y3AiLCJwYXRoIjoiLyIsInBvcnQiOiIyNDcyNyIsInBzIjoi4pyF2LPYsdmI2LHZh9in24zYqNuM2LTYqtix2K/Ysdqp2KfZhtin2YQ6cHJyb2ZpbGVfcHVycGxlQOKchSIsInNjeSI6ImF1dG8iLCJzbmkiOiIiLCJ0bHMiOiIiLCJ0eXBlIjoiaHR0cCIsInYiOiIyIn0=üåàvless://b9ad895b-12ac-40fc-a5ac-a5b2a1285001@172.67.182.110:443?path=path%2FTELEGRAM...%40proxy_mtm%3Fed%3D2048&security=tls&encryption=none&host=3k.pureboy.eu.org&type=ws&sni=3k.pureboy.eu.org#üåêelectron-v2ray Mar-13-06:00-129
f7204e0a-0bb3-4b6e-be7c-e22c8ccd357f@104.18.202.232:2052?path=%2F%3Fed%3D2048&security=none&encryption=none&host=Xmrdark.%F0%9F%91%BD%F0%9F%91%BD%F0%9F%91%BD.V2ray.%F0%9F%91%A8%F0%9F%8F%BC%E2%80%8D%F0%9F%92%BB.radiotehran.tech.&type=ws#üåêelectron-v2ray Mar-13-06:00-130
ss://Y2hhY2hhMjAtaWV0Zi1wb2x5MTMwNTpxRnFxS2Y3OEZ1TUhuQnFveGVXejRS@51.11.104.69:16550#üåêelectron-v2ray Mar-13-06:00-131
TMCUSTOMIZE--VPNCUSTOMIZE@www.speedtest.net:80?path=%2F&security=none&encryption=none&host=TMCUSTOMIZE.xn--79-pv2cvta065cac9302fea377a148g.tech.&type=ws#üåêelectron-v2ray Mar-13-06:00-132
ss://Y2hhY2hhMjAtaWV0Zi1wb2x5MTMwNTp1MTdUM0J2cFlhYWl1VzJj@series-a2-mec.samanehha.co:443#üåêelectron-v2ray Mar-13-06:00-133
eyJhZGQiOiIxODguMTE0Ljk3LjMiLCJhaWQiOiIwIiwiYWxwbiI6IiIsImZwIjoiIiwiaG9zdCI6ImFmcmhtczE2di5iZXN0eHJheS5idXp6IiwiaWQiOiJmNTg0ZGUxNS0yMDM0LTQxNzAtYTcyMy1mNDhjMmJhZTVlMGYiLCJuZXQiOiJ3cyIsInBhdGgiOiIvbGlua3dzIiwicG9ydCI6IjQ0MyIsInBzIjoi4pyF2LPYsdmI2LHZh9in24zYqNuM2LTYqtix2K/Ysdqp2KfZhtin2YQ6cHJyb2ZpbGVfcHVycGxlQOKchSIsInNjeSI6ImF1dG8iLCJzbmkiOiJhZnJobXMxNnYuYmVzdHhyYXkuYnV6eiIsInRscyI6InRscyIsInR5cGUiOiIiLCJ2IjoiMiJ9üßù‚Äç‚ôÄvless://d672ec4f-afba-4f61-af09-eec872f97e99@discord.gg:8443?path=%2F%3Fed&security=tls&encryption=none&host=test006.pages.dev&fp=chrome&type=ws&sni=test006.pages.dev#üåêelectron-v2ray Mar-13-06:00-134
6db88764-32e5-4fa0-88bc-25cd2c24fcdb@65.108.222.46:443?security=reality&encryption=none&pbk=kYemWjdtyhxj2js_NJR-ndFe_XwojRkGKbYvNgg7tnY&headerType=none&fp=firefox&spx=%2F&type=tcp&sni=greenpepper.ir&sid=13c923d7#üåêelectron-v2ray Mar-13-06:00-135
c3be46d7-1f2f-4a66-bdc3-07362ebfec80@cdn.appsflyer.com:443?path=%2Fvless&security=tls&encryption=none&host=de1.v2vless.xyz&type=ws&sni=de1.v2vless.xyz#üåêelectron-v2ray Mar-13-06:00-136
vless://7cd6adff-8849-4fad-b3b3-857721c81477@168.119.48.210:8080?type=ws&path=%2F%40VPNLime&host=fast.com&security=none#üåêelectron-v2ray Mar-13-06:00-137
vless://telegram-id-ArV2ray@www.speedtest.net:443?mode=gun&security=tls&encryption=none&alpn=h2,http/1.1&fp=chrome&type=grpc&serviceName=@ArV2ray,@ArV2ray,@ArV2ray,@ArV2ray,@ArV2ray,@ArV2ray,@ArV2ray,@ArV2ray,@ArV2ray,@ArV2ray,@ArV2ray,@ArV2ray,@ArV2ray,@ArV2ray&sni=sg.agh9731.ir#üåêelectron-v2ray Mar-13-06:00-138
vmess://eyJhZGQiOiJpcHMuY29uZmlnZm9ydnBuLmZ1biIsImFpZCI6IjAiLCJhbHBuIjoiIiwiZnAiOiIiLCJob3N0Ijoicm9vdC5jb25maWdmb3J2cG4uZnVuIiwiaWQiOiJkYTI4Yzg1ZS1lNzFiLTQ1NTQtYTlmYy0xNjJiYzk0YzdjYjAiLCJuZXQiOiJ3cyIsInBhdGgiOiIvIiwicG9ydCI6Ijg4ODAiLCJwcyI6IkBDb25maWdmb3JWUE4iLCJzY3kiOiJhdXRvIiwic25pIjoiIiwidGxzIjoiIiwidHlwZSI6IiIsInYiOiIyIn0=#üåêelectron-v2ray Mar-13-06:00-139
vless://--DIGiV2RAY--@www.speedtest.net:80?path=%2FDigiv2ray-&security=none&encryption=none&host=%C3%A6d%C3%ADg%C3%AD.RadioTeHran.oRG.&type=ws#üåêelectron-v2ray Mar-13-06:00-140
vless://6611e735-1396-4fdd-a490-ec3cc40a4a99@www.speedtest.net:443?mode=gun&security=tls&encryption=none&alpn=h2,http/1.1&fp=chrome&type=grpc&serviceName=@ArV2ray,@ArV2ray,@ArV2ray,@ArV2ray,@ArV2ray,@ArV2ray,@ArV2ray,@ArV2ray,@ArV2ray,@ArV2ray,@ArV2ray,@ArV2ray,@ArV2ray,@ArV2ray&sni=s2.agh9731.ir#üåêelectron-v2ray Mar-13-06:00-141
vless://---DIGiV2RAY---@www.speedtest.net:80?path=%2FDigiv2ray-&security=none&encryption=none&host=%C3%A6d%C3%ADg%C3%AD.RadioTeHran.oRG.&type=ws#üåêelectron-v2ray Mar-13-06:00-142
vless://V2rayCUSTOMIZE@discord.gg:80?path=/@VPNCUSTOMIZE%3Fed%3D4096&security=none&encryption=none&host=VPNCUSTOMIZE.V2ray.motorcycles.&type=ws#üåêelectron-v2ray Mar-13-06:00-143
vless://52e194ba-cdf5-4a7d-d146-d8b06f8a698b@51.75.91.144:23300?security=none&encryption=none&headerType=none&type=tcp#üåêelectron-v2ray Mar-13-06:00-144
vless://552c0b14-2af1-4914-b799-ece797e1978b@a.iranls.com:8080/?type=tcp&path=%2F&host=telewebion.com&headerType=http&security=none#üåêelectron-v2ray Mar-13-06:00-145
vless://eb3fdd8f-bcc9-42cd-82e4-49bfd87bd0f9@turkycf.configforvpn.fun:2053?mode=gun&security=reality&encryption=none&pbk=z1tAnqd5RA4I99LrK5FCJgjCd2qWJ2f1ID5xlNUD21M&fp=chrome&spx=%2F&type=grpc&serviceName=@configforVPN&sni=discordapp.com&sid=b1803d25#üåêelectron-v2ray Mar-13-06:00-146
vless://29f8ad12-ea84-431b-bf32-9d3fb5cf2aa2@188.114.99.243:443?path=Path%2FTelegram%40V2ray_alpha%2F%3Fed%3D2048&security=tls&encryption=none&host=w1.sylar8.eu.org&type=ws&sni=w1.sylar8.eu.org#üåêelectron-v2ray Mar-13-06:00-147
vless://----DIGiV2RAY----@www.speedtest.net:80?path=%2FDigiv2ray-&security=none&encryption=none&host=%C3%A6d%C3%ADg%C3%AD.RadioTeHran.oRG.&type=ws#üåêelectron-v2ray Mar-13-06:00-148
vless://77daa194-4af5-4300-af9b-f40bcc781b90@31.47.45.101:50480?security=none&encryption=none&host=telewebion.com&headerType=http&type=tcp#üåêelectron-v2ray Mar-13-06:00-149
eyJhZGQiOiIxODguMTE0Ljk3LjMiLCJhaWQiOiIwIiwiYWxwbiI6IiIsImZwIjoiIiwiaG9zdCI6ImFmcmhtczE2di5iZXN0eHJheS5idXp6IiwiaWQiOiJmNTg0ZGUxNS0yMDM0LTQxNzAtYTcyMy1mNDhjMmJhZTVlMGYiLCJuZXQiOiJ3cyIsInBhdGgiOiIvbGlua3dzIiwicG9ydCI6IjQ0MyIsInBzIjoi4pyF2LPYsdmI2LHZh9in24zYqNuM2LTYqtix2K/Ysdqp2KfZhtin2YQ6cHJyb2ZpbGVfcHVycGxlQOKchSIsInNjeSI6ImF1dG8iLCJzbmkiOiJhZnJobXMxNnYuYmVzdHhyYXkuYnV6eiIsInRscyI6InRscyIsInR5cGUiOiIiLCJ2IjoiMiJ9üßøvless://98d2bd01-333c-4d75-b954-e52c12fa03d7@Telegram.icv2ray.top:443?mode=gun&security=tls&encryption=none&alpn=h2,http/1.1&fp=chrome&type=grpc&serviceName=@ArV2ray,@ArV2ray,@ArV2ray,@ArV2ray,@ArV2ray,@ArV2ray,@ArV2ray,@ArV2ray,@ArV2ray,@ArV2ray,@ArV2ray,@ArV2ray,@ArV2ray,@ArV2ray&sni=s1.agh9731.ir#üåêelectron-v2ray Mar-13-06:00-150
48ecf98f-cb2a-4ddf-8a4d-28d9ef44e83b@www.speedtest.net:8080?path=%2F%40V_2rayngVpn&security=none&encryption=none&host=xn--047h.iman-v2ray.sbs.&type=ws#üåêelectron-v2ray Mar-13-06:00-151
vless://fa766c5e-2ab8-489d-9dec-c82455cc866a@31.47.42.196:49498?security=none&encryption=none&headerType=none&type=tcp#üåêelectron-v2ray Mar-13-06:00-152
ar-vless://vTokPAxavaFCEw/rJHG0kEbXZSobeIDeCewUkwmP81TiQYhGTKRkvHwuAMS7wsg10hvyhaLG99sykBXbL1D7EgBM/ycIXANefM78Fykz1CYAwLwXiNrcAAUIJ313/wKCnC6fTv71tfk7mjZVmmsKYQN9AyO48wDK0ulxUGP75O4hCe5/2mHyuiqqvC7KJy8OpHGcFufNe/PaZxgUANTr3eaTlHTX3no/bwoT7oDkhNwlxqgwZcIidbX9TjAWeikWVlr41f6ztHRVR90BmudtYI8yqrhaAZFeld6PV7/bG44=#üåêelectron-v2ray Mar-13-06:00-153
vless://7eced945-6f60-4d19-8c6b-762b30cc4703@visa.com:8443?path=%2F%3Fed%3D2048&security=tls&encryption=none&host=telegram-falcunargo-lu.falcunar.uk.eu.org&fp=random&type=ws&sni=telegram-falcunargo-lu.falcunar.uk.eu.org#üåêelectron-v2ray Mar-13-06:00-154
95a6989a-95e5-41a5-93df-8b15c95385c1@zula.ir:2087?mode=gun&security=tls&encryption=none&alpn=h2,http/1.1&type=grpc&serviceName=&sni=fgf3.scottscustomwear.com#üåêelectron-v2ray Mar-13-06:00-155
trojan://telegram-id-privatevpns@18.184.33.137:22222?security=tls&alpn=http/1.1&headerType=none&type=tcp&sni=trojan.miwan.co.uk#üåêelectron-v2ray Mar-13-06:00-156
trojan://zJqAWaWs9F@upload.sudorad.online:2096?mode=gun&security=tls&alpn=h2,http/1.1&type=grpc&serviceName=&sni=upload.sudorad.online#üåêelectron-v2ray Mar-13-06:00-157
vless://5d0245cd-8412-4a32-b52c-ef810651e651@190.93.247.155:443?mode=gun&security=tls&encryption=none&alpn=h2,http/1.1&fp=chrome&type=grpc&serviceName=@Digiv2ray,@Digiv2ray,@Digiv2ray,@Digiv2ray,&sni=digi--v2raycncfs.RadioTeHran.oRG#üåêelectron-v2ray Mar-13-06:00-158
vless://---DIGiV2RAY---@154.197.75.92:80?path=%2FDigiv2ray-&security=none&encryption=none&host=digi--v2raycncfs.RadioTeHran.oRG.&type=ws#üåêelectron-v2ray Mar-13-06:00-159
vless://SVNTEAM@www.speedtest.net:8080?path=%2FSVNTEAM%3Fed%3D2048&security=none&encryption=none&host=SVNTEAM%E2%80%94V2rayTwo.xn--fhq0la447aac5504dea701axr1g.Com.&type=ws#üåêelectron-v2ray Mar-13-06:00-160
vless://3e11a02a-a7c2-4d85-bcea-a4958e6a6d57@don.dayvip.ir:8443?mode=gun&security=tls&encryption=none&alpn=h2,http/1.1&type=grpc&serviceName=&sni=elv1.amshvip.ir#üåêelectron-v2ray Mar-13-06:00-161
vless://9f773b0e-f269-43ad-ecbe-e89ae934c488@don.dayvip.ir:2096?mode=gun&security=tls&encryption=none&alpn=h2,http/1.1&type=grpc&serviceName=&sni=elv1.amshvip.ir#üåêelectron-v2ray Mar-13-06:00-162
vless://TMCUSTOMIZE--VPNCUSTOMIZE@54.37.76.9:8080?mode=multi&security=tls&encryption=none&alpn=h2,http/1.1&type=grpc&serviceName=@VPNCUSTOMIZE&sni=cdn.kellekcollection.com#üåêelectron-v2ray Mar-13-06:00-163
trojan://telegram-id-privatevpns@63.35.114.73:22222?security=tls&alpn=http/1.1&headerType=none&type=tcp&sni=trojan.miwan.co.uk#üåêelectron-v2ray Mar-13-06:00-164
ar-vless://n48GevQOxPT2ZBsRM8MXCHrv++Tii8gBybAeLbd2OV0GZfahY8I3gK6WqsT4gxoStFaw4C5ICsQub9ejSBaZMYtU8YIHyWfESdk1jkj3Mvn0abA40zWFX5zT2NruBKWcg4h04Lg79ISwwVZ936jczbXEqgyuZaKIJwc5x2asVh4cAWUgPOL243senwie4frsxa0LRV+qxpTzSfdTczLG6G9MU+wnfofi1LuvE+NI+WltmUDfzf3f4R1bVId2saCRoRz4HeZergraTMfhp9EbZ871vgW/7WJbKfGb27lvVpbxfxLwKYF5QpMr0e60YsEUJcaoMGXCInW1/U4wFnopFvUDxrJbomzOE5UB81so4fRQDAFHenB+83M7Gdx02uQGVkVOq6CSk4o7AZXBXJnGsw==#üåêelectron-v2ray Mar-13-06:00-165
vless://93be551e-5445-45ad-857c-f07a93f95cac@57.128.163.215:443?security=tls&encryption=none&alpn=h3,h2&headerType=srtp&fp=chrome&type=quic&quicSecurity=chacha20-poly1305&key=xi3B0sEJbm&sni=ns5.kellekcollection.com#üåêelectron-v2ray Mar-13-06:00-166
vless://telegram-id-ArV2ray@www.speedtest.net:80?path=%2Ftelegram-ArV2ray%2Ctelegram-ArV2ray%2Ctelegram-ArV2ray%2Ctelegram-ArV2ray%2Ctelegram-ArV2ray%2Ctelegram-ArV2ray%2Ctelegram-ArV2ray%2Ctelegram-ArV2ray%2Ctelegram-ArV2ray%2Ctelegram-ArV2ray%2Ctelegram-ArV2ray%2Ctelegram-ArV2ray%3Fed&security=none&encryption=none&host=Arv2ray.%E3%82%89%E3%82%8F%E3%81%AA%E3%81%95.Store.&type=ws#üåêelectron-v2ray Mar-13-06:00-167
vless://7deda987-6e9a-4264-a473-9d16c0e2a0fe@www.MsV2ray.sbs:2083?mode=gun&security=tls&encryption=none&alpn=h2,http/1.1&type=grpc&serviceName=@MsV2ray,@MsV2ray,@MsV2ray,@MsV2ray,@MsV2ray,@MsV2ray,@MsV2ray,@MsV2ray,@MsV2ray&sni=www.MsV2ray.sbs#üåêelectron-v2ray Mar-13-06:00-168
vmess://eyJhZGQiOiJpbm5hLmNmZCIsImFpZCI6IjAiLCJhbHBuIjoiIiwiZnAiOiIiLCJob3N0IjoiaW5uYS5jZmQiLCJpZCI6IjAzZmNjNjE4LWI5M2QtNjc5Ni02YWVkLThhMzhjOTc1ZDU4MSIsIm5ldCI6IndzIiwicGF0aCI6Ii9saW5rdndzIiwicG9ydCI6IjQ0MyIsInBzIjoi2LPYsdmI2LEg2YjbjNqY2Ycg2obZhtmEIHYycmF5Tkc4OTlAIiwic2N5IjoiYXV0byIsInNuaSI6ImlubmEuY2ZkIiwidGxzIjoidGxzIiwidHlwZSI6IiIsInYiOiIyIn0=#üåêelectron-v2ray Mar-13-06:00-169
vless://717284f5-c674-4ffd-a197-ea9786ee3f61@turkws.configforvpn.fun:2087?path=%2F&security=tls&encryption=none&fp=chrome&type=ws&sni=turkws.configforvpn.fun#üåêelectron-v2ray Mar-13-06:00-170
vless://ffffffff-17ad-45e7-aaa1-f2baaa08e930@141.101.113.89:443?path=%2F%3Fed%3D2048&security=tls&encryption=none&host=watashi.free.hkpublic.moh539.link&type=ws&sni=watashi.free.hkpublic.moh539.link#üåêelectron-v2ray Mar-13-06:00-171
ss://Y2hhY2hhMjAtcG9seTEzMDU6dTE3VDNCdnBZYWFpdVcyY0BzZXJpZXMtYTItbWVjLnNhbWFuZWhoYS5jbzo0NDM=#üåêelectron-v2ray Mar-13-06:00-172
vless://42f84d7c-f225-425b-b2cd-56043d76c6be@best.configforvpn.fun:2053?mode=gun&security=reality&encryption=none&pbk=d7ai1rsnr28Xv2F2TktDrZ_YCbUK55w0QHPHcUYWLR8&fp=chrome&spx=%2F&type=grpc&serviceName=@configforVPN&sni=greenpepper.ir&sid=614214c8#üåêelectron-v2ray Mar-13-06:00-173
vless://3687c4be-fa3e-498f-b27a-220833e5aa7c@9.iranls.com:8080?encryption=none&security=none&type=tcp&headerType=http&host=telewebion.com#üåêelectron-v2ray Mar-13-06:00-174
vless://5d0245cd-8412-4a32-b52c-ef810651e654@190.93.247.155:443?mode=gun&security=tls&encryption=none&alpn=h2,http/1.1&fp=chrome&type=grpc&serviceName=@Digiv2ray,@Digiv2ray,@Digiv2ray,@Digiv2ray,&sni=digi--v2raycncfs.RadioTeHran.oRG#üåêelectron-v2ray Mar-13-06:00-175
vless://35697deb-fb09-4bd3-b9d7-dd92279c8d90@www.speedtest.net:443?mode=gun&security=tls&encryption=none&alpn=h2,http/1.1&fp=chrome&type=grpc&serviceName=@ArV2ray,@ArV2ray,@ArV2ray,@ArV2ray,@ArV2ray,@ArV2ray,@ArV2ray,@ArV2ray,@ArV2ray,@ArV2ray,@ArV2ray,@ArV2ray,@ArV2ray,@ArV2ray&sni=s2.agh9731.ir#üåêelectron-v2ray Mar-13-06:00-176
vless://ca9c5ac2-ad67-4ced-92a4-176bb3363744@www.speedtest.net:443?mode=gun&security=tls&encryption=none&alpn=h2,http/1.1&fp=chrome&type=grpc&serviceName=@ArV2ray,@ArV2ray,@ArV2ray,@ArV2ray,@ArV2ray,@ArV2ray,@ArV2ray,@ArV2ray,@ArV2ray,@ArV2ray,@ArV2ray,@ArV2ray,@ArV2ray,@ArV2ray&sni=s2.agh9731.ir#üåêelectron-v2ray Mar-13-06:00-177
vless://--MsV2ray--MsV2ray--@www.MsV2ray.sbs:2083?mode=gun&security=tls&encryption=none&alpn=h2,http/1.1&type=grpc&serviceName=@MsV2ray,@MsV2ray,@MsV2ray,@MsV2ray,@MsV2ray,@MsV2ray,@MsV2ray,@MsV2ray,@MsV2ray&sni=www.MsV2ray.sbs#üåêelectron-v2ray Mar-13-06:00-178
eyJhZGQiOiIxOTUuMjAxLjI5LjIzOCIsImFpZCI6IjAiLCJhbHBuIjoiIiwiZnAiOiIiLCJob3N0IjoiIiwiaWQiOiIxZDI0NGI5ZC1jZTBmLTQ5ZDUtOTlmZC1kYTNmMWU4MGVlNTkiLCJuZXQiOiJ0Y3AiLCJwYXRoIjoiLyIsInBvcnQiOiIyNDIwOCIsInBzIjoiQFYycmF5X2NhcnRlbDIiLCJzY3kiOiJhdXRvIiwic25pIjoiIiwidGxzIjoiIiwidHlwZSI6Imh0dHAiLCJ2IjoiMiJ9vless://----DIGiV2RAY----@154.197.75.92:80?path=%2FDigiv2ray-&security=none&encryption=none&host=digi--v2raycncfs.RadioTeHran.oRG.&type=ws#üåêelectron-v2ray Mar-13-06:00-179
eyJhZGQiOiIxNzIuNjcuMTcwLjEzIiwiYWlkIjoiMCIsImFscG4iOiIiLCJmcCI6IiIsImhvc3QiOiJnbHdlaWRmLnNicyIsImlkIjoiNzYyMjFiZmItZTkyZi00ZTgwLTgxYzUtNmZlNDhmNTBhYzBiIiwibmV0Ijoid3MiLCJwYXRoIjoiL2xpbmt3cyIsInBvcnQiOiI0NDMiLCJwcyI6IkBWMnJheV9jYXJ0ZWwxIiwic2N5IjoiYXV0byIsInNuaSI6Imdsd2VpZGYuc2JzIiwidGxzIjoidGxzIiwidHlwZSI6IiIsInYiOiIyIn0=ss://Y2hhY2hhMjAtaWV0Zi1wb2x5MTMwNTpxRnFxS2Y3OEZ1TUhuQnFveGVXejRS@51.11.104.69:16550#üåêelectron-v2ray Mar-13-06:00-180
vmess://eyJhZGQiOiIxOTUuMjAxLjI5LjIzOCIsImFpZCI6IjAiLCJhbHBuIjoiIiwiZnAiOiIiLCJob3N0IjoiIiwiaWQiOiIxZDI0NGI5ZC1jZTBmLTQ5ZDUtOTlmZC1kYTNmMWU4MGVlNTkiLCJuZXQiOiJ0Y3AiLCJwYXRoIjoiLyIsInBvcnQiOiIyNDIwOCIsInBzIjoiQFYycmF5X2NhcnRlbDIiLCJzY3kiOiJhdXRvIiwic25pIjoiIiwidGxzIjoiIiwidHlwZSI6Imh0dHAiLCJ2IjoiMiJ9#üåêelectron-v2ray Mar-13-06:00-181
----DIGiV2RAY----@154.197.75.92:80?path=%2FDigiv2ray-&security=none&encryption=none&host=digi--v2raycncfs.RadioTeHran.oRG.&type=ws#üåêelectron-v2ray Mar-13-06:00-182
vless://7646b393-88e0-4441-b832-a527ef8d927b@[2600:3c09::f03c:94ff:fe7f:57c7]:3389?encryption=none&security=none&type=tcp&headerType=http&host=telewebion.com#üåêelectron-v2ray Mar-13-06:00-183
vmess://eyJhZGQiOiAiaXMxLXZtZXNzLnNzaG1heC54eXoiLCAiYWlkIjogIjAiLCAiYWxwbiI6ICIiLCAiZnAiOiAiIiwgImhvc3QiOiAiaXMxLXZtZXNzLnNzaG1heC54eXoiLCAiaWQiOiAiNTBlZWFkY2EtNTc5OC00NTE3LTg1NDktMWIyNWJkY2ZmN2JmIiwgIm5ldCI6ICJ3cyIsICJwYXRoIjogIi92bWVzcyIsICJwb3J0IjogIjgwIiwgInNjeSI6ICJhdXRvIiwgInNuaSI6ICIiLCAidGxzIjogIiIsICJ0eXBlIjogIiIsICJ2IjogIjIiLCAicHMiOiAiXHVkODNkXHVkYzQ5XHVkODNjXHVkZDk0IEBGT1JXQVJEVjJSQVkifQ==#üåêelectron-v2ray Mar-13-06:00-184
vless://b9ad895b-12ac-40fc-a5ac-a5b2a1285001@172.64.89.170:443?path=%2FTelegram%40proxy_mtm%3Fed%3D2048&security=tls&encryption=none&host=3k.pureboy.eu.org&type=ws&sni=3k.pureboy.eu.org#üåêelectron-v2ray Mar-13-06:00-185
vless://Id-telegram-CloudCityy@78.46.141.97:2053?mode=gun&security=reality&encryption=none&pbk=9vN5FCzwZ3awRRKH7qq9tcFb9vIyblfJcCC2ZCW1cjg&fp=firefox&type=grpc&serviceName=Id-telegram-@CloudCityy-Id-telegram-@CloudCityy-Id-telegram-@CloudCityy-Id-telegram-@CloudCityy-Id-telegram-@CloudCityy-&sni=www.discord.com&sid=b02517b9#üåêelectron-v2ray Mar-13-06:00-186
vless://92669584-6357-4c04-88da-60c1b1ea953d@ips.configforvpn.fun:8080?path=%2Fh&security=none&encryption=none&host=best.configforvpn.fun&type=ws#üåêelectron-v2ray Mar-13-06:00-187
vless://8721355e-96d5-4bb9-a99b-b6119d6b1cd4@162.159.8.55:2083?path=%2FPath%2FTelegram%40V2ray_alpha%2F%3Fed%3D2048&security=tls&encryption=none&alpn=h2,http/1.1&host=u6Zghn5ZytArEt4S838Q76kqGd9mN61uflu53560xV8NmU68Gd7Q25Y3PX.pAges.DEv&fp=chrome&type=ws&sni=u6Zghn5ZytArEt4S838Q76kqGd9mN61uflu53560xV8NmU68Gd7Q25Y3PX.pAges.DEv#üåêelectron-v2ray Mar-13-06:00-188
vless://Venom-Servers@discord.com:443/?type=grpc&serviceName=Telegram-Channel%40Venom_ServersTelegram-Channel%40Venom_ServersTelegram-Channel%40Venom_ServersTelegram-Channel%40Venom_ServersTelegram-Channel%40Venom_ServersTelegram-Channel%40Venom_ServersTelegram-Channel%40Venom_ServersTelegram-Channel%40Venom_ServersTelegram-Channel%40Venom_ServersTelegram-Channel%40Venom_ServersTelegram-Channel%40Venom_ServersTelegram-Channel%40Venom_ServersTelegram-Channel%40Venom_ServersTelegram-Channel%40Venom_ServersTelegram-Channel%40Venom_ServersTelegram-Channel%40Venom_Servers&security=tls&fp=chrome&alpn=h2%2Chttp%2F1.1&sni=fs2.snowborn.ir#üåêelectron-v2ray Mar-13-06:00-189
trojan://telegram-id-privatevpns@35.181.148.202:22222?security=tls&alpn=http/1.1&headerType=none&type=tcp&sni=trojan.miwan.co.uk#üåêelectron-v2ray Mar-13-06:00-190
vless://5d0245cd-8412-4a32-b52c-ef810651e656@190.93.247.155:443?mode=gun&security=tls&encryption=none&alpn=h2,http/1.1&fp=chrome&type=grpc&serviceName=@Digiv2ray,@Digiv2ray,@Digiv2ray,@Digiv2ray,&sni=digi--v2raycncfs.RadioTeHran.oRG#üåêelectron-v2ray Mar-13-06:00-191
vmess://eyJhZGQiOiAiMy5uYW1lc2lsbzEyMy50b3AiLCAiYWlkIjogIjAiLCAiYWxwbiI6ICIiLCAiZnAiOiAiIiwgImhvc3QiOiAiZGUuc2FuZmVuMDAyLnRvcCIsICJpZCI6ICI0ZDY4ZGE4Mi1lOGQwLTRlYWEtYWVjOS0wZGY0YTIzZTFhMDQiLCAibmV0IjogIndzIiwgInBhdGgiOiAiLz9lZD0yMDQ4IiwgInBvcnQiOiAiODAiLCAic2N5IjogImF1dG8iLCAic25pIjogIiIsICJ0bHMiOiAiIiwgInR5cGUiOiAiIiwgInYiOiAiMiIsICJwcyI6ICJcdWQ4M2RcdWRjNDlcdWQ4M2NcdWRkOTQgQEZPUldBUkRWMlJBWSJ9#üåêelectron-v2ray Mar-13-06:00-192
vless://-----DIGiV2RAY-----@154.197.75.80:80?path=%2FDigiv2ray-&security=none&encryption=none&host=digi--v2raycncfs.RadioTeHran.oRG.&type=ws#üåêelectron-v2ray Mar-13-06:00-193
vmess://eyJhZGQiOiAiOjpmZmZmOmFjNDM6YWI0NiIsICJhaWQiOiAiMCIsICJhbHBuIjogImh0dHAvMS4xIiwgImZwIjogImNocm9tZSIsICJob3N0IjogIjc5MDRFODcxMzYxNjRmNjc4MTQwMDBFOWZlODhDMmNhOEEyNjc2MTM2NjZhOEIyNUE5MzFENDhCMTAxODVmMy5XV1d5YXNEbC5jb00iLCAiaWQiOiAiZmZlY2UyYTktMDI5Ni00NmE5LThkYjgtNzQyZDI5ZDI0MGZmIiwgIm5ldCI6ICJ3cyIsICJwYXRoIjogIkdsOXVZaXQzWUN0dExtNUVOVFV5WXp0OFoxa2hieWQ0TFhwMEtRUWVNbGR3UHpOZEFCNG1UbkViVFFKSk1HY09WeDhnVXpvUyIsICJwb3J0IjogIjQ0MyIsICJzY3kiOiAiYXV0byIsICJzbmkiOiAiNzkwNEU4NzEzNjE2NGY2NzgxNDAwMEU5ZmU4OEMyY2E4QTI2NzYxMzY2NmE4QjI1QTkzMUQ0OEIxMDE4NWYzLldXV3lhc0RsLmNvTSIsICJ0bHMiOiAidGxzIiwgInR5cGUiOiAiIiwgInYiOiAiMiIsICJwcyI6ICJcdWQ4M2RcdWRjNDlcdWQ4M2NcdWRkOTQgQEZPUldBUkRWMlJBWSJ9#üåêelectron-v2ray Mar-13-06:00-194
