vless://b179bb8f-ee87-4c21-9079-f6be6c76a001@ir.mrxz.sbs:2053?security=none&encryption=none&host=eset.com&headerType=http&type=tcp#üåê Updated on Mar-07-18:00 | update every 12 hours
eyJhZGQiOiI2NC4yMjYuNjkuOTciLCJhaWQiOiIwIiwiYWxwbiI6IiIsImZwIjoiIiwiaG9zdCI6IiIsImlkIjoiN2M5MjJlZGMtZWI1MC00YTI2LTg4ZjktMWZmMzkwNDI0OGZhIiwibmV0IjoidGNwIiwicGF0aCI6IiIsInBvcnQiOiI4ODgwIiwicHMiOiLinIXYs9ix2YjYsdmH2KfbjNio24zYtNiq2LHYr9ix2qnYp9mG2KfZhDpwcnJvZmlsZV9wdXJwbGVA4pyFIiwic2N5IjoiYXV0byIsInNuaSI6IiIsInRscyI6IiIsInR5cGUiOiJub25lIiwidiI6IjIifQ==üê®vless://cb65d6fd-c0e8-4b4f-b050-68158ca1c7b2@5.202.74.9:13233?security=none&encryption=none&host=telewebion.com&headerType=http&type=tcp#üåêelectron-v2ray Mar-07-18:00-1
b179bb8f-ee87-4c21-9079-f6be6c76a001@ir.mrxz.sbs:2053?security=none&encryption=none&host=eset.com&headerType=http&type=tcp#üåêelectron-v2ray Mar-07-18:00-2
ss://Y2hhY2hhMjAtcG9seTEzMDU6dTE3VDNCdnBZYWFpdVcyY0BzZXJpZXMtYTItbWVjLnNhbWFuZWhoYS5jbzo0NDM=#üåêelectron-v2ray Mar-07-18:00-3
vless://19f143e1-95dc-42f6-f4b4-0554988e876d@37.32.10.174:33269/?type=ws&path=%2F%40VPNlime&security=none#üåêelectron-v2ray Mar-07-18:00-4
ss://Y2hhY2hhMjAtaWV0Zi1wb2x5MTMwNTpGZ2x0YnBtNmNEOWVIU0ZoS0k2bWFD@45.89.52.197:32058#üåêelectron-v2ray Mar-07-18:00-5
f5840671-5fce-420d-a382-81eeb7f9be34@all.abrarvan.org:2087?path=%2F%40v2rray1_ng&security=tls&encryption=none&alpn=h2,http/1.1&host=xx.1lagvpn13.cfd&fp=chrome&type=ws&sni=xx.1lagvpn13.cfd#üåêelectron-v2ray Mar-07-18:00-6
vless://V2rayCUSTOMIZE@discord.gg:80?path=/@VPNCUSTOMIZE&security=none&encryption=none&host=xn--047h.xn--4oq36ed28d.ORG.&type=ws#üåêelectron-v2ray Mar-07-18:00-7
trojan://telegram-id-privatevpns@35.180.95.97:22222?security=tls&alpn=http/1.1&headerType=none&type=tcp&sni=trojan.miwan.co.uk#üåêelectron-v2ray Mar-07-18:00-8
vless://b9ad895b-12ac-40fc-a5ac-a5b2a1285001@172.67.183.230:443?path=TELEGRAM..%3Fed%3D2048&security=tls&encryption=none&host=3k.pureboy.eu.org&type=ws&sni=3k.pureboy.eu.org#üåêelectron-v2ray Mar-07-18:00-9
vless://9f773b0e-f269-43ad-ecbe-e89ae934c488@don.dayvip.ir:2096?mode=gun&security=tls&encryption=none&alpn=h2,http/1.1&type=grpc&serviceName=&sni=elv1.amshvip.ir#üåêelectron-v2ray Mar-07-18:00-10
trojan://telegram-id-privatevpns@13.51.51.254:22222?security=tls&alpn=http/1.1&headerType=none&type=tcp&sni=trojan.miwan.co.uk#üåêelectron-v2ray Mar-07-18:00-11
vmess://ewogICJ2IjogIjIiLAogICJwcyI6ICItQ2hhbm5lbDo6IEBWUE5MaW1lIiwKICAiYWRkIjogIjE2OC4xMTkuMTA3LjE2MiIsCiAgInBvcnQiOiAzMTQ4NCwKICAiaWQiOiAiOTQzOTYxYjgtNGUyNy00YmRmLWEwNDgtYzJmNzI0ZjU0MmZiIiwKICAibmV0IjogInRjcCIsCiAgInR5cGUiOiAibm9uZSIsCiAgInRscyI6ICJub25lIgp9#üåêelectron-v2ray Mar-07-18:00-12
vless://13c99d65-2179-46a0-8572-0279401d083a@www.speedtest.net:80?path=%2F&security=none&encryption=none&host=SHHPROXY-free.xn--69-pv2cl2k5x3fipr.org.&type=ws#üåêelectron-v2ray Mar-07-18:00-13
vless://a63caad0-3d94-4fa7-956d-439524c6cdf5@cloud.configforvpn.fun:2096?path=%2Fmm&security=tls&encryption=none&fp=chrome&type=ws&sni=root.configforvpn.fun#üåêelectron-v2ray Mar-07-18:00-14
vless://5d0245cd-8412-4a32-b52c-ef810651e65b@190.93.247.155:443?mode=gun&security=tls&encryption=none&alpn=h2,http/1.1&fp=chrome&type=grpc&serviceName=@Digiv2ray,@Digiv2ray,@Digiv2ray,@Digiv2ray,&sni=digi--v2raycncfs.RadioTeHran.oRG.#üåêelectron-v2ray Mar-07-18:00-15
vless://CUSTOMIZEV2ray@154.197.75.80:8080?path=/@VPNCUSTOMIZE&security=none&encryption=none&host=V2rayCUSTOMIZE.xn--4oq36ed28d.ORG.&type=ws#üåêelectron-v2ray Mar-07-18:00-16
vless://c5baa583-b86e-4cff-9ae7-2e69bd99811e@all.v-2rayngvpn.cfd:2083?security=tls&encryption=none&headerType=none&type=tcp&sni=Loop.v2rayvpn2.sbs#üåêelectron-v2ray Mar-07-18:00-17
ar-vless://n48GevQOxPT2ZBsRM8MXCHrv++Tii8gBybAeLbd2OV0GZfahY8I3gK6WqsT4gxoStFaw4C5ICsQub9ejSBaZMYtU8YIHyWfESdk1jkj3Mvn0abA40zWFX5zT2NruBKWcg4h04Lg79ISwwVZ936jczbXEqgyuZaKIJwc5x2asVh4cAWUgPOL243senwie4frsxa0LRV+qxpTzSfdTczLG6G9MU+wnfofi1LuvE+NI+WltmUDfzf3f4R1bVId2saCRoRz4HeZergraTMfhp9EbZ871vgW/7WJbKfGb27lvVpbxfxLwKYF5QpMr0e60YsEUJcaoMGXCInW1/U4wFnopFvUDxrJbomzOE5UB81so4fRQDAFHenB+83M7Gdx02uQGVkVOq6CSk4o7AZXBXJnGsw==#üåêelectron-v2ray Mar-07-18:00-18
vless://6e34f2c5-6c71-4010-c292-10d05ef4a9a2@188.114.97.143:443?path=%2F%3Fed%3D2048&security=tls&encryption=none&host=current.ircp.online&type=ws&sni=current.ircp.online#üåêelectron-v2ray Mar-07-18:00-19
trojan://telegram-id-privatevpns@3.69.180.194:22222?security=tls&alpn=http/1.1&headerType=none&type=tcp&sni=trojan.miwan.co.uk#üåêelectron-v2ray Mar-07-18:00-20
vless://42f84d7c-f225-425b-b2cd-56043d76c6be@best.configforvpn.fun:2053?mode=gun&security=reality&encryption=none&pbk=d7ai1rsnr28Xv2F2TktDrZ_YCbUK55w0QHPHcUYWLR8&fp=chrome&spx=%2F&type=grpc&serviceName=@configforVPN&sni=greenpepper.ir&sid=614214c8#üåêelectron-v2ray Mar-07-18:00-21
vless://b9ad895b-12ac-40fc-a5ac-a5b2a1285001@star--join.outline-vpn.cloud:443?path=%2F%3Fed%3D2048&security=tls&encryption=none&host=3k.pureboy.eu.org&type=ws&sni=3k.pureboy.eu.org#üåêelectron-v2ray Mar-07-18:00-22
vless://8b61791d-7420-4df5-8c2e-5c6416c26dce@185.110.246.202:2267?type=ws&security=none&path=%2F&host=telewebion.com#üåêelectron-v2ray Mar-07-18:00-23
vless://1434e619-715c-4203-bf3d-044f62374219@www.visa.com:443?mode=gun&security=tls&encryption=none&alpn=h2,http/1.1&fp=chrome&type=grpc&serviceName=@vpn_xw-Telegram:@vpn_xw-Telegram:@vpn_xw-Telegram:@vpn_xw-Telegram:@vpn_xw-Telegram&sni=webmail.snapfooding.com#üåêelectron-v2ray Mar-07-18:00-24
vless://f7204e0a-0bb3-4b6e-be7c-e22c8ccd357f@104.18.202.232:2052?path=%2F%3Fed%3D2048&security=none&encryption=none&host=Xmrdark.%F0%9F%91%BD%F0%9F%91%BD%F0%9F%91%BD.V2ray.%F0%9F%91%A8%F0%9F%8F%BC%E2%80%8D%F0%9F%92%BB.radiotehran.tech.&type=ws#üåêelectron-v2ray Mar-07-18:00-25
vless://788c24fa-af91-4b0d-a589-48381b07101a@168.119.107.162:35448/?type=tcp&security=none#üåêelectron-v2ray Mar-07-18:00-26
vless://5d0245cd-8412-4a32-b52c-ef810651e653@190.93.247.155:443?mode=gun&security=tls&encryption=none&alpn=h2,http/1.1&fp=chrome&type=grpc&serviceName=@Digiv2ray,@Digiv2ray,@Digiv2ray,@Digiv2ray,&sni=digi--v2raycncfs.RadioTeHran.oRG#üåêelectron-v2ray Mar-07-18:00-27
vless://-DIGiV2RAY-@185.146.173.51:80?path=%2FDigiv2ray-&security=none&encryption=none&host=%C3%A6d%C3%ADg%C3%AD.RadioTeHran.oRG.&type=ws#üåêelectron-v2ray Mar-07-18:00-28
vless://Venom-Servers@discord.com:443/?type=grpc&serviceName=Telegram-Channel%40Venom_ServersTelegram-Channel%40Venom_ServersTelegram-Channel%40Venom_ServersTelegram-Channel%40Venom_ServersTelegram-Channel%40Venom_ServersTelegram-Channel%40Venom_ServersTelegram-Channel%40Venom_ServersTelegram-Channel%40Venom_ServersTelegram-Channel%40Venom_ServersTelegram-Channel%40Venom_ServersTelegram-Channel%40Venom_ServersTelegram-Channel%40Venom_ServersTelegram-Channel%40Venom_ServersTelegram-Channel%40Venom_ServersTelegram-Channel%40Venom_ServersTelegram-Channel%40Venom_Servers&security=tls&fp=chrome&alpn=h2%2Chttp%2F1.1&sni=fs2.snowborn.ir#üåêelectron-v2ray Mar-07-18:00-29
vmess://eyJhZGQiOiIyMy4yMjcuMzguMTM1IiwiYWlkIjoiMCIsImhvc3QiOiJoYW1yYWguZnVuIiwiaWQiOiI0OWRkM2RmYi1lZGEwLTRkZGUtZDYzNi0zNWI4NDZhNzFhNWMiLCJuZXQiOiJ3cyIsInBhdGgiOiIvIiwicG9ydCI6IjIwODYiLCJwcyI6InZpcCIsInNjeSI6ImF1dG8iLCJzbmkiOiIiLCJ0bHMiOiIiLCJ0eXBlIjoiIiwidiI6IjIifQ==#üåêelectron-v2ray Mar-07-18:00-30
vless://ca89921a-c01d-4a96-961e-fdeb52ed6513@root.configforvpn.fun:443?path=%2Fcdn&security=tls&encryption=none&alpn=h2,http/1.1&host=root.configforvpn.fun&fp=chrome&type=ws&sni=root.configforvpn.fun#üåêelectron-v2ray Mar-07-18:00-31
vless://3e11a02a-a7c2-4d85-bcea-a4958e6a6d57@don.dayvip.ir:8443?mode=gun&security=tls&encryption=none&alpn=h2,http/1.1&type=grpc&serviceName=&sni=elv1.amshvip.ir#üåêelectron-v2ray Mar-07-18:00-32
trojan://telegram-id-privatevpns@54.216.9.162:22222?security=tls&alpn=http/1.1&headerType=none&type=tcp&sni=trojan.miwan.co.uk#üåêelectron-v2ray Mar-07-18:00-33
vmess://eyJhZGQiOiAiMTk1LjIwMS4yOS4yMzgiLCAiYWlkIjogIjAiLCAiYWxwbiI6ICIiLCAiZnAiOiAiIiwgImhvc3QiOiAiIiwgImlkIjogIjFkMjQ0YjlkLWNlMGYtNDlkNS05OWZkLWRhM2YxZTgwZWU1OSIsICJuZXQiOiAidGNwIiwgInBhdGgiOiAiLyIsICJwb3J0IjogIjI0MjA4IiwgInNjeSI6ICJhdXRvIiwgInNuaSI6ICIiLCAidGxzIjogIiIsICJ0eXBlIjogImh0dHAiLCAidiI6ICIyIiwgInBzIjogIlx1ZDgzZFx1ZGM0OVx1ZDgzY1x1ZGQ5NCBARk9SV0FSRFYyUkFZIn0=#üåêelectron-v2ray Mar-07-18:00-34
vless://f38ef965-f6ae-402c-ab2c-1d42ae49bc9b@104.18.203.232:2095?path=%2F&security=none&encryption=none&host=woudyoulike_none.error.sss20202020202020.iran-check-host-server-sitesssssssssssssssssssssss--sssssssssss.com&type=ws#üåêelectron-v2ray Mar-07-18:00-35
V2rayCUSTOMIZE@discord.gg:80?path=/@VPNCUSTOMIZE%3Fed%3D4096&security=none&encryption=none&host=VPNCUSTOMIZE.V2ray.motorcycles.&type=ws#üåêelectron-v2ray Mar-07-18:00-36
vless://8d41aa81-caaf-40dc-ab6a-5a5f298a6a4a@213.233.179.15:2398?type=ws&security=none&path=%2F&host=telewebion.com#üåêelectron-v2ray Mar-07-18:00-37
vless://eb3fdd8f-bcc9-42cd-82e4-49bfd87bd0f9@turkycf.configforvpn.fun:2053?mode=gun&security=reality&encryption=none&pbk=z1tAnqd5RA4I99LrK5FCJgjCd2qWJ2f1ID5xlNUD21M&fp=chrome&spx=%2F&type=grpc&serviceName=@configforVPN&sni=discordapp.com&sid=b1803d25#üåêelectron-v2ray Mar-07-18:00-38
vless://c220a3b4-187e-4a5e-d09d-e82712d2fa31@don.dayvip.ir:2096?mode=gun&security=tls&encryption=none&alpn=h2,http/1.1&type=grpc&serviceName=&sni=elv1.amshvip.ir#üåêelectron-v2ray Mar-07-18:00-39
vless://-DIGiV2RAY--@www.speedtest.net:80?path=%2FDigiv2ray-&security=none&encryption=none&host=%C3%A6d%C3%ADg%C3%AD.RadioTeHran.oRG&type=ws#üåêelectron-v2ray Mar-07-18:00-40
vless://----DIGIV2RAY---@154.197.75.56:80?path=%2FDigiv2ray&security=none&encryption=none&host=DigiV2ray.RadioTeHran.oRG.&type=ws#üåêelectron-v2ray Mar-07-18:00-41
vless://376b9861-2fc6-4647-959c-18185cd9c95a@104.31.16.36:443?path=%2Ffflsws&security=tls&encryption=none&host=lmn39.sbs&type=ws&sni=lmn39.sbs#üåêelectron-v2ray Mar-07-18:00-42
vless://SVNTEAM@www.speedtest.net:8080?path=%2FSVNTEAM%3Fed%3D2048&security=none&encryption=none&host=SVNTEAM%E2%80%94V2rayTwo.xn--fhq0la447aac5504dea701axr1g.Com.&type=ws#üåêelectron-v2ray Mar-07-18:00-43
vless://ea62a705-6a6d-4d0d-a18a-8981457d50f3@don.dayvip.ir:2096?mode=gun&security=tls&encryption=none&alpn=h2,http/1.1&type=grpc&serviceName=&sni=elv1.amshvip.ir#üåêelectron-v2ray Mar-07-18:00-44
vless://--DIGiV2RAY--@154.197.75.84:80?path=%2FDigiv2ray-&security=none&encryption=none&host=digi--v2raycncfs.RadioTeHran.oRG.&type=ws#üåêelectron-v2ray Mar-07-18:00-45
vless://d672ec4f-afba-4f61-af09-eec872f97e99@104.25.4.3:443?path=%2Ffreecodes&security=tls&encryption=none&host=test57.pages.dev&type=ws&sni=test57.pages.dev#üåêelectron-v2ray Mar-07-18:00-46
eyJhZGQiOiJhdXRoLnNwZWVkdGVzdC5uZXQiLCJhaWQiOiIwIiwiYWxwbiI6IiIsImZwIjoiIiwiaG9zdCI6Im5lbGx5LmhvbWVzIiwiaWQiOiIwM2ZjYzYxOC1iOTNkLTY3OTYtNmFlZC04YTM4Yzk3NWQ1ODEiLCJuZXQiOiJ3cyIsInBhdGgiOiIvbGlua3Z3cyIsInBvcnQiOiI0NDMiLCJwcyI6IkBWbWVzc1Byb3RvY29sIOKtle+4jyDYsdmB2Lkg2YHbjNmE2KrYsSIsInNjeSI6ImF1dG8iLCJzbmkiOiJuZWxseS5ob21lcyIsInRscyI6InRscyIsInR5cGUiOiIiLCJ2IjoiMiJ9vless://d672ec4f-afba-4f61-af09-eec872f97e99@173.245.58.4:443?path=%2Ffreecodes&security=tls&encryption=none&host=test57.pages.dev&type=ws&sni=test57.pages.dev#üåêelectron-v2ray Mar-07-18:00-47
d672ec4f-afba-4f61-af09-eec872f97e99@104.25.4.3:443?path=%2Ffreecodes&security=tls&encryption=none&host=test57.pages.dev&type=ws&sni=test57.pages.dev#üåêelectron-v2ray Mar-07-18:00-48
dfb18c6f-731a-4898-a1c4-cc36c6055a90@162.159.8.55:443?path=Path%2FTelegram%40V2ray_alpha%2F%3Fed%3D2048&security=tls&encryption=none&host=w2.sylarsun.eu.org&type=ws&sni=w2.sylarsun.eu.org#üåêelectron-v2ray Mar-07-18:00-49
ar-vless://vTokPAxavaFCEw/rJHG0kEbXZSobeIDeCewUkwmP81TiQYhGTKRkvHwuAMS7wsg10hvyhaLG99sykBXbL1D7EgBM/ycIXANefM78Fykz1CYAwLwXiNrcAAUIJ313/wKCnC6fTv71tfk7mjZVmmsKYQN9AyO48wDK0ulxUGP75O4hCe5/2mHyuiqqvC7KJy8OpHGcFufNe/PaZxgUANTr3eaTlHTX3no/bwoT7oDkhNwlxqgwZcIidbX9TjAWeikWVlr41f6ztHRVR90BmudtYI8yqrhaAZFeld6PV7/bG44=#üåêelectron-v2ray Mar-07-18:00-50
vless://f0b54926-22f0-4959-b401-05f8457499ef@discord.gg:80?type=ws&security=none&host=shhproxyfrees.xn--69-pv2cl2k5x3fipr.org.&path=/#üåêelectron-v2ray Mar-07-18:00-51
vless://5d0245cd-8412-4a32-b52c-ef810651e652@190.93.247.155:443?mode=gun&security=tls&encryption=none&alpn=h2,http/1.1&fp=chrome&type=grpc&serviceName=@Digiv2ray,@Digiv2ray,@Digiv2ray,@Digiv2ray,&sni=digi--v2raycncfs.RadioTeHran.oRG#üåêelectron-v2ray Mar-07-18:00-52
vless://95a6989a-95e5-41a5-93df-8b15c95385c1@172.67.204.84:2087?mode=gun&security=tls&encryption=none&alpn=h2,http/1.1&type=grpc&serviceName=&sni=jk22.nativelands.info#üåêelectron-v2ray Mar-07-18:00-53
ar-vless://Y91IVUp0JbowNWQouOowkQ5TBlkVBe6QBPwzdtwpGT7sTBu6v/Y0sC9/zUWwB8WkbVxuT5Qe/fbnlYBWKzJxPFZTMoGW8G082VfdTK/Zz0nVQqoSnS5jMhwumZYaqCoqFMKqcLR7BND0m6RzZ7uf6nj+kolgKoIigVrpnH9DT4zWjWDRoJkek96ZibxNqrflCx1SM4hw9QBJAwrAdwBdgj0z6lFRpX08e1ZkF/s7cEjteoOosHKHzKSDi5FxmQkqd4bxU8HzWiMH32PoQxrziZQXa5uwbgTcvlZNJMioyXYxlPb/W4NTzm1ei5hBlVkgpJBxgo30UwKeTWN/9FMJto0LFoEd6uiYoh3pYeOjtYUWo76aPzLEYVdjBhEbqRJMjxEbQewhC0OKrTOmZgQEvA==#üåêelectron-v2ray Mar-07-18:00-54
vless://7deda987-6e9a-4264-a473-9d16c0e2a0fe@www.MsV2ray.sbs:2083?mode=gun&security=tls&encryption=none&alpn=h2,http/1.1&type=grpc&serviceName=@MsV2ray,@MsV2ray,@MsV2ray,@MsV2ray,@MsV2ray,@MsV2ray,@MsV2ray,@MsV2ray,@MsV2ray&sni=www.MsV2ray.sbs#üåêelectron-v2ray Mar-07-18:00-55
vless://V2rayCUSTOMIZE@discord.gg:80?path=/@VPNCUSTOMIZE%3Fed%3D4096&security=none&encryption=none&host=VPNCUSTOMIZE.V2ray.motorcycles.&type=ws#üåêelectron-v2ray Mar-07-18:00-56
trojan://telegram-id-privatevpns@54.220.210.187:22222?security=tls&alpn=http/1.1&headerType=none&type=tcp&sni=trojan.miwan.co.uk#üåêelectron-v2ray Mar-07-18:00-57
vless://SvnTeam@mtn.vpnprosec.com:443?security=tls&encryption=none&headerType=none&type=tcp&sni=Grm.Join-SvnTeam.Online#üåêelectron-v2ray Mar-07-18:00-58
vless://b0138d55-a493-4dc3-9932-c6f0391707c1@162.159.135.79:443?path=%2Fvless%2Fb0138d55-a493-4dc3-9932-c6f0391707c1%3Fed%3D2048&security=tls&encryption=none&host=edge.020770.xyz&type=ws&sni=edge.020770.xyz#üåêelectron-v2ray Mar-07-18:00-59
vless://--DIGiV2RAY---@www.speedtest.net:80?path=%2FDigiv2ray-&security=none&encryption=none&host=%C3%A6d%C3%ADg%C3%AD.RadioTeHran.oRG.&type=ws#üåêelectron-v2ray Mar-07-18:00-60
vless://7646b393-88e0-4441-b832-a527ef8d927b@own.vpn24.info:3389?encryption=none&security=none&type=tcp&headerType=http&host=telewebion.com#üåêelectron-v2ray Mar-07-18:00-61
trojan://telegram-id-privatevpns@18.132.185.171:22222?security=tls&alpn=http/1.1&headerType=none&type=tcp&sni=trojan.miwan.co.uk#üåêelectron-v2ray Mar-07-18:00-62
vless://---DIGiV2RAY---@154.197.75.92:80?path=%2FDigiv2ray-&security=none&encryption=none&host=digi--v2raycncfs.RadioTeHran.oRG.&type=ws#üåêelectron-v2ray Mar-07-18:00-63
vless://15137a10-4a25-4903-ad31-cc55c10cf0ae@188.114.97.0:2096?mode=gun&security=tls&encryption=none&fp=chrome&type=grpc&serviceName=@free_v2rayyy,@free_v2rayyy,@free_v2rayyy,@free_v2rayyy,@free_v2rayyy,@free_v2rayyy,@free_v2rayyy,@free_v2rayyy,@free_v2rayyy&sni=mmd.farzam.space#üåêelectron-v2ray Mar-07-18:00-64
vless://da0c4b49-5565-4ff0-9848-1bb602fad0dd@168.119.184.138:57149?security=none&encryption=none&headerType=none&type=tcp#üåêelectron-v2ray Mar-07-18:00-65
ar-vless://i0M0+6WKc7BMVvptFHPPlTiIf2CwWwR+knjueonG0ur/Gt+gfSBgv/p08lOsJ8VrbVxuT5Qe/fbnlYBWKzJxPFZTMoGW8G082VfdTK/Zz0nVQqoSnS5jMhwumZYaqCoqFMKqcLR7BND0m6RzZ7uf6nj+kolgKoIigVrpnH9DT4zWjWDRoJkek96ZibxNqrflCx1SM4hw9QBJAwrAdwBdgnjPCAh+FuTTHoFuNfdnuqLTdhCk/oR3jS1K1ZXxXywenjyWBhe/YhgBkLOQF/8i/uJXAjT4LyR/WFMMy9+Yi4g8vUxES/SMXuWFmgnU1YDvog/tKG+alOWdCQcIo6f0+fT7dKKfQtFKdrBbVhiZ9gDyL3owvI5WT1aRE0YY701TLlslt/m0bePLNkAYcaWWbA==#üåêelectron-v2ray Mar-07-18:00-66
vmess://eyJhZGQiOiIxMDQuMTguMTIuMTkyIiwiYWlkIjoiMCIsImFscG4iOiIiLCJmcCI6IiIsImhvc3QiOiJyb2RpY2FuMDh2bS5tci1yYWR3YW4tZGFvdWQuZGUiLCJpZCI6IjkyMDkyZjMwLTdlMDgtNDhiMi1hNmIwLWNmZTNiOTExMjk4MiIsIm5ldCI6IndzIiwicGF0aCI6Ii92bWVzcyIsInBvcnQiOiI0NDMiLCJwcyI6IkBDbG91ZENpdHl5Iiwic2N5IjoiYXV0byIsInNuaSI6InJvZGljYW4wOHZtLm1yLXJhZHdhbi1kYW91ZC5kZSIsInRscyI6InRscyIsInR5cGUiOiIiLCJ2IjoiMiJ9#üåêelectron-v2ray Mar-07-18:00-67
vless://9c73d5c4-c555-4926-b2d0-96f1ba69b3cb@tb.vpn24.info:25677?encryption=none&security=none&type=tcp&headerType=http&host=telewebion.com#üåêelectron-v2ray Mar-07-18:00-68
vless://CUSTOMIZEV2ray@154.197.75.80:80?path=/@VPNCUSTOMIZE%3Fed%3D4096&security=none&encryption=none&host=TMCUSTOMIZE.V2ray.motorcycles.&type=ws#üåêelectron-v2ray Mar-07-18:00-69
vless://63070632-dbe2-4fd2-825b-eafc1c3fe625@www.unpkg.com:8443?path=%2FFOX_VPN66&security=tls&encryption=none&alpn=http/1.1&host=fr.marzfox.fun&fp=firefox&type=ws&sni=fr.marzfox.fun#üåêelectron-v2ray Mar-07-18:00-70
trojan://telegram-id-privatevpns@3.10.145.90:22222?security=tls&alpn=http/1.1&headerType=none&type=tcp&sni=trojan.miwan.co.uk#üåêelectron-v2ray Mar-07-18:00-71
vless://---DIGiV2RAY---@www.speedtest.net:80?path=%2FDigiv2ray-&security=none&encryption=none&host=%C3%A6d%C3%ADg%C3%AD.RadioTeHran.oRG.&type=ws#üåêelectron-v2ray Mar-07-18:00-72
vless://6b23d161-43d5-45e7-b804-f4b023daf247@www.speedtest.net:443?mode=gun&security=tls&encryption=none&alpn=h2,http/1.1&fp=chrome&type=grpc&serviceName=@ArV2ray,@ArV2ray,@ArV2ray,@ArV2ray,@ArV2ray,@ArV2ray,@ArV2ray,@ArV2ray,@ArV2ray,@ArV2ray,@ArV2ray,@ArV2ray,@ArV2ray,@ArV2ray&sni=1.agh9731.ir#üåêelectron-v2ray Mar-07-18:00-73
vless://cbe7aa50-5755-4971-f1ac-a5d3bfc0f363@95.38.153.33:33269/?type=ws&path=%2F%40VPNlime&security=none#üåêelectron-v2ray Mar-07-18:00-74
vmess://ew0KICAidiI6ICIyIiwNCiAgInBzIjogIk9XTlZQTiIsDQogICJhZGQiOiAiczAuZHJ2cG4ud3RmIiwNCiAgInBvcnQiOiAiODA4MCIsDQogICJpZCI6ICI2MTkzNmIyZS1hYmQ3LTQxYTAtYTY1Yi1mMDk1N2ZjZWNjZDQiLA0KICAiYWlkIjogIjAiLA0KICAic2N5IjogImF1dG8iLA0KICAibmV0IjogInRjcCIsDQogICJ0eXBlIjogImh0dHAiLA0KICAiaG9zdCI6ICIiLA0KICAicGF0aCI6ICIvIiwNCiAgInRscyI6ICIiLA0KICAic25pIjogIiIsDQogICJhbHBuIjogIiINCn0=#üåêelectron-v2ray Mar-07-18:00-75
vless://telegram-id-ArV2ray@5.75.242.254:443?mode=gun&security=reality&encryption=none&pbk=z7LnPBgBIYfnkraL-IQ2G9qOvEAsYmOE7GH2UhXzGA0&fp=firefox&type=grpc&serviceName=@ArV2ray,@ArV2ray,@ArV2ray,@ArV2ray,@ArV2ray,@ArV2ray,@ArV2ray,@ArV2ray,@ArV2ray,@ArV2ray,@ArV2ray,@ArV2ray,@ArV2ray,@ArV2ray&sni=ftp.debian.org&sid=8b0b9ef5#üåêelectron-v2ray Mar-07-18:00-76
vmess://eyJhZGQiOiJiZXN0LmNvbmZpZ2ZvcnZwbi5mdW4iLCJhaWQiOiIwIiwiYWxwbiI6IiIsImZwIjoiIiwiaG9zdCI6ImJlc3QuY29uZmlnZm9ydnBuLmZ1biIsImlkIjoiYWEzMmVmZGQtZGZiOS00N2ZlLWFjMTMtNWIyY2JjMGRjMjE1IiwibmV0Ijoid3MiLCJwYXRoIjoiLyIsInBvcnQiOiI4ODgwIiwicHMiOiJAQ29uZmlnZm9yVlBOIiwic2N5IjoiYXV0byIsInNuaSI6IiIsInRscyI6IiIsInR5cGUiOiIiLCJ2IjoiMiJ9#üåêelectron-v2ray Mar-07-18:00-77
vless://c71ae55f-82c7-40ca-b2a5-052fd493888e@114.29.238.196:30292?encryption=none&security=none&type=tcp&headerType=http&host=telewebion.com#üåêelectron-v2ray Mar-07-18:00-78
ar-vless://SQYF0qYSbeYmV9CPXn9iyPxjNCitaIBoR5kyJyFrbaWAmKlsb+L2rtrIEN84XteVbVxuT5Qe/fbnlYBWKzJxPFZTMoGW8G082VfdTK/Zz0nVQqoSnS5jMhwumZYaqCoqFMKqcLR7BND0m6RzZ7uf6nj+kolgKoIigVrpnH9DT4zWjWDRoJkek96ZibxNqrflCx1SM4hw9QBJAwrAdwBdgnjPCAh+FuTTHoFuNfdnuqLTdhCk/oR3jS1K1ZXxXywenjyWBhe/YhgBkLOQF/8i/uJXAjT4LyR/WFMMy9+Yi4g8vUxES/SMXuWFmgnU1YDvog/tKG+alOWdCQcIo6f0+fT7dKKfQtFKdrBbVhiZ9gDyL3owvI5WT1aRE0YY701TLlslt/m0bePLNkAYcaWWbA==#üåêelectron-v2ray Mar-07-18:00-79
vless://09ffb106-0e84-482e-a893-ff65255c6e3f@78.157.57.27:2834?type=ws&security=none&path=%2F#üåêelectron-v2ray Mar-07-18:00-80
vless://-DIGiV2RAY--@154.197.75.84:80?path=%2FDigiv2ray-&security=none&encryption=none&host=digi--v2raycncfs.RadioTeHran.oRG&type=ws#üåêelectron-v2ray Mar-07-18:00-81
vless://00a77d98-a067-4fd3-9031-52526a32becc@cloud.configforvpn.fun:2096?path=%2Fmm&security=tls&encryption=none&fp=chrome&type=ws&sni=root.configforvpn.fun#üåêelectron-v2ray Mar-07-18:00-82
vless://telegram-id-ArV2ray@www.speedtest.net:80?path=%2Ftelegram-ArV2ray%2Ctelegram-ArV2ray%2Ctelegram-ArV2ray%2Ctelegram-ArV2ray%2Ctelegram-ArV2ray%2Ctelegram-ArV2ray%2Ctelegram-ArV2ray%2Ctelegram-ArV2ray%2Ctelegram-ArV2ray%2Ctelegram-ArV2ray%2Ctelegram-ArV2ray%2Ctelegram-ArV2ray%3Fed%3D2048&security=none&encryption=none&host=2ArV2ray.xn--4oq36ed28d.Store.&type=ws#üåêelectron-v2ray Mar-07-18:00-83
vless://7cd6adff-8849-4fad-b3b3-857721c81477@168.119.48.210:8080?type=ws&path=%2F%40VPNLime&host=fast.com&security=none#üåêelectron-v2ray Mar-07-18:00-84
vless://eecefd35-58c3-4378-a7f3-71c0a01e191b@198.41.202.5:8880?path=%2Fjoin--ServerNett--ServerNett%3Fed%3D1048&security=none&encryption=none&host=xn--78-pv2cvta065cac9302fea377a148g.xyz.&type=ws#üåêelectron-v2ray Mar-07-18:00-85
eyJhZGQiOiJGSTIuRmFyYVNvcmF0Lk5ldCIsImFpZCI6IjAiLCJhbHBuIjoiIiwiZnAiOiIiLCJob3N0IjoiZGlnaWthbGEuY29tIiwiaWQiOiI1NGEwMjMzZS0wYjg5LTRhM2UtYjc1Yy05ZjRmZDkyYThjYTEiLCJuZXQiOiJ0Y3AiLCJwYXRoIjoiLyIsInBvcnQiOiI4MDkxIiwicHMiOiLinIXYs9ix2YjYsdmH2KfbjNio24zYtNiq2LHYr9ix2qnYp9mG2KfZhDpwcnJvZmlsZV9wdXJwbGVA4pyFIiwic2N5IjoiYXV0byIsInNuaSI6IiIsInRscyI6IiIsInR5cGUiOiJodHRwIiwidiI6IjIifQ==üòøvless://b9ad895b-12ac-40fc-a5ac-a5b2a1285001@172.67.182.110:443?path=path%2FTELEGRAM...%40proxy_mtm%3Fed%3D2048&security=tls&encryption=none&host=3k.pureboy.eu.org&type=ws&sni=3k.pureboy.eu.org#üåêelectron-v2ray Mar-07-18:00-86
eecefd35-58c3-4378-a7f3-71c0a01e191b@198.41.202.5:8880?path=%2Fjoin--ServerNett--ServerNett%3Fed%3D1048&security=none&encryption=none&host=xn--78-pv2cvta065cac9302fea377a148g.xyz.&type=ws#üåêelectron-v2ray Mar-07-18:00-87
dbfd19e8-6dc6-4f35-e195-2720227ac566@190.93.244.239:2083?mode=multi&security=tls&encryption=none&alpn=h2&fp=chrome&type=grpc&serviceName=&sni=max-allnet.mpyana.ir#üåêelectron-v2ray Mar-07-18:00-88
trojan://zJqAWaWs9F@upload.sudorad.online:2096?mode=gun&security=tls&alpn=h2,http/1.1&type=grpc&serviceName=&sni=upload.sudorad.online#üåêelectron-v2ray Mar-07-18:00-89
vless://6aa6cb06-c20c-44a9-f22b-036407e37556@217.114.40.135:8443?security=none&encryption=none&host=ir1.node.check-host.net&headerType=http&type=tcp#üåêelectron-v2ray Mar-07-18:00-90
vless://--MsV2ray--MsV2ray--@www.MsV2ray.sbs:2083?mode=gun&security=tls&encryption=none&alpn=h2,http/1.1&type=grpc&serviceName=@MsV2ray,@MsV2ray,@MsV2ray,@MsV2ray,@MsV2ray,@MsV2ray,@MsV2ray,@MsV2ray,@MsV2ray&sni=www.MsV2ray.sbs#üåêelectron-v2ray Mar-07-18:00-91
trojan://telegram-id-privatevpns@13.36.113.43:22222?security=tls&alpn=http/1.1&headerType=none&type=tcp&sni=trojan.miwan.co.uk#üåêelectron-v2ray Mar-07-18:00-92
eyJhZGQiOiIzLjEyMi4yNDQuMTYxIiwiYWlkIjoiMCIsImFscG4iOiIiLCJmcCI6IiIsImhvc3QiOiIiLCJpZCI6ImI1OGE1NGNmLTMwZDYtNGYzOC05ODVmLTRjNDQ3M2ZmYjYzNCIsIm5ldCI6InRjcCIsInBhdGgiOiIiLCJwb3J0IjoiMTIzNDUiLCJwcyI6IuKchdiz2LHZiNix2YfYp9uM2KjbjNi02KrYsdiv2LHaqdin2YbYp9mEOnBycm9maWxlX3B1cnBsZUDinIUiLCJzY3kiOiJhdXRvIiwic25pIjoiIiwidGxzIjoiIiwidHlwZSI6Im5vbmUiLCJ2IjoiMiJ9üëúvless://c721b1f1-1405-42f4-96c8-3195e2e751c9@85.198.17.17:2093?security=none&encryption=none&headerType=none&type=tcp#üåêelectron-v2ray Mar-07-18:00-93
eyJhZGQiOiJsb2dpbi5ibHVlbmFuY2UuY29tIiwiYWlkIjoiMCIsImFscG4iOiIiLCJmcCI6IiIsImhvc3QiOiIiLCJpZCI6IjU5N2JjYThmLWM4ZmMtNDQyYi05MGI2LWM5MWFmN2U3YjZkOSIsIm5ldCI6InRjcCIsInBhdGgiOiIiLCJwb3J0IjoiNTI2MjEiLCJwcyI6IuKchdiz2LHZiNix2YfYp9uM2KjbjNi02KrYsdiv2LHaqdin2YbYp9mEOnBycm9maWxlX3B1cnBsZUDinIUiLCJzY3kiOiJhdXRvIiwic25pIjoiIiwidGxzIjoidGxzIiwidHlwZSI6Im5vbmUiLCJ2IjoiMiJ9üß§vless://d342d11e-d424-4583-b36e-524ab1f0afa4@discord.com:443?path=%2F&security=tls&encryption=none&host=baipiao267.stunning-bassoon.pages.dev&type=ws&sni=baipiao267.stunning-bassoon.pages.dev#üåêelectron-v2ray Mar-07-18:00-94
vmess://eyJhZGQiOiIzLjEyMi4yNDQuMTYxIiwiYWlkIjoiMCIsImFscG4iOiIiLCJmcCI6IiIsImhvc3QiOiIiLCJpZCI6ImI1OGE1NGNmLTMwZDYtNGYzOC05ODVmLTRjNDQ3M2ZmYjYzNCIsIm5ldCI6InRjcCIsInBhdGgiOiIiLCJwb3J0IjoiMTIzNDUiLCJwcyI6IuKchdiz2LHZiNix2YfYp9uM2KjbjNi02KrYsdiv2LHaqdin2YbYp9mEOnBycm9maWxlX3B1cnBsZUDinIUiLCJzY3kiOiJhdXRvIiwic25pIjoiIiwidGxzIjoiIiwidHlwZSI6Im5vbmUiLCJ2IjoiMiJ9üëú#üåêelectron-v2ray Mar-07-18:00-95
9441563a-9549-44e1-be64-6ef185b0c5b6@Vpn-MikeyMci.myftp.org:80?path=%2F%40Vpn_Mikey%D8%8C%40Vpn_Mikey&security=none&encryption=none&host=Vpn-Mikey.%E6%AC%A2%E8%BF%8E%E8%AE%BF%E6%AC%A2%E8%BF%8E%E8%AE%BF%E9%97%AE%E4%B8%AD.website.&type=ws#üåêelectron-v2ray Mar-07-18:00-96
d342d11e-d424-4583-b36e-524ab1f0afa4@discord.com:443?path=%2F&security=tls&encryption=none&host=baipiao267.stunning-bassoon.pages.dev&type=ws&sni=baipiao267.stunning-bassoon.pages.dev#üåêelectron-v2ray Mar-07-18:00-97
vmess://eyJhZGQiOiJpcHMuY29uZmlnZm9ydnBuLmZ1biIsImFpZCI6IjAiLCJhbHBuIjoiIiwiZnAiOiIiLCJob3N0Ijoicm9vdC5jb25maWdmb3J2cG4uZnVuIiwiaWQiOiJkYTI4Yzg1ZS1lNzFiLTQ1NTQtYTlmYy0xNjJiYzk0YzdjYjAiLCJuZXQiOiJ3cyIsInBhdGgiOiIvIiwicG9ydCI6Ijg4ODAiLCJwcyI6IkBDb25maWdmb3JWUE4iLCJzY3kiOiJhdXRvIiwic25pIjoiIiwidGxzIjoiIiwidHlwZSI6IiIsInYiOiIyIn0=#üåêelectron-v2ray Mar-07-18:00-98
vless://40b7d140-2ae6-4ef5-a1bd-46c430bf89ab@cdn.melodyshopone2.ir:8080?path=%2F&security=none&encryption=none&host=cdn.melodyshopone2.ir&type=ws#üåêelectron-v2ray Mar-07-18:00-99
vless://2577ad96-0ea5-478e-db8e-f89928bf1e74@don.dayvip.ir:2096?mode=gun&security=tls&encryption=none&alpn=h2,http/1.1&type=grpc&serviceName=&sni=elv1.amshvip.ir#üåêelectron-v2ray Mar-07-18:00-100
vless://VPNCUSTOMIZE@188.114.98.224:443?path=%2Faccount%2Fcart%2Fbuy&security=tls&encryption=none&alpn=h2,http/1.1&host=cp.kellekcollection.com&fp=chrome&type=ws&sni=cp.kellekcollection.com#üåêelectron-v2ray Mar-07-18:00-101
VPNCUSTOMIZE@188.114.98.224:443?path=%2Faccount%2Fcart%2Fbuy&security=tls&encryption=none&alpn=h2,http/1.1&host=cp.kellekcollection.com&fp=chrome&type=ws&sni=cp.kellekcollection.com#üåêelectron-v2ray Mar-07-18:00-102
ss://Y2hhY2hhMjAtaWV0Zi1wb2x5MTMwNTpEbU1RVW1JN3BnUURucldxTFhDMDBM@94.228.165.234:15214#üåêelectron-v2ray Mar-07-18:00-103
vless://92669584-6357-4c04-88da-60c1b1ea953d@ips.configforvpn.fun:8080?path=%2Fh&security=none&encryption=none&host=best.configforvpn.fun&type=ws#üåêelectron-v2ray Mar-07-18:00-104
vless://1434e619-715c-4203-bf3d-044f62374219@45.80.111.9:443?mode=gun&security=tls&encryption=none&alpn=h2,http/1.1&fp=chrome&type=grpc&serviceName=@vpn_xw-Telegram:@vpn_xw-Telegram:@vpn_xw-Telegram:@vpn_xw-Telegram:@vpn_xw-Telegram&sni=webmail.snapfooding.com#üåêelectron-v2ray Mar-07-18:00-105
vmess://eyJhZGQiOiIxMDQuMTguMTIuMTkyIiwiYWlkIjoiMCIsImFscG4iOiIiLCJmcCI6IiIsImhvc3QiOiJyb2RpY2FuMDh2bS5tci1yYWR3YW4tZGFvdWQuZGUiLCJpZCI6IjkyMDkyZjMwLTdlMDgtNDhiMi1hNmIwLWNmZTNiOTExMjk4MiIsIm5ldCI6IndzIiwicGF0aCI6Ii92bWVzcyIsInBvcnQiOiI4MCIsInBzIjoiQENsb3VkQ2l0eXkiLCJzY3kiOiJhdXRvIiwic25pIjoiIiwidGxzIjoiIiwidHlwZSI6IiIsInYiOiIyIn0=#üåêelectron-v2ray Mar-07-18:00-106
vless://64cbc98b-ac68-429b-8469-6ebca52428d1@tk.ownvpn.buzz:3600?type=ws&security=none&path=%2F&host=telewebion.com#üåêelectron-v2ray Mar-07-18:00-107
vless://920e9472-ecfe-4261-ba29-dd8f9681d6ad@[2a01:4f8:1c1b:5ec::1]:15586?security=none&encryption=none&headerType=http&type=tcp#üåêelectron-v2ray Mar-07-18:00-108
vless://Parsashonam-12@www.speedtest.net:8080?path=%2F&security=none&encryption=none&host=Parsashonam.%E6%88%91%E4%BB%AC%E7%B4%AF%E4%BA%86.tech.&type=ws#üåêelectron-v2ray Mar-07-18:00-109
trojan://telegram-id-privatevpns@16.171.122.234:22222?security=tls&alpn=http/1.1&headerType=none&type=tcp&sni=trojan.miwan.co.uk#üåêelectron-v2ray Mar-07-18:00-110
vless://Id-telegram-CloudCityy@78.46.141.97:2053?mode=gun&security=reality&encryption=none&pbk=9vN5FCzwZ3awRRKH7qq9tcFb9vIyblfJcCC2ZCW1cjg&fp=firefox&type=grpc&serviceName=Id-telegram-@CloudCityy-Id-telegram-@CloudCityy-Id-telegram-@CloudCityy-Id-telegram-@CloudCityy-Id-telegram-@CloudCityy-&sni=www.discord.com&sid=b02517b9#üåêelectron-v2ray Mar-07-18:00-111
trojan://telegram-id-privatevpns@3.11.181.206:22222?security=tls&alpn=http/1.1&headerType=none&type=tcp&sni=trojan.miwan.co.uk#üåêelectron-v2ray Mar-07-18:00-112
vless://telegram-id-ArV2ray@57.129.29.202:443?mode=gun&security=reality&encryption=none&pbk=qllTK_mH3yEo57Uxv5DXA-k1jOhStSXnpCVZ2NyOW28&fp=firefox&type=grpc&serviceName=@ArV2ray,@ArV2ray,@ArV2ray,@ArV2ray,@ArV2ray,@ArV2ray,@ArV2ray,@ArV2ray,@ArV2ray,@ArV2ray,@ArV2ray,@ArV2ray,@ArV2ray,@ArV2ray&sni=ftp.debian.org&sid=8df309a7#üåêelectron-v2ray Mar-07-18:00-113
vless://f4cec6cc-6177-423c-90f8-2ad9f0dd996b@iranserver.com:2096?path=Telegram%40SINABIGO%2F%3Fed%3D2048&security=tls&encryption=none&host=vpnct.arvancode.eu.org&fp=chrome&type=ws&sni=vpnct.arvancode.eu.org#üåêelectron-v2ray Mar-07-18:00-114
vless://vpn_xw@www.visa.com:8880?path=%2F%3Fed%3D2048&security=none&encryption=none&host=mci.xn--4gq0a0fu2d74d5z7ajgm893a7c3d4tf.website.&type=ws#üåêelectron-v2ray Mar-07-18:00-115
vless://telegram-id-ArV2ray@www.speedtest.net:80?path=%2Ftelegram-ArV2ray%2Ctelegram-ArV2ray%2Ctelegram-ArV2ray%2Ctelegram-ArV2ray%2Ctelegram-ArV2ray%2Ctelegram-ArV2ray%2Ctelegram-ArV2ray%2Ctelegram-ArV2ray%2Ctelegram-ArV2ray%2Ctelegram-ArV2ray%2Ctelegram-ArV2ray%2Ctelegram-ArV2ray%2Ctelegram-ArV2ray%3Fed%3D2048&security=none&encryption=none&host=tel-arv2ray.tel-arv2ray.xn--4oq36ed28d.Store.&type=ws#üåêelectron-v2ray Mar-07-18:00-116
vless://-DIGiV2RAY-@www.speedtest.net:80?path=%2FDigiv2ray-&security=none&encryption=none&host=%C3%A6d%C3%ADg%C3%AD.RadioTeHran.oRG.&type=ws#üåêelectron-v2ray Mar-07-18:00-117
vless://V2rayCUSTOMIZE@discord.gg:8080?path=/@VPNCUSTOMIZE&security=none&encryption=none&host=xn--047h.xn--4oq36ed28d.ORG.&type=ws#üåêelectron-v2ray Mar-07-18:00-118
vless://47cb67c7-00ec-49b5-cd2b-a3edbcfcae2c@172.233.57.233:54538?security=none&encryption=none&host=fast.com&headerType=http&type=tcp#üåêelectron-v2ray Mar-07-18:00-119
vless://CONFIG-WANCLOUDFA@49.12.64.220:443?security=none&encryption=none&headerType=none&type=tcp#üåêelectron-v2ray Mar-07-18:00-120
vless://a82ecae9-7f5c-4cbf-b8b9-69490ab775ac@v2raymhcn.wagnervpn.com:2096/?type=grpc&serviceName=www.speedtest.net&security=tls&fp=chrome&alpn=h2%2Chttp%2F1.1&sni=v2raymhcn.wagnervpn.com#üåêelectron-v2ray Mar-07-18:00-121
vless://DIGIV2RAY@154.197.75.55:80?path=%2FDigiv2ray-&security=none&encryption=none&host=DigiV2ray.RadioTeHran.oRG.&type=ws#üåêelectron-v2ray Mar-07-18:00-122
vless://b9ad895b-12ac-40fc-a5ac-a5b2a1285001@172.64.89.170:443?path=%2FTelegram%40proxy_mtm%3Fed%3D2048&security=tls&encryption=none&host=3k.pureboy.eu.org&type=ws&sni=3k.pureboy.eu.org#üåêelectron-v2ray Mar-07-18:00-123
ss://Y2hhY2hhMjAtaWV0Zi1wb2x5MTMwNTpXNzRYRkFMTEx1dzZtNUlB@series-a1.samanehha.co:443#üåêelectron-v2ray Mar-07-18:00-124
eyJhZGQiOiI2NC4yMjYuNjkuOTciLCJhaWQiOiIwIiwiYWxwbiI6IiIsImZwIjoiIiwiaG9zdCI6IiIsImlkIjoiN2M5MjJlZGMtZWI1MC00YTI2LTg4ZjktMWZmMzkwNDI0OGZhIiwibmV0IjoidGNwIiwicGF0aCI6IiIsInBvcnQiOiI4ODgwIiwicHMiOiJAdjJyYXlfY2FydGVs8J+SlCIsInNjeSI6ImF1dG8iLCJzbmkiOiIiLCJ0bHMiOiIiLCJ0eXBlIjoibm9uZSIsInYiOiIyIn0=ss://Y2hhY2hhMjAtaWV0Zi1wb2x5MTMwNTpxRnFxS2Y3OEZ1TUhuQnFveGVXejRS@51.11.104.69:16550#üåêelectron-v2ray Mar-07-18:00-125
ss://Y2hhY2hhMjAtaWV0Zi1wb2x5MTMwNTpKM3cvOG0wNnJDS0dPdWk2aWRFNlBxVFV6bU9Ca1hLMkdaclZZN0VFVldrPQ==@18.184.253.42:2096#üåêelectron-v2ray Mar-07-18:00-126
fad6d0fb-103a-473f-bbfd-ab1b0ca487bc@104.31.16.9:80?path=%2F&security=none&encryption=none&host=lashashin.garayane.heydas.heydasgermany.name.ng&type=ws#üåêelectron-v2ray Mar-07-18:00-127
eyJhZGQiOiI2NC4yMjYuNjkuOTciLCJhaWQiOiIwIiwiYWxwbiI6IiIsImZwIjoiIiwiaG9zdCI6IiIsImlkIjoiN2M5MjJlZGMtZWI1MC00YTI2LTg4ZjktMWZmMzkwNDI0OGZhIiwibmV0IjoidGNwIiwicGF0aCI6IiIsInBvcnQiOiI4ODgwIiwicHMiOiJURUxFR1JBTVx1MDAzZFx1MDAzZFx1MDAzZUB2MnJheV9jYXJ0ZWwiLCJzY3kiOiJhdXRvIiwic25pIjoiIiwidGxzIjoiIiwidHlwZSI6Im5vbmUiLCJ2IjoiMiJ9vless://dfb18c6f-731a-4898-a1c4-cc36c6055a90@162.159.8.55:443?path=Path%2FTelegram%40V2ray_alpha%2F%3Fed%3D2048&security=tls&encryption=none&host=w2.sylarsun.eu.org&type=ws&sni=w2.sylarsun.eu.org#üåêelectron-v2ray Mar-07-18:00-128
--DIGiV2RAY--@154.197.75.84:80?path=%2FDigiv2ray-&security=none&encryption=none&host=digi--v2raycncfs.RadioTeHran.oRG.&type=ws#üåêelectron-v2ray Mar-07-18:00-129
vless://--DIGiV2RAY--@www.speedtest.net:80?path=%2FDigiv2ray-&security=none&encryption=none&host=%C3%A6d%C3%ADg%C3%AD.RadioTeHran.oRG.&type=ws#üåêelectron-v2ray Mar-07-18:00-130
ss://Y2hhY2hhMjAtaWV0Zi1wb2x5MTMwNTo0c1o2OUZObUFQb3NDQmlENk1VcnlC@45.8.146.32:50370#üåêelectron-v2ray Mar-07-18:00-131
vless://vpn_xw@45.80.111.9:8880?path=%2F%3Fed%3D2048&security=none&encryption=none&host=mci.xn--4gq0a0fu2d74d5z7ajgm893a7c3d4tf.website.&type=ws#üåêelectron-v2ray Mar-07-18:00-132
trojan://telegram-id-privatevpns@13.39.188.62:22222?security=tls&alpn=http/1.1&headerType=none&type=tcp&sni=trojan.miwan.co.uk#üåêelectron-v2ray Mar-07-18:00-133
vless://--MsV2ray---MsV2ray--@All.MsV2ray.online:2095?path=%2F%40MsV2ray%2C%40MsV2ray%2C%40MsV2ray%2C%40MsV2ray%3Fed%3D2048&security=none&encryption=none&host=q.q.%E7%A7%91%E6%96%AF%E6%B6%85%E9%81%8E%E6%BF%BE%E5%99%A8.website&type=ws#üåêelectron-v2ray Mar-07-18:00-134
vless://b75b3034-36ab-4979-beae-3d02db1b11ec@104.31.16.162:443?path=%2F%3Fed%3D2048&security=tls&encryption=none&host=always-online1.lp-airdrop.top&type=ws&sni=always-online1.lp-airdrop.top#üåêelectron-v2ray Mar-07-18:00-135
vless://Id-telegram-CloudCityy@Shop1.IpCloud.shop:2053?mode=gun&security=reality&encryption=none&pbk=bDGPf3VN_9X6UEP0KEOBG9YKcbi6PeM_jhaiMGjJPjY&fp=firefox&type=grpc&serviceName=Id-telegram-@CloudCityy-Id-telegram-@CloudCityy-Id-telegram-@CloudCityy-Id-telegram-@CloudCityy-Id-telegram-@CloudCityy-&sni=www.discord.com&sid=b02517b9#üåêelectron-v2ray Mar-07-18:00-136
vless://7cd6adff-8849-4fad-b3b3-857721c81477@49.13.74.174:8080?type=ws&path=%2F%40VPNLime&host=fast.com&security=none#üåêelectron-v2ray Mar-07-18:00-137
vless://b9ad895b-12ac-40fc-a5ac-a5b2a1285001@172.67.170.103:443?path=path%2FtelegramV2ray_Alpha%2F%3Fed%3D2048&security=tls&encryption=none&host=3k.pureboy.eu.org&type=ws&sni=3k.pureboy.eu.org#üåêelectron-v2ray Mar-07-18:00-138
eyJhZGQiOiI5NS4zOC4yNDIuMTgiLCJhaWQiOiIwIiwiYWxwbiI6IiIsImZwIjoiIiwiaG9zdCI6InRlbGV3ZWJpb24uY29tIiwiaWQiOiI5YjEwZmFmNC1kMzMxLTQ2MWEtYTY1My0wNzI3MTQ1NDI0M2UiLCJuZXQiOiJ0Y3AiLCJwYXRoIjoiLyIsInBvcnQiOiIyNDcyNyIsInBzIjoi4pyF2LPYsdmI2LHZh9in24zYqNuM2LTYqtix2K/Ysdqp2KfZhtin2YQ6cHJyb2ZpbGVfcHVycGxlQOKchSIsInNjeSI6ImF1dG8iLCJzbmkiOiIiLCJ0bHMiOiIiLCJ0eXBlIjoiaHR0cCIsInYiOiIyIn0=üåàvless://b9ad895b-12ac-40fc-a5ac-a5b2a1285001@172.67.182.110:443?path=path%2FTELEGRAM...%40proxy_mtm%3Fed%3D2048&security=tls&encryption=none&host=3k.pureboy.eu.org&type=ws&sni=3k.pureboy.eu.org#üåêelectron-v2ray Mar-07-18:00-139
f7204e0a-0bb3-4b6e-be7c-e22c8ccd357f@104.18.202.232:2052?path=%2F%3Fed%3D2048&security=none&encryption=none&host=Xmrdark.%F0%9F%91%BD%F0%9F%91%BD%F0%9F%91%BD.V2ray.%F0%9F%91%A8%F0%9F%8F%BC%E2%80%8D%F0%9F%92%BB.radiotehran.tech.&type=ws#üåêelectron-v2ray Mar-07-18:00-140
vless://VPNCUSTOMIZE-VPNCUSTOMIZE@188.114.98.224:443?path=%2Faccount%2Fcart%2Fbuy%2Fpayment&security=tls&encryption=none&alpn=h2,http/1.1&host=cp.kellekcollection.com&fp=chrome&type=ws&sni=cp.kellekcollection.com#üåêelectron-v2ray Mar-07-18:00-141
vless://DIGIV2RAY@www.speedtest.net:80?path=%2FDigiv2ray-&security=none&encryption=none&host=%C3%A6d%C3%ADg%C3%AD.RadioTeHran.oRG.&type=ws#üåêelectron-v2ray Mar-07-18:00-142
trojan://telegram-id-privatevpns@63.33.91.141:22222?security=tls&alpn=http/1.1&headerType=none&type=tcp&sni=trojan.miwan.co.uk#üåêelectron-v2ray Mar-07-18:00-143
vless://Venom-Servers@discord.com:443/?type=grpc&serviceName=Telegram-Channel%40Venom_ServersTelegram-Channel%40Venom_ServersTelegram-Channel%40Venom_ServersTelegram-Channel%40Venom_ServersTelegram-Channel%40Venom_ServersTelegram-Channel%40Venom_ServersTelegram-Channel%40Venom_ServersTelegram-Channel%40Venom_ServersTelegram-Channel%40Venom_ServersTelegram-Channel%40Venom_ServersTelegram-Channel%40Venom_ServersTelegram-Channel%40Venom_ServersTelegram-Channel%40Venom_ServersTelegram-Channel%40Venom_ServersTelegram-Channel%40Venom_ServersTelegram-Channel%40Venom_Servers&security=tls&fp=chrome&alpn=h2%2Chttp%2F1.1&sni=fs3.snowborn.ir#üåêelectron-v2ray Mar-07-18:00-144
vless://telegram-id-ArV2ray@www.speedtest.net:443?mode=gun&security=tls&encryption=none&alpn=h2,http/1.1&fp=chrome&type=grpc&serviceName=@ArV2ray,@ArV2ray,@ArV2ray,@ArV2ray,@ArV2ray,@ArV2ray,@ArV2ray,@ArV2ray,@ArV2ray,@ArV2ray,@ArV2ray,@ArV2ray&sni=tel-ArV2ray.agh9731.ir#üåêelectron-v2ray Mar-07-18:00-145
trojan://telegram-id-privatevpns@3.77.100.137:22222?security=tls&alpn=http/1.1&headerType=none&type=tcp&sni=trojan.miwan.co.uk#üåêelectron-v2ray Mar-07-18:00-146
vless://telegram-id-ArV2ray@www.speedtest.net:443?mode=gun&security=tls&encryption=none&alpn=h2,http/1.1&fp=chrome&type=grpc&serviceName=@ArV2ray,@ArV2ray,@ArV2ray,@ArV2ray,@ArV2ray,@ArV2ray,@ArV2ray,@ArV2ray,@ArV2ray,@ArV2ray,@ArV2ray,@ArV2ray,@ArV2ray,@ArV2ray&sni=s1.agh9731.ir#üåêelectron-v2ray Mar-07-18:00-147
ss://Y2hhY2hhMjAtaWV0Zi1wb2x5MTMwNTo2NExiS0huQjNJTzc1OXVlRW5oZ01HQDUyLjE0Mi4xNjEuOTozNDQyNA==#üåêelectron-v2ray Mar-07-18:00-148
vmess://eyJhZGQiOiIxNDYuNTkuMTQ3LjI1MCIsImFpZCI6IjAiLCJob3N0IjoiIiwiaWQiOiI4MjQ0N2FiZi1kY2I5LTQwOGEtOWNhNi03OWUwYTc2OThkMDgiLCJuZXQiOiJ0Y3AiLCJwYXRoIjoiIiwicG9ydCI6IjI5Nzc2IiwicHMiOiLaqdin2YbYp9mEIDogQFYycmF5Tkd2cG5pIiwic25pIjoiIiwidGxzIjoiIiwidHlwZSI6Im5vbmUiLCJ2IjoiMiJ9#üåêelectron-v2ray Mar-07-18:00-149
trojan://telegram-id-privatevpns@3.120.86.228:22222?security=tls&alpn=http/1.1&headerType=none&type=tcp&sni=trojan.miwan.co.uk#üåêelectron-v2ray Mar-07-18:00-150
vless://----DIGIV2RAY---@discordapp.com:80?path=%2FDigiv2ray&security=none&encryption=none&host=digiv2.RadioTehran.oRG.&type=ws#üåêelectron-v2ray Mar-07-18:00-151
vless://88310bfc-1ced-4c37-9f7c-8850667d0afd@168.119.49.232:50287?security=none&encryption=none&host=www.speedtest.com&headerType=http&type=tcp#üåêelectron-v2ray Mar-07-18:00-152
ar-vless://c+BWxBsDNA/8ImklNpajnxvmDi31rhCpSxSWGkMtyGM62/314EOEMTW7UuEsB5eV0hvyhaLG99sykBXbL1D7EgBM/ycIXANefM78Fykz1CYAwLwXiNrcAAUIJ313/wKCnC6fTv71tfk7mjZVmmsKYQN9AyO48wDK0ulxUGP75O4hCe5/2mHyuiqqvC7KJy8OpHGcFufNe/PaZxgUANTr3eaTlHTX3no/bwoT7oDkhNwlxqgwZcIidbX9TjAWeikWVlr41f6ztHRVR90BmudtYI8yqrhaAZFeld6PV7/bG44=#üåêelectron-v2ray Mar-07-18:00-153
vless://6e34f2c5-6c71-4010-c292-10d05ef4a9a2@104.20.156.248:443?path=%2F%3Fed&security=tls&encryption=none&host=current.ircp.online&type=ws&sni=current.ircp.online#üåêelectron-v2ray Mar-07-18:00-154
vless://--MsV2ray--MsV2ray--@All.MsV2ray.online:2095?path=%2F%40MsV2ray%2C%40MsV2ray%2C%40MsV2ray%2C%40MsV2ray%3Fed%3D2048&security=none&encryption=none&host=q.q.%E7%A7%91%E6%96%AF%E6%B6%85%E9%81%8E%E6%BF%BE%E5%99%A8.website&type=ws#üåêelectron-v2ray Mar-07-18:00-155
vless://telegram-id-ArV2ray@www.speedtest.net:443?mode=gun&security=tls&encryption=none&alpn=h2,http/1.1&fp=chrome&type=grpc&serviceName=@ArV2ray,@ArV2ray,@ArV2ray,@ArV2ray,@ArV2ray,@ArV2ray,@ArV2ray,@ArV2ray,@ArV2ray,@ArV2ray,@ArV2ray,@ArV2ray&sni=3.agh9731.ir#üåêelectron-v2ray Mar-07-18:00-156
vless://telegram-id-ArV2ray@www.speedtest.net:80?path=%2Ftelegram-ArV2ray%2Ctelegram-ArV2ray%2Ctelegram-ArV2ray%2Ctelegram-ArV2ray%2Ctelegram-ArV2ray%2Ctelegram-ArV2ray%2Ctelegram-ArV2ray%2Ctelegram-ArV2ray%2Ctelegram-ArV2ray%2Ctelegram-ArV2ray%2Ctelegram-ArV2ray%2Ctelegram-ArV2ray%2Ctelegram-ArV2ray%3Fed%3D2048&security=none&encryption=none&host=tel-ArV2ray.xn--4oq36ed28d.Store.&type=ws#üåêelectron-v2ray Mar-07-18:00-157
vless://446cf1db-74f9-4f26-91ad-3acb9fc2beb0@best.configforvpn.fun:2053?mode=gun&security=reality&encryption=none&pbk=d7ai1rsnr28Xv2F2TktDrZ_YCbUK55w0QHPHcUYWLR8&fp=chrome&spx=%2F&type=grpc&serviceName=@configforVPN&sni=greenpepper.ir&sid=614214c8#üåêelectron-v2ray Mar-07-18:00-158
trojan://telegram-id-privatevpns@13.48.222.225:22222?security=tls&alpn=http/1.1&headerType=none&type=tcp&sni=trojan.miwan.co.uk#üåêelectron-v2ray Mar-07-18:00-159
vless://telegram-id-ArV2ray@www.speedtest.net:80?path=%2Ftelegram-ArV2ray%2Ctelegram-ArV2ray%2Ctelegram-ArV2ray%2Ctelegram-ArV2ray%2Ctelegram-ArV2ray%2Ctelegram-ArV2ray%2Ctelegram-ArV2ray%2Ctelegram-ArV2ray%2Ctelegram-ArV2ray%2Ctelegram-ArV2ray%2Ctelegram-ArV2ray%2Ctelegram-ArV2ray%2Ctelegram-ArV2ray%3Fed%3D2048&security=none&encryption=none&host=2.2.2.xn--4oq36ed28d.Store.&type=ws#üåêelectron-v2ray Mar-07-18:00-160
vless://00f4ebcf-6bae-4eb2-9064-2a272e4d4875@cdn.melodyshopone2.ir:8080?path=%2F&security=none&encryption=none&host=cdn.melodyshopone2.ir&type=ws#üåêelectron-v2ray Mar-07-18:00-161
vless://-DIGIV2RAY@154.197.75.55:80?path=%2FDigiv2ray-&security=none&encryption=none&host=DigiV2ray.RadioTeHran.oRG.&type=ws#üåêelectron-v2ray Mar-07-18:00-162
vless://0dd1347e-e342-456c-b802-779b859cca42@104.31.16.32:443?path=%2Fmhdshws&security=tls&encryption=none&host=loolu.tech&type=ws&sni=loolu.tech#üåêelectron-v2ray Mar-07-18:00-163
vless://d342d11e-d424-4583-b36e-524ab1f0afa4@104.21.43.16:443?path=path%2FTELEGRAM...+FreakConfig%3Fed%3D2048&security=tls&encryption=none&host=baipiao406.stunning-bassoon.pages.dev&type=ws&sni=baipiao406.stunning-bassoon.pages.dev#üåêelectron-v2ray Mar-07-18:00-164
vless://02514d80-8007-47f7-8aaf-28c1da64f915@185.211.59.210:443?security=none&encryption=none&headerType=http&type=tcp#üåêelectron-v2ray Mar-07-18:00-165
vless://--DIGiV2RAY---@154.197.75.92:80?path=%2FDigiv2ray-&security=none&encryption=none&host=digi--v2raycncfs.RadioTeHran.oRG.&type=ws#üåêelectron-v2ray Mar-07-18:00-166
vless://b9ad895b-12ac-40fc-a5ac-a5b2a1285001@104.21.28.62:443?path=Telegram+id%3A+%40V2raySeven%2F%3Fed%3D2048&security=tls&encryption=none&alpn=http/1.1&host=3k.pureboy.eu.org&fp=chrome&type=ws&sni=3k.pureboy.eu.org#üåêelectron-v2ray Mar-07-18:00-167
vless://dfb18c6f-731a-4898-a1c4-cc36c6055a90@w2.sylarsun.eu.org:443?path=%2F%3Fed&security=tls&encryption=none&host=w2.sylarsun.eu.org&type=ws&sni=w2.sylarsun.eu.org#üåêelectron-v2ray Mar-07-18:00-168
dfb18c6f-731a-4898-a1c4-cc36c6055a90@w2.sylarsun.eu.org:443?path=%2F%3Fed&security=tls&encryption=none&host=w2.sylarsun.eu.org&type=ws&sni=w2.sylarsun.eu.org#üåêelectron-v2ray Mar-07-18:00-169
vless://CUSTOMIZEV2ray@154.197.75.80:80?path=/@VPNCUSTOMIZE&security=none&encryption=none&host=V2rayCUSTOMIZE.xn--4oq36ed28d.ORG.&type=ws#üåêelectron-v2ray Mar-07-18:00-170
vless://a23fc384-1689-4cfa-8399-7ce84aef977b@164.92.208.58:443?security=none&encryption=none&host=upload.com&headerType=http&type=tcp#üåêelectron-v2ray Mar-07-18:00-171
a23fc384-1689-4cfa-8399-7ce84aef977b@164.92.208.58:443?security=none&encryption=none&host=upload.com&headerType=http&type=tcp#üåêelectron-v2ray Mar-07-18:00-172
-DIGIV2RAY@www.speedtest.net:80?path=%2FDigiv2ray-&security=none&encryption=none&host=%C3%A6d%C3%ADg%C3%AD.RadioTeHran.oRG.&type=ws#üåêelectron-v2ray Mar-07-18:00-173
vmess://eyJhZGQiOiJpbm5hLmNmZCIsImFpZCI6IjAiLCJhbHBuIjoiIiwiZnAiOiIiLCJob3N0IjoiaW5uYS5jZmQiLCJpZCI6IjAzZmNjNjE4LWI5M2QtNjc5Ni02YWVkLThhMzhjOTc1ZDU4MSIsIm5ldCI6IndzIiwicGF0aCI6Ii9saW5rdndzIiwicG9ydCI6IjQ0MyIsInBzIjoi2LPYsdmI2LEg2YjbjNqY2Ycg2obZhtmEIHYycmF5Tkc4OTlAIiwic2N5IjoiYXV0byIsInNuaSI6ImlubmEuY2ZkIiwidGxzIjoidGxzIiwidHlwZSI6IiIsInYiOiIyIn0=#üåêelectron-v2ray Mar-07-18:00-174
vless://5d0245cd-8412-4a32-b52c-ef810651e651@190.93.247.155:443?mode=gun&security=tls&encryption=none&alpn=h2,http/1.1&fp=chrome&type=grpc&serviceName=@Digiv2ray,@Digiv2ray,@Digiv2ray,@Digiv2ray,&sni=digi--v2raycncfs.RadioTeHran.oRG#üåêelectron-v2ray Mar-07-18:00-175
vless://717284f5-c674-4ffd-a197-ea9786ee3f61@turkws.configforvpn.fun:2087?path=%2F&security=tls&encryption=none&fp=chrome&type=ws&sni=turkws.configforvpn.fun#üåêelectron-v2ray Mar-07-18:00-176
vless://cb211e44-7725-4ddc-b52e-6a0059162fde@discord.gg:443?path=%2F%3Fed%3D2048&security=tls&encryption=none&host=MoZ.SOFt98.dEdyn.Io&fp=chrome&type=ws&sni=moZ.soft98.deDYn.io#üåêelectron-v2ray Mar-07-18:00-177
ar-vless://4O0btxXUgi4Vm5tWIAswQl1yC+zY0Zi5iKmlGFftXATqqNv2DRgexh974Zy/91lE0hvyhaLG99sykBXbL1D7EgBM/ycIXANefM78Fykz1CYAwLwXiNrcAAUIJ313/wKCnC6fTv71tfk7mjZVmmsKYQN9AyO48wDK0ulxUGP75O4hCe5/2mHyuiqqvC7KJy8OpHGcFufNe/PaZxgUANTr3eaTlHTX3no/bwoT7oDkhNwlxqgwZcIidbX9TjAWeikWVlr41f6ztHRVR90BmudtYI8yqrhaAZFeld6PV7/bG44=#üåêelectron-v2ray Mar-07-18:00-178
vless://b75b3034-36ab-4979-beae-3d02db1b11ec@cxc--join.outline-vpn.cloud:443?path=Path%2FTelegram%40V2ray_alpha%2F%3Fed%3D2048&security=tls&encryption=none&host=always-online1.lp-airdrop.top&fp=randomized&type=ws&sni=always-online1.lp-airdrop.top#üåêelectron-v2ray Mar-07-18:00-179
vless://7646b393-88e0-4441-b832-a527ef8d927b@[2600:3c09::f03c:94ff:fe7f:57c7]:3389?encryption=none&security=none&type=tcp&headerType=http&host=telewebion.com#üåêelectron-v2ray Mar-07-18:00-180
trojan://telegram-id-privatevpns@18.133.174.99:22222?security=tls&alpn=http/1.1&headerType=none&type=tcp&sni=trojan.miwan.co.uk#üåêelectron-v2ray Mar-07-18:00-181
vless://c75fdfb7-1ce9-47c5-8c41-d0071fc3cd49@14.102.228.218:2095?path=%2F&security=none&encryption=none&host=ios.net-server.com-mehdi.com-bmi.ir-servers.com-hetzner.net-console.monitor.bmibank-melli-saderat-tejarat-mehr-sepah-Price-New-null-site-an.com&type=ws#üåêelectron-v2ray Mar-07-18:00-182
vless://telegram-id-ArV2ray@www.speedtest.net:80?path=/telegram-ArV2ray,telegram-ArV2ray,telegram-ArV2ray,telegram-ArV2ray,telegram-ArV2ray,telegram-ArV2ray,telegram-ArV2ray,telegram-ArV2ray,telegram-ArV2ray,telegram-ArV2ray,telegram-ArV2ray,telegram-ArV2ray?ed=2048&security=none&encryption=none&host=1ArV2ray.xn--4oq36ed28d.Store.&type=ws#üåêelectron-v2ray Mar-07-18:00-183
vless://2a269c03-fd20-46e2-8464-60b10a244801@104.20.2.1:80?path=%2Fdl%2Findex.php&security=none&encryption=none&host=RFDJCK.%D8%B3%DB%8C%D8%B3%DB%8C.wOrLd&type=ws#üåêelectron-v2ray Mar-07-18:00-184
trojan://telegram-id-privatevpns@51.21.65.132:22222?security=tls&alpn=http/1.1&headerType=none&type=tcp&sni=trojan.miwan.co.uk#üåêelectron-v2ray Mar-07-18:00-185
trojan://telegram-id-privatevpns@34.243.59.192:22222?security=tls&alpn=http/1.1&headerType=none&type=tcp&sni=trojan.miwan.co.uk#üåêelectron-v2ray Mar-07-18:00-186
vless://5d0245cd-8412-4a32-b52c-ef810651e650@190.93.247.155:443?mode=gun&security=tls&encryption=none&alpn=h2,http/1.1&fp=chrome&type=grpc&serviceName=@Digiv2ray,@Digiv2ray,@Digiv2ray,@Digiv2ray,&sni=digi--v2raycncfs.RadioTeHran.oRG#üåêelectron-v2ray Mar-07-18:00-187
vless://b9ad895b-12ac-40fc-a5ac-a5b2a1285001@172.67.183.230:443?path=path%2FTelegram%40SINABIGO%2F%3Fed%3D2048&security=tls&encryption=none&host=3k.pureboy.eu.org&type=ws&sni=3k.pureboy.eu.org#üåêelectron-v2ray Mar-07-18:00-188
ar-vless://rNnPT54W57OHf+t15qtIVX60dV++ZW/Nh5D978J0Wwjp1KbJhs652apFdP99n5FT0hvyhaLG99sykBXbL1D7EgBM/ycIXANefM78Fykz1CYAwLwXiNrcAAUIJ313/wKCnC6fTv71tfk7mjZVmmsKYQN9AyO48wDK0ulxUGP75O4hCe5/2mHyuiqqvC7KJy8OpHGcFufNe/PaZxgUANTr3eaTlHTX3no/bwoT7oDkhNwlxqgwZcIidbX9TjAWeikWVlr41f6ztHRVR90BmudtYHQU5gn4clOuTe2R3RQdQZw=ar-vless://lqMTQMztKKGlQXCluvVXcRQwTSiuRLluj+xmeHR9t2G56nBhWUlTeiT18NJwlPfCdO30nz620rfwXI4wiX/C1zK2wa+mA03k+0zqe2ZBQGsR5C75q3aD+5PTwEh/iKetmSfqgqxUNp9YNIaWtEYuyTSvaO52wuUlDafg0tCisG4jT9KMGsWB6e4OnB4js54FmW4Bp2i4UHe7iYPtMWJDgcemx3UiFmTcrU58Eti8oPMQ8VoKrfE9/XBUmcEzfPPz661duWTDkSbCeqanSyacSoYNJ4dRY9ya+8SrmHVK/Yg=#üåêelectron-v2ray Mar-07-18:00-189
vless://52e194ba-cdf5-4a7d-d146-d8b06f8a698b@51.75.91.144:23300?security=none&encryption=none&headerType=none&type=tcp#üåêelectron-v2ray Mar-07-18:00-190
vless://ffffffff-17ad-45e7-aaa1-f2baaa08e930@141.101.113.89:443?path=%2F%3Fed%3D2048&security=tls&encryption=none&host=watashi.free.hkpublic.moh539.link&type=ws&sni=watashi.free.hkpublic.moh539.link#üåêelectron-v2ray Mar-07-18:00-191
vless://08b58907-305c-4413-86bd-c8855f5bac0b@best.configforvpn.fun:443?path=%2Fcdn&security=tls&encryption=none&alpn=h2,http/1.1&fp=chrome&type=ws&sni=best.configforvpn.fun#üåêelectron-v2ray Mar-07-18:00-192
ss://Y2hhY2hhMjAtaWV0Zi1wb2x5MTMwNTpMUUJyTHo0bHV5OWUxcWc1UzdOV0hN@51.143.138.178:33028#üåêelectron-v2ray Mar-07-18:00-193
trojan://telegram-id-privatevpns@13.37.12.151:22222?security=tls&alpn=http/1.1&headerType=none&type=tcp&sni=trojan.miwan.co.uk#üåêelectron-v2ray Mar-07-18:00-194
vless://04a93bb8-0a5b-4aa8-ab7f-31fc7adab1c1@104.21.28.62:443?path=Telegram+id%3A+%40V2raySeven%2F%3Fed%3D2048&security=tls&encryption=none&host=edgu.pureboy.eu.org&fp=chrome&type=ws&sni=edgu.pureboy.eu.org#üåêelectron-v2ray Mar-07-18:00-195
vless://-DIGIV2RAY@www.speedtest.net:80?path=%2FDigiv2ray-&security=none&encryption=none&host=%C3%A6d%C3%ADg%C3%AD.RadioTeHran.oRG.&type=ws#üåêelectron-v2ray Mar-07-18:00-196
